<html>
<body>
<pre>
<h1>µVision Build Log</h1>
<h2>Tool Versions:</h2>
IDE-Version: ¦ÌVision V5.41.0.0
Copyright (C) 2024 ARM Ltd and ARM Germany GmbH. All rights reserved.
License Information: 1 MOMING, 1, LIC=14HV2-91TXI-568Q2-92FBC-MD3AZ-Z0KWP
 
Tool Versions:
Toolchain:       MDK-ARM Plus  Version: 5.41.0.0
Toolchain Path:  D:\Keil_v5\ARM\ARMCLANG\Bin
C Compiler:      ArmClang.exe V6.22
Assembler:       Armasm.exe V6.22
Linker/Locator:  ArmLink.exe V6.22
Library Manager: ArmAr.exe V6.22
Hex Converter:   FromElf.exe V6.22
CPU DLL:         SARMCM3.DLL V5.41.0.0
Dialog DLL:      DARMSTM.DLL V1.69.1.0
Target DLL:      STLink\ST-LINKIII-KEIL_SWO.dll V3.3.0.0
Dialog DLL:      TARMSTM.DLL V1.67.1.0
 
<h2>Project:</h2>
e:\STM32\FreeRTOS\Template\STM32F4\Project.uvprojx
Project File Date:  05/18/2025

<h2>Output:</h2>
*** Using Compiler 'V6.22', folder: 'D:\Keil_v5\ARM\ARMCLANG\Bin'
Rebuild target 'Target 1'
assembling startup_stm32f446xx.s...
compiling stm32f4xx_dfsdm.c...
compiling system_stm32f4xx.c...
compiling stm32f4xx_crc.c...
compiling stm32f4xx_cec.c...
compiling stm32f4xx_adc.c...
compiling stm32f4xx_can.c...
compiling stm32f4xx_dbgmcu.c...
compiling stm32f4xx_dcmi.c...
compiling stm32f4xx_dac.c...
compiling stm32f4xx_cryp_tdes.c...
compiling stm32f4xx_dsi.c...
compiling stm32f4xx_cryp_des.c...
compiling stm32f4xx_dma2d.c...
compiling stm32f4xx_exti.c...
compiling stm32f4xx_dma.c...
compiling stm32f4xx_cryp.c...
compiling stm32f4xx_flash.c...
compiling stm32f4xx_flash_ramfunc.c...
compiling stm32f4xx_cryp_aes.c...
compiling stm32f4xx_fmpi2c.c...
compiling stm32f4xx_fmc.c...
compiling stm32f4xx_hash_md5.c...
compiling stm32f4xx_hash.c...
compiling stm32f4xx_gpio.c...
compiling stm32f4xx_hash_sha1.c...
compiling stm32f4xx_lptim.c...
compiling stm32f4xx_iwdg.c...
compiling stm32f4xx_rng.c...
compiling stm32f4xx_i2c.c...
compiling stm32f4xx_pwr.c...
compiling stm32f4xx_qspi.c...
compiling stm32f4xx_ltdc.c...
compiling stm32f4xx_rcc.c...
compiling stm32f4xx_sdio.c...
compiling stm32f4xx_sai.c...
compiling stm32f4xx_syscfg.c...
compiling stm32f4xx_spdifrx.c...
compiling stm32f4xx_spi.c...
compiling stm32f4xx_rtc.c...
compiling stm32f4xx_wwdg.c...
compiling misc.c...
compiling KEY.c...
compiling LED.c...
compiling NRF24L01.c...
compiling stm32f4xx_usart.c...
compiling MPU6050.c...
compiling stm32f4xx_tim.c...
compiling ROUKER.c...
compiling LCD_SPI.c...
compiling LCD_Init.c...
compiling W25Q128JV.c...
compiling NRF24L01_SPI.c...
compiling MPU6050_I2C.c...
compiling croutine.c...
compiling TIMERx.c...
compiling USART.c...
compiling W25Q128JV_SPI.c...
compiling list.c...
HardWare/LCD.c(3): warning: In file included from...
HardWare\LCD_Font.h(404): warning: illegal character encoding in string literal [-Winvalid-source-encoding]
  404 | "<D6><D0>",0x20,0x00,0x20,0x00,0x20,0x00,0xFE,0x03,0x22,0x02,0x22,0x02,0x22,0x02,0xFE,0x03,
      |  ^~~~~~~~
HardWare\LCD_Font.h(429): warning: illegal character encoding in string literal [-Winvalid-source-encoding]
  429 | "<B4><F3>",0x00,0x00,0x00,0x00,0x08,0x00,0x00,0x18,0x00,0x00,0x08,0x00,0x00,0x08,0x00,0x00,
      |  ^~~~~~~~
HardWare\LCD_Font.h(444): warning: illegal character encoding in string literal [-Winvalid-source-encoding]
  444 | "<DB><E0>",0x00,0x00,0x00,0x00,0x00,0x00,0x00,0x00,0x00,0x00,0x00,0x00,0x00,0x00,0x00,0x00,
      |  ^~~~~~~~
3 warnings generated.
compiling LCD.c...
compiling event_groups.c...
compiling Delay.c...
compiling port.c...
compiling heap_4.c...
compiling timers.c...
compiling stream_buffer.c...
compiling queue.c...
compiling stm32f4xx_it.c...
compiling tasks.c...
compiling main.c...
linking...
Program Size: Code=15154 RO-data=13806 RW-data=12 ZI-data=78948  
FromELF: creating hex file...
".\Objects\Project.axf" - 0 Error(s), 3 Warning(s).

<h2>Software Packages used:</h2>

Package Vendor: Keil
                https://www.keil.com/pack/Keil.STM32F4xx_DFP.3.0.0.pack
                Keil::STM32F4xx_DFP@3.0.0
                STMicroelectronics STM32F4 Series Device Support

<h2>Collection of Component include folders:</h2>

<h2>Collection of Component Files used:</h2>
Build Time Elapsed:  00:00:03
</pre>
</body>
</html>
