<html>
<body>
<pre>
<h1>�Vision Build Log</h1>
<h2>Tool Versions:</h2>
IDE-Version: ��Vision V5.41.0.0
Copyright (C) 2024 ARM Ltd and ARM Germany GmbH. All rights reserved.
License Information: 1 MOMING, 1, LIC=14HV2-91TXI-568Q2-92FBC-MD3AZ-Z0KWP
 
Tool Versions:
Toolchain:       MDK-ARM Plus  Version: 5.41.0.0
Toolchain Path:  D:\Keil_v5\ARM\ARMCLANG\Bin
C Compiler:      ArmClang.exe V6.22
Assembler:       Armasm.exe V6.22
Linker/Locator:  ArmLink.exe V6.22
Library Manager: ArmAr.exe V6.22
Hex Converter:   FromElf.exe V6.22
CPU DLL:         SARMCM3.DLL V5.41.0.0
Dialog DLL:      DARMSTM.DLL V1.69.1.0
Target DLL:      STLink\ST-LINKIII-KEIL_SWO.dll V3.3.0.0
Dialog DLL:      TARMSTM.DLL V1.67.1.0
 
<h2>Project:</h2>
C:\Users\MOMING\Desktop\STM32F4\Project.uvprojx
Project File Date:  06/13/2025

<h2>Output:</h2>
*** Using Compiler 'V6.22', folder: 'D:\Keil_v5\ARM\ARMCLANG\Bin'
Rebuild target 'Target 1'
assembling startup_stm32f446xx.s...
compiling stm32f4xx_dcmi.c...
compiling stm32f4xx_adc.c...
compiling system_stm32f4xx.c...
compiling stm32f4xx_dac.c...
compiling stm32f4xx_dfsdm.c...
compiling stm32f4xx_cec.c...
compiling stm32f4xx_cryp.c...
compiling stm32f4xx_crc.c...
compiling stm32f4xx_dbgmcu.c...
compiling stm32f4xx_cryp_tdes.c...
compiling stm32f4xx_cryp_des.c...
compiling stm32f4xx_can.c...
compiling stm32f4xx_dsi.c...
compiling stm32f4xx_exti.c...
compiling stm32f4xx_dma2d.c...
compiling stm32f4xx_dma.c...
compiling stm32f4xx_cryp_aes.c...
compiling stm32f4xx_flash_ramfunc.c...
compiling stm32f4xx_flash.c...
compiling stm32f4xx_gpio.c...
compiling stm32f4xx_fmc.c...
compiling stm32f4xx_hash_md5.c...
compiling stm32f4xx_hash.c...
compiling stm32f4xx_fmpi2c.c...
compiling stm32f4xx_hash_sha1.c...
compiling stm32f4xx_lptim.c...
compiling stm32f4xx_iwdg.c...
compiling stm32f4xx_i2c.c...
compiling stm32f4xx_pwr.c...
compiling stm32f4xx_ltdc.c...
compiling stm32f4xx_qspi.c...
compiling stm32f4xx_rng.c...
compiling stm32f4xx_rcc.c...
compiling stm32f4xx_sdio.c...
compiling stm32f4xx_spdifrx.c...
compiling stm32f4xx_sai.c...
compiling stm32f4xx_syscfg.c...
compiling stm32f4xx_spi.c...
compiling stm32f4xx_rtc.c...
compiling stm32f4xx_wwdg.c...
compiling stm32f4xx_usart.c...
compiling misc.c...
compiling LED.c...
compiling KEY.c...
compiling NRF24L01.c...
compiling MPU6050.c...
compiling stm32f4xx_tim.c...
compiling ROUKER.c...
compiling LCD_Init.c...
compiling W25Q128JV.c...
HardWare/LCD_MENU.c(18): warning: illegal character encoding in string literal [-Winvalid-source-encoding]
   18 |         {9, "<D6><F7><B2>˵<A5>", "ҡ<B8><CB>ģʽ",       TYPE_PARAM, NULL, NULL, NULL}, 
      |              ^~~~~~~~~~~~ ~~~~
HardWare/LCD_MENU.c(18): warning: illegal character encoding in string literal [-Winvalid-source-encoding]
   18 |         {9, "<D6><F7><B2>˵<A5>", "ҡ<B8><CB>ģʽ",       TYPE_PARAM, NULL, NULL, NULL}, 
      |                                    ^~~~~~~~
HardWare/LCD_MENU.c(19): warning: illegal character encoding in string literal [-Winvalid-source-encoding]
   19 |         {9, "",           "<B0><B4><BC><FC>ģʽ",   TYPE_PARAM, NULL, NULL, NULL}, 
      |                            ^~~~~~~~~~~~~~~~
HardWare/LCD_MENU.c(20): warning: illegal character encoding in string literal [-Winvalid-source-encoding]
   20 |         {9, "",           "<B1><DC><D5><CF>ģʽ",   TYPE_PARAM, NULL, NULL, NULL}, 
      |                            ^~~~~~~~~~~~~~~~
HardWare/LCD_MENU.c(21): warning: illegal character encoding in string literal [-Winvalid-source-encoding]
   21 |         {9, "",           "<CD><D3><C2><DD><D2><C7>ģʽ",         TYPE_SUBMENU, NULL, GYROSCOPE_MENU, NULL}, 
      |                            ^~~~~~~~~~~~~~~~~~~~~~~~
HardWare/LCD_MENU.c(22): warning: illegal character encoding in string literal [-Winvalid-source-encoding]
   22 |         {9, "",           "<B5>ƹ<E2>չʾ",   TYPE_SUBMENU, NULL, LIGHT_DISPLAY_MENU, NULL}, 
      |                            ^~~~ ~~~~
HardWare/LCD_MENU.c(23): warning: illegal character encoding in string literal [-Winvalid-source-encoding]
   23 |         {9, "",           "<D2><F4><C0>ֲ<A5><B7><C5>",   TYPE_PARAM, NULL, NULL, NULL}, 
      |                            ^~~~~~~~~~~~~~~~~~~~~~~~
HardWare/LCD_MENU.c(24): warning: illegal character encoding in string literal [-Winvalid-source-encoding]
   24 |         {9, "",           "ͼƬ<CF><D4>ʾ",   TYPE_PARAM, NULL, NULL, NULL}, 
      |                              ^~~~~~~~
HardWare/LCD_MENU.c(25): warning: illegal character encoding in string literal [-Winvalid-source-encoding]
   25 |         {9, "",           "<C9><E8><D6><C3>",               TYPE_SUBMENU, NULL, SETTINGS_MENU, NULL}, 
      |                            ^~~~~~~~~~~~~~~~
HardWare/LCD_MENU.c(26): warning: illegal character encoding in string literal [-Winvalid-source-encoding]
   26 |         {9, "",           "<B0><EF><D6><FA>",               TYPE_PARAM, NULL, NULL, NULL}, 
      |                            ^~~~~~~~~~~~~~~~
HardWare/LCD_MENU.c(31): warning: illegal character encoding in string literal [-Winvalid-source-encoding]
   31 |         {10, "<B5>ƹ<E2>չʾ", "<BA><EC>ɫ",  TYPE_PARAM, NULL, NULL, MAIN_MENU}, 
      |               ^~~~ ~~~~
HardWare/LCD_MENU.c(31): warning: illegal character encoding in string literal [-Winvalid-source-encoding]
   31 |         {10, "<B5>ƹ<E2>չʾ", "<BA><EC>ɫ",  TYPE_PARAM, NULL, NULL, MAIN_MENU}, 
      |                              ^~~~~~~~
HardWare/LCD_MENU.c(32): warning: illegal character encoding in string literal [-Winvalid-source-encoding]
   32 |         {10, "",     "<B0><D7>ɫ",     TYPE_PARAM, NULL, NULL, MAIN_MENU}, 
      |                       ^~~~~~~~
HardWare/LCD_MENU.c(33): warning: illegal character encoding in string literal [-Winvalid-source-encoding]
   33 |         {10, "",     "<BB><C6>ɫ",     TYPE_PARAM, NULL, NULL, MAIN_MENU}, 
      |                       ^~~~~~~~
HardWare/LCD_MENU.c(34): warning: illegal character encoding in string literal [-Winvalid-source-encoding]
   34 |         {10, "",     "<C0><B6>ɫ",     TYPE_PARAM, NULL, NULL, MAIN_MENU}, 
      |                       ^~~~~~~~
HardWare/LCD_MENU.c(35): warning: illegal character encoding in string literal [-Winvalid-source-encoding]
   35 |         {10, "",     "<C2><CC>ɫ",     TYPE_PARAM, NULL, NULL, MAIN_MENU}, 
      |                       ^~~~~~~~
HardWare/LCD_MENU.c(36): warning: illegal character encoding in string literal [-Winvalid-source-encoding]
   36 |         {10, "",     "<B3><C8>ɫ",     TYPE_PARAM, NULL, NULL, MAIN_MENU}, 
      |                       ^~~~~~~~
HardWare/LCD_MENU.c(37): warning: illegal character encoding in string literal [-Winvalid-source-encoding]
   37 |         {10, "",     "<D7><CF>ɫ",     TYPE_PARAM, NULL, NULL, MAIN_MENU}, 
      |                       ^~~~~~~~
HardWare/LCD_MENU.c(38): warning: illegal character encoding in string literal [-Winvalid-source-encoding]
   38 |         {10, "",     "<BA><F4><CE><FC><B5><C6>",   TYPE_PARAM, NULL, NULL, MAIN_MENU}, 
      |                       ^~~~~~~~~~~~~~~~~~~~~~~~
HardWare/LCD_MENU.c(39): warning: illegal character encoding in string literal [-Winvalid-source-encoding]
   39 |         {10, "",     "<C1><F7>ˮ<B5><C6>",   TYPE_PARAM, NULL, NULL, MAIN_MENU}, 
      |                       ^~~~~~~~ ~~~~~~~~
HardWare/LCD_MENU.c(40): warning: illegal character encoding in string literal [-Winvalid-source-encoding]
   40 |         {10, "",     "<B2>ʺ<E7>",     TYPE_PARAM, NULL, NULL, MAIN_MENU}, 
      |                       ^~~~ ~~~~
HardWare/LCD_MENU.c(45): warning: illegal character encoding in string literal [-Winvalid-source-encoding]
   45 |         {4, "<C9><E8><D6><C3>","<C6><C1>Ļ<C1><C1><B6><C8>",TYPE_PARAM, NULL, NULL, MAIN_MENU}, 
      |              ^~~~~~~~~~~~~~~~
HardWare/LCD_MENU.c(45): warning: illegal character encoding in string literal [-Winvalid-source-encoding]
   45 |         {4, "<C9><E8><D6><C3>","<C6><C1>Ļ<C1><C1><B6><C8>",TYPE_PARAM, NULL, NULL, MAIN_MENU}, 
      |                                 ^~~~~~~~ ~~~~~~~~~~~~~~~~
HardWare/LCD_MENU.c(46): warning: illegal character encoding in string literal [-Winvalid-source-encoding]
   46 |         {4, "",    "<D3><EF><D1><D4>",      TYPE_PARAM, NULL, NULL, MAIN_MENU}, 
      |                     ^~~~~~~~~~~~~~~~
HardWare/LCD_MENU.c(47): warning: illegal character encoding in string literal [-Winvalid-source-encoding]
   47 |         {4, "",    "<B5><E7><C1><BF>",      TYPE_PARAM, NULL, NULL, MAIN_MENU}, 
      |                     ^~~~~~~~~~~~~~~~
HardWare/LCD_MENU.c(48): warning: illegal character encoding in string literal [-Winvalid-source-encoding]
   48 |         {4, "",    "<B4>洢",      TYPE_PARAM, NULL, NULL, MAIN_MENU}, 
      |                     ^~~~
HardWare/LCD_MENU.c(53): warning: illegal character encoding in string literal [-Winvalid-source-encoding]
   53 |         {2, "<CD><D3><C2><DD><D2><C7>ģʽ",       "<D3>Ż<AF><CF><D4>ʾ",     TYPE_SUBMENU, NULL, NULL, MAIN_MENU}, 
      |              ^~~~~~~~~~~~~~~~~~~~~~~~
HardWare/LCD_MENU.c(53): warning: illegal character encoding in string literal [-Winvalid-source-encoding]
   53 |         {2, "<CD><D3><C2><DD><D2><C7>ģʽ",       "<D3>Ż<AF><CF><D4>ʾ",     TYPE_SUBMENU, NULL, NULL, MAIN_MENU}, 
      |                                                  ^~~~ ~~~~~~~~~~~~
HardWare/LCD_MENU.c(54): warning: illegal character encoding in string literal [-Winvalid-source-encoding]
   54 |         {2, "",                         "<BC><F2><D2><D7><CF><D4>ʾ",     TYPE_SUBMENU, NULL, NULL, MAIN_MENU}, 
      |                                          ^~~~~~~~~~~~~~~~~~~~~~~~
29 warnings generated.
compiling LCD_MENU.c...
compiling LCD_SPI.c...
compiling NRF24L01_SPI.c...
compiling MPU6050_I2C.c...
compiling TIMERx.c...
compiling USART.c...
compiling croutine.c...
compiling W25Q128JV_SPI.c...
compiling list.c...
HardWare/LCD.c(3): warning: In file included from...
HardWare\LCD_Font.h(404): warning: illegal character encoding in string literal [-Winvalid-source-encoding]
  404 | "<D6><D0>",0x20,0x00,0x20,0x00,0x20,0x00,0xFE,0x03,0x22,0x02,0x22,0x02,0x22,0x02,0xFE,0x03,
      |  ^~~~~~~~
HardWare\LCD_Font.h(429): warning: illegal character encoding in string literal [-Winvalid-source-encoding]
  429 | "<B4><F3>",0x00,0x00,0x00,0x00,0x08,0x00,0x00,0x18,0x00,0x00,0x08,0x00,0x00,0x08,0x00,0x00,
      |  ^~~~~~~~
HardWare\LCD_Font.h(444): warning: illegal character encoding in string literal [-Winvalid-source-encoding]
  444 | "<DB><E0>",0x00,0x00,0x00,0x00,0x00,0x00,0x00,0x00,0x00,0x00,0x00,0x00,0x00,0x00,0x00,0x00,
      |  ^~~~~~~~
3 warnings generated.
compiling LCD.c...
compiling Delay.c...
compiling event_groups.c...
compiling stream_buffer.c...
compiling queue.c...
compiling port.c...
compiling timers.c...
compiling heap_4.c...
compiling stm32f4xx_it.c...
compiling tasks.c...
compiling main.c...
linking...
Program Size: Code=22514 RO-data=13982 RW-data=748 ZI-data=79172  
FromELF: creating hex file...
".\Objects\Project.axf" - 0 Error(s), 32 Warning(s).

<h2>Software Packages used:</h2>

Package Vendor: Keil
                https://www.keil.com/pack/Keil.STM32F4xx_DFP.3.0.0.pack
                Keil::STM32F4xx_DFP@3.0.0
                STMicroelectronics STM32F4 Series Device Support

<h2>Collection of Component include folders:</h2>

<h2>Collection of Component Files used:</h2>
Build Time Elapsed:  00:00:03
</pre>
</body>
</html>
