Component: Arm Compiler for Embedded 6.22 Tool: armlink [5ee90200]

==============================================================================

Section Cross References

    startup_stm32f446xx.o(RESET) refers to startup_stm32f446xx.o(STACK) for __initial_sp
    startup_stm32f446xx.o(RESET) refers to startup_stm32f446xx.o(.text) for Reset_Handler
    startup_stm32f446xx.o(RESET) refers to stm32f4xx_it.o(.text.NMI_Handler) for NMI_Handler
    startup_stm32f446xx.o(RESET) refers to stm32f4xx_it.o(.text.HardFault_Handler) for HardFault_Handler
    startup_stm32f446xx.o(RESET) refers to stm32f4xx_it.o(.text.MemManage_Handler) for MemManage_Handler
    startup_stm32f446xx.o(RESET) refers to stm32f4xx_it.o(.text.BusFault_Handler) for BusFault_Handler
    startup_stm32f446xx.o(RESET) refers to stm32f4xx_it.o(.text.UsageFault_Handler) for UsageFault_Handler
    startup_stm32f446xx.o(RESET) refers to port.o(.text.SVC_Handler) for SVC_Handler
    startup_stm32f446xx.o(RESET) refers to stm32f4xx_it.o(.text.DebugMon_Handler) for DebugMon_Handler
    startup_stm32f446xx.o(RESET) refers to port.o(.text.PendSV_Handler) for PendSV_Handler
    startup_stm32f446xx.o(RESET) refers to delay.o(.text.SysTick_Handler) for SysTick_Handler
    startup_stm32f446xx.o(RESET) refers to stm32f4xx_it.o(.text.TIM2_IRQHandler) for TIM2_IRQHandler
    startup_stm32f446xx.o(RESET) refers to usart.o(.text.USART1_IRQHandler) for USART1_IRQHandler
    startup_stm32f446xx.o(.text) refers to system_stm32f4xx.o(.text.SystemInit) for SystemInit
    startup_stm32f446xx.o(.text) refers to entry.o(.ARM.Collect$$$$00000000) for __main
    system_stm32f4xx.o(.ARM.exidx.text.SystemInit) refers to system_stm32f4xx.o(.text.SystemInit) for [Anonymous Symbol]
    system_stm32f4xx.o(.text.SystemCoreClockUpdate) refers to system_stm32f4xx.o(.data.SystemCoreClock) for SystemCoreClock
    system_stm32f4xx.o(.text.SystemCoreClockUpdate) refers to system_stm32f4xx.o(.rodata.AHBPrescTable) for AHBPrescTable
    system_stm32f4xx.o(.ARM.exidx.text.SystemCoreClockUpdate) refers to system_stm32f4xx.o(.text.SystemCoreClockUpdate) for [Anonymous Symbol]
    stm32f4xx_adc.o(.text.ADC_DeInit) refers to stm32f4xx_rcc.o(.text.RCC_APB2PeriphResetCmd) for RCC_APB2PeriphResetCmd
    stm32f4xx_adc.o(.ARM.exidx.text.ADC_DeInit) refers to stm32f4xx_adc.o(.text.ADC_DeInit) for [Anonymous Symbol]
    stm32f4xx_adc.o(.ARM.exidx.text.ADC_Init) refers to stm32f4xx_adc.o(.text.ADC_Init) for [Anonymous Symbol]
    stm32f4xx_adc.o(.ARM.exidx.text.ADC_StructInit) refers to stm32f4xx_adc.o(.text.ADC_StructInit) for [Anonymous Symbol]
    stm32f4xx_adc.o(.ARM.exidx.text.ADC_CommonInit) refers to stm32f4xx_adc.o(.text.ADC_CommonInit) for [Anonymous Symbol]
    stm32f4xx_adc.o(.ARM.exidx.text.ADC_CommonStructInit) refers to stm32f4xx_adc.o(.text.ADC_CommonStructInit) for [Anonymous Symbol]
    stm32f4xx_adc.o(.ARM.exidx.text.ADC_Cmd) refers to stm32f4xx_adc.o(.text.ADC_Cmd) for [Anonymous Symbol]
    stm32f4xx_adc.o(.ARM.exidx.text.ADC_AnalogWatchdogCmd) refers to stm32f4xx_adc.o(.text.ADC_AnalogWatchdogCmd) for [Anonymous Symbol]
    stm32f4xx_adc.o(.ARM.exidx.text.ADC_AnalogWatchdogThresholdsConfig) refers to stm32f4xx_adc.o(.text.ADC_AnalogWatchdogThresholdsConfig) for [Anonymous Symbol]
    stm32f4xx_adc.o(.ARM.exidx.text.ADC_AnalogWatchdogSingleChannelConfig) refers to stm32f4xx_adc.o(.text.ADC_AnalogWatchdogSingleChannelConfig) for [Anonymous Symbol]
    stm32f4xx_adc.o(.ARM.exidx.text.ADC_TempSensorVrefintCmd) refers to stm32f4xx_adc.o(.text.ADC_TempSensorVrefintCmd) for [Anonymous Symbol]
    stm32f4xx_adc.o(.ARM.exidx.text.ADC_VBATCmd) refers to stm32f4xx_adc.o(.text.ADC_VBATCmd) for [Anonymous Symbol]
    stm32f4xx_adc.o(.ARM.exidx.text.ADC_RegularChannelConfig) refers to stm32f4xx_adc.o(.text.ADC_RegularChannelConfig) for [Anonymous Symbol]
    stm32f4xx_adc.o(.ARM.exidx.text.ADC_SoftwareStartConv) refers to stm32f4xx_adc.o(.text.ADC_SoftwareStartConv) for [Anonymous Symbol]
    stm32f4xx_adc.o(.ARM.exidx.text.ADC_GetSoftwareStartConvStatus) refers to stm32f4xx_adc.o(.text.ADC_GetSoftwareStartConvStatus) for [Anonymous Symbol]
    stm32f4xx_adc.o(.ARM.exidx.text.ADC_EOCOnEachRegularChannelCmd) refers to stm32f4xx_adc.o(.text.ADC_EOCOnEachRegularChannelCmd) for [Anonymous Symbol]
    stm32f4xx_adc.o(.ARM.exidx.text.ADC_ContinuousModeCmd) refers to stm32f4xx_adc.o(.text.ADC_ContinuousModeCmd) for [Anonymous Symbol]
    stm32f4xx_adc.o(.ARM.exidx.text.ADC_DiscModeChannelCountConfig) refers to stm32f4xx_adc.o(.text.ADC_DiscModeChannelCountConfig) for [Anonymous Symbol]
    stm32f4xx_adc.o(.ARM.exidx.text.ADC_DiscModeCmd) refers to stm32f4xx_adc.o(.text.ADC_DiscModeCmd) for [Anonymous Symbol]
    stm32f4xx_adc.o(.ARM.exidx.text.ADC_GetConversionValue) refers to stm32f4xx_adc.o(.text.ADC_GetConversionValue) for [Anonymous Symbol]
    stm32f4xx_adc.o(.ARM.exidx.text.ADC_GetMultiModeConversionValue) refers to stm32f4xx_adc.o(.text.ADC_GetMultiModeConversionValue) for [Anonymous Symbol]
[...]
    Removing main.o(.rodata.gImage1_c), (64800 bytes).
    Removing main.o(.rodata.gImage2_c), (64800 bytes).
    Removing main.o(.rodata.gImage3_c), (64800 bytes).
    Removing main.o(.rodata.gImage4_c), (64800 bytes).
    Removing main.o(.rodata.gImage5_c), (41505 bytes).
    Removing main.o(.rodata.gImage5_c1), (41535 bytes).
    Removing main.o(.rodata.gImage6_c), (121520 bytes).
    Removing main.o(.data.current_line), (2 bytes).
    Removing main.o(.ARM.use_no_argv), (4 bytes).
    Removing stm32f4xx_it.o(.text), (0 bytes).
    Removing stm32f4xx_it.o(.ARM.exidx.text.TIM2_IRQHandler), (8 bytes).
    Removing stm32f4xx_it.o(.ARM.exidx.text.NMI_Handler), (8 bytes).
    Removing stm32f4xx_it.o(.ARM.exidx.text.HardFault_Handler), (8 bytes).
    Removing stm32f4xx_it.o(.ARM.exidx.text.MemManage_Handler), (8 bytes).
    Removing stm32f4xx_it.o(.ARM.exidx.text.BusFault_Handler), (8 bytes).
    Removing stm32f4xx_it.o(.ARM.exidx.text.UsageFault_Handler), (8 bytes).
    Removing stm32f4xx_it.o(.ARM.exidx.text.DebugMon_Handler), (8 bytes).
    Removing dadd.o(.text), (334 bytes).
    Removing dmul.o(.text), (228 bytes).
    Removing ddiv.o(.text), (222 bytes).
    Removing dflti.o(.text), (34 bytes).
    Removing dfltui.o(.text), (26 bytes).
    Removing f2d.o(.text), (38 bytes).
    Removing d2f.o(.text), (56 bytes).
    Removing fepilogue.o(.text), (110 bytes).
    Removing depilogue.o(.text), (186 bytes).
    Removing dneg.o(.text), (6 bytes).
    Removing dsqrt.o(.text), (162 bytes).
    Removing dfixul.o(.text), (48 bytes).
    Removing cdcmple.o(.text), (48 bytes).
    Removing cdrcmple.o(.text), (48 bytes).

2145 unused section(s) (total 594757 bytes) removed from the image.

==============================================================================

Image Symbol Table

    Local Symbols

    Symbol Name                              Value     Ov Type        Size  Object(Section)

    ../clib/division.s                       0x00000000   Number         0  aeabi_sdiv.o ABSOLUTE
    ../clib/microlib/division.c              0x00000000   Number         0  uidiv.o ABSOLUTE
    ../clib/microlib/division.c              0x00000000   Number         0  uldiv.o ABSOLUTE
    ../clib/microlib/errno.c                 0x00000000   Number         0  errno.o ABSOLUTE
    ../clib/microlib/init/entry.s            0x00000000   Number         0  entry.o ABSOLUTE
    ../clib/microlib/init/entry.s            0x00000000   Number         0  entry2.o ABSOLUTE
    ../clib/microlib/init/entry.s            0x00000000   Number         0  entry5.o ABSOLUTE
    ../clib/microlib/init/entry.s            0x00000000   Number         0  entry7a.o ABSOLUTE
    ../clib/microlib/init/entry.s            0x00000000   Number         0  entry7b.o ABSOLUTE
    ../clib/microlib/init/entry.s            0x00000000   Number         0  entry8a.o ABSOLUTE
    ../clib/microlib/init/entry.s            0x00000000   Number         0  entry8b.o ABSOLUTE
    ../clib/microlib/init/entry.s            0x00000000   Number         0  entry9a.o ABSOLUTE
    ../clib/microlib/init/entry.s            0x00000000   Number         0  entry9b.o ABSOLUTE
    ../clib/microlib/init/entry.s            0x00000000   Number         0  entry10a.o ABSOLUTE
    ../clib/microlib/init/entry.s            0x00000000   Number         0  entry10b.o ABSOLUTE
    ../clib/microlib/init/entry.s            0x00000000   Number         0  entry11a.o ABSOLUTE
    ../clib/microlib/init/entry.s            0x00000000   Number         0  entry11b.o ABSOLUTE
    ../clib/microlib/longlong.c              0x00000000   Number         0  llshl.o ABSOLUTE
    ../clib/microlib/longlong.c              0x00000000   Number         0  llsshr.o ABSOLUTE
    ../clib/microlib/longlong.c              0x00000000   Number         0  llushr.o ABSOLUTE
    ../clib/microlib/printf/printf.c         0x00000000   Number         0  printfa.o ABSOLUTE
    ../clib/microlib/stdio/streams.c         0x00000000   Number         0  stdout.o ABSOLUTE
    ../clib/microlib/string/memcpy.c         0x00000000   Number         0  memcpya.o ABSOLUTE
    ../clib/microlib/string/memcpy.c         0x00000000   Number         0  memcpyb.o ABSOLUTE
    ../clib/microlib/string/memset.c         0x00000000   Number         0  memseta.o ABSOLUTE
    ../clib/microlib/stubs.s                 0x00000000   Number         0  iusefp.o ABSOLUTE
    ../fplib/microlib/d2f.c                  0x00000000   Number         0  d2f.o ABSOLUTE
    ../fplib/microlib/f2d.c                  0x00000000   Number         0  f2d.o ABSOLUTE
    ../fplib/microlib/fpadd.c                0x00000000   Number         0  dadd.o ABSOLUTE
    ../fplib/microlib/fpdiv.c                0x00000000   Number         0  ddiv.o ABSOLUTE
    ../fplib/microlib/fpepilogue.c           0x00000000   Number         0  fepilogue.o ABSOLUTE
    ../fplib/microlib/fpepilogue.c           0x00000000   Number         0  depilogue.o ABSOLUTE
    ../fplib/microlib/fpfix.c                0x00000000   Number         0  dfixul.o ABSOLUTE
    ../fplib/microlib/fpflt.c                0x00000000   Number         0  dflti.o ABSOLUTE
    ../fplib/microlib/fpflt.c                0x00000000   Number         0  dfltui.o ABSOLUTE
    ../fplib/microlib/fpmul.c                0x00000000   Number         0  dmul.o ABSOLUTE
    ../fplib/microlib/fpneg.c                0x00000000   Number         0  dneg.o ABSOLUTE
    ../fplib/microlib/fpsqrt.c               0x00000000   Number         0  dsqrt.o ABSOLUTE
    ../mathlib/atan.c                        0x00000000   Number         0  atan.o ABSOLUTE
    ../mathlib/atan2.c                       0x00000000   Number         0  atan2.o ABSOLUTE
    ../mathlib/dunder.c                      0x00000000   Number         0  dunder.o ABSOLUTE
    ../mathlib/fabs.c                        0x00000000   Number         0  fabs.o ABSOLUTE
    ../mathlib/fpclassify.c                  0x00000000   Number         0  fpclassify.o ABSOLUTE
    ../mathlib/poly.c                        0x00000000   Number         0  poly.o ABSOLUTE
    ../mathlib/qnan.c                        0x00000000   Number         0  qnan.o ABSOLUTE
    ../mathlib/sqrt.c                        0x00000000   Number         0  sqrt.o ABSOLUTE
    Delay.c                                  0x00000000   Number         0  delay.o ABSOLUTE
    KEY.c                                    0x00000000   Number         0  key.o ABSOLUTE
    LCD.c                                    0x00000000   Number         0  lcd.o ABSOLUTE
    LCD_Init.c                               0x00000000   Number         0  lcd_init.o ABSOLUTE
    LCD_SPI.c                                0x00000000   Number         0  lcd_spi.o ABSOLUTE
    LED.c                                    0x00000000   Number         0  led.o ABSOLUTE
    MPU6050.c                                0x00000000   Number         0  mpu6050.o ABSOLUTE
    MPU6050_I2C.c                            0x00000000   Number         0  mpu6050_i2c.o ABSOLUTE
    NRF24L01.c                               0x00000000   Number         0  nrf24l01.o ABSOLUTE
    NRF24L01_SPI.c                           0x00000000   Number         0  nrf24l01_spi.o ABSOLUTE
    ROUKER.c                                 0x00000000   Number         0  rouker.o ABSOLUTE
    Start\startup_stm32f446xx.s              0x00000000   Number         0  startup_stm32f446xx.o ABSOLUTE
    TIMERx.c                                 0x00000000   Number         0  timerx.o ABSOLUTE
    USART.c                                  0x00000000   Number         0  usart.o ABSOLUTE
    W25Q128JV.c                              0x00000000   Number         0  w25q128jv.o ABSOLUTE
    W25Q128JV_SPI.c                          0x00000000   Number         0  w25q128jv_spi.o ABSOLUTE
    cdcmple.s                                0x00000000   Number         0  cdcmple.o ABSOLUTE
    cdrcmple.s                               0x00000000   Number         0  cdrcmple.o ABSOLUTE
    croutine.c                               0x00000000   Number         0  croutine.o ABSOLUTE
    dc.s                                     0x00000000   Number         0  dc.o ABSOLUTE
    event_groups.c                           0x00000000   Number         0  event_groups.o ABSOLUTE
    handlers.s                               0x00000000   Number         0  handlers.o ABSOLUTE
    heap_4.c                                 0x00000000   Number         0  heap_4.o ABSOLUTE
    init.s                                   0x00000000   Number         0  init.o ABSOLUTE
    list.c                                   0x00000000   Number         0  list.o ABSOLUTE
    main.c                                   0x00000000   Number         0  main.o ABSOLUTE
    misc.c                                   0x00000000   Number         0  misc.o ABSOLUTE
    port.c                                   0x00000000   Number         0  port.o ABSOLUTE
    queue.c                                  0x00000000   Number         0  queue.o ABSOLUTE
    stm32f4xx_adc.c                          0x00000000   Number         0  stm32f4xx_adc.o ABSOLUTE
    stm32f4xx_can.c                          0x00000000   Number         0  stm32f4xx_can.o ABSOLUTE
    stm32f4xx_cec.c                          0x00000000   Number         0  stm32f4xx_cec.o ABSOLUTE
    stm32f4xx_crc.c                          0x00000000   Number         0  stm32f4xx_crc.o ABSOLUTE
    stm32f4xx_cryp.c                         0x00000000   Number         0  stm32f4xx_cryp.o ABSOLUTE
    stm32f4xx_cryp_aes.c                     0x00000000   Number         0  stm32f4xx_cryp_aes.o ABSOLUTE
    stm32f4xx_cryp_des.c                     0x00000000   Number         0  stm32f4xx_cryp_des.o ABSOLUTE
    stm32f4xx_cryp_tdes.c                    0x00000000   Number         0  stm32f4xx_cryp_tdes.o ABSOLUTE
    stm32f4xx_dac.c                          0x00000000   Number         0  stm32f4xx_dac.o ABSOLUTE
    stm32f4xx_dbgmcu.c                       0x00000000   Number         0  stm32f4xx_dbgmcu.o ABSOLUTE
    stm32f4xx_dcmi.c                         0x00000000   Number         0  stm32f4xx_dcmi.o ABSOLUTE
    stm32f4xx_dfsdm.c                        0x00000000   Number         0  stm32f4xx_dfsdm.o ABSOLUTE
    stm32f4xx_dma.c                          0x00000000   Number         0  stm32f4xx_dma.o ABSOLUTE
    stm32f4xx_dma2d.c                        0x00000000   Number         0  stm32f4xx_dma2d.o ABSOLUTE
    stm32f4xx_dsi.c                          0x00000000   Number         0  stm32f4xx_dsi.o ABSOLUTE
    stm32f4xx_exti.c                         0x00000000   Number         0  stm32f4xx_exti.o ABSOLUTE
    stm32f4xx_flash.c                        0x00000000   Number         0  stm32f4xx_flash.o ABSOLUTE
    stm32f4xx_flash_ramfunc.c                0x00000000   Number         0  stm32f4xx_flash_ramfunc.o ABSOLUTE
    stm32f4xx_fmc.c                          0x00000000   Number         0  stm32f4xx_fmc.o ABSOLUTE
    stm32f4xx_fmpi2c.c                       0x00000000   Number         0  stm32f4xx_fmpi2c.o ABSOLUTE
    stm32f4xx_gpio.c                         0x00000000   Number         0  stm32f4xx_gpio.o ABSOLUTE
    stm32f4xx_hash.c                         0x00000000   Number         0  stm32f4xx_hash.o ABSOLUTE
    stm32f4xx_hash_md5.c                     0x00000000   Number         0  stm32f4xx_hash_md5.o ABSOLUTE
    stm32f4xx_hash_sha1.c                    0x00000000   Number         0  stm32f4xx_hash_sha1.o ABSOLUTE
    stm32f4xx_i2c.c                          0x00000000   Number         0  stm32f4xx_i2c.o ABSOLUTE
    stm32f4xx_it.c                           0x00000000   Number         0  stm32f4xx_it.o ABSOLUTE
    stm32f4xx_iwdg.c                         0x00000000   Number         0  stm32f4xx_iwdg.o ABSOLUTE
    stm32f4xx_lptim.c                        0x00000000   Number         0  stm32f4xx_lptim.o ABSOLUTE
    stm32f4xx_ltdc.c                         0x00000000   Number         0  stm32f4xx_ltdc.o ABSOLUTE
    stm32f4xx_pwr.c                          0x00000000   Number         0  stm32f4xx_pwr.o ABSOLUTE
    stm32f4xx_qspi.c                         0x00000000   Number         0  stm32f4xx_qspi.o ABSOLUTE
    stm32f4xx_rcc.c                          0x00000000   Number         0  stm32f4xx_rcc.o ABSOLUTE
    stm32f4xx_rng.c                          0x00000000   Number         0  stm32f4xx_rng.o ABSOLUTE
    stm32f4xx_rtc.c                          0x00000000   Number         0  stm32f4xx_rtc.o ABSOLUTE
    stm32f4xx_sai.c                          0x00000000   Number         0  stm32f4xx_sai.o ABSOLUTE
    stm32f4xx_sdio.c                         0x00000000   Number         0  stm32f4xx_sdio.o ABSOLUTE
    stm32f4xx_spdifrx.c                      0x00000000   Number         0  stm32f4xx_spdifrx.o ABSOLUTE
    stm32f4xx_spi.c                          0x00000000   Number         0  stm32f4xx_spi.o ABSOLUTE
    stm32f4xx_syscfg.c                       0x00000000   Number         0  stm32f4xx_syscfg.o ABSOLUTE
    stm32f4xx_tim.c                          0x00000000   Number         0  stm32f4xx_tim.o ABSOLUTE
    stm32f4xx_usart.c                        0x00000000   Number         0  stm32f4xx_usart.o ABSOLUTE
    stm32f4xx_wwdg.c                         0x00000000   Number         0  stm32f4xx_wwdg.o ABSOLUTE
    stream_buffer.c                          0x00000000   Number         0  stream_buffer.o ABSOLUTE
    system_stm32f4xx.c                       0x00000000   Number         0  system_stm32f4xx.o ABSOLUTE
    tasks.c                                  0x00000000   Number         0  tasks.o ABSOLUTE
    timers.c                                 0x00000000   Number         0  timers.o ABSOLUTE
    RESET                                    0x08000000   Section      452  startup_stm32f446xx.o(RESET)
    .ARM.Collect$$$$00000000                 0x080001c4   Section        0  entry.o(.ARM.Collect$$$$00000000)
    .ARM.Collect$$$$00000001                 0x080001c4   Section        4  entry2.o(.ARM.Collect$$$$00000001)
    .ARM.Collect$$$$00000004                 0x080001c8   Section        4  entry5.o(.ARM.Collect$$$$00000004)
    .ARM.Collect$$$$00000008                 0x080001cc   Section        0  entry7b.o(.ARM.Collect$$$$00000008)
    .ARM.Collect$$$$0000000A                 0x080001cc   Section        0  entry8b.o(.ARM.Collect$$$$0000000A)
    .ARM.Collect$$$$0000000B                 0x080001cc   Section        8  entry9a.o(.ARM.Collect$$$$0000000B)
    __lit__00000000                          0x080001d4   Data           4  entry2.o(.ARM.Collect$$$$00002712)
    .ARM.Collect$$$$0000000D                 0x080001d4   Section        0  entry10a.o(.ARM.Collect$$$$0000000D)
    .ARM.Collect$$$$0000000F                 0x080001d4   Section        0  entry11a.o(.ARM.Collect$$$$0000000F)
    .ARM.Collect$$$$00002712                 0x080001d4   Section        4  entry2.o(.ARM.Collect$$$$00002712)
    $v0                                      0x080001d8   Number         0  startup_stm32f446xx.o(.text)
    .text                                    0x080001d8   Section       36  startup_stm32f446xx.o(.text)
    .text                                    0x080001fc   Section        0  memcpya.o(.text)
    .text                                    0x08000220   Section        0  memseta.o(.text)
    .text                                    0x08000244   Section       48  init.o(.text)
    [Anonymous Symbol]                       0x08000274   Section        0  stm32f4xx_it.o(.text.BusFault_Handler)
    [Anonymous Symbol]                       0x08000278   Section        0  stm32f4xx_it.o(.text.DebugMon_Handler)
    [Anonymous Symbol]                       0x0800027c   Section        0  delay.o(.text.Delay_Init)
    [Anonymous Symbol]                       0x080002dc   Section        0  delay.o(.text.Delay_ms)
    [Anonymous Symbol]                       0x0800033c   Section        0  delay.o(.text.Delay_us)
    [Anonymous Symbol]                       0x08000378   Section        0  stm32f4xx_gpio.o(.text.GPIO_Init)
    [Anonymous Symbol]                       0x08000404   Section        0  stm32f4xx_gpio.o(.text.GPIO_PinAFConfig)
    [Anonymous Symbol]                       0x0800042c   Section        0  stm32f4xx_gpio.o(.text.GPIO_ReadInputDataBit)
    [Anonymous Symbol]                       0x08000438   Section        0  stm32f4xx_gpio.o(.text.GPIO_ResetBits)
    [Anonymous Symbol]                       0x08000440   Section        0  stm32f4xx_gpio.o(.text.GPIO_SetBits)
    [Anonymous Symbol]                       0x08000444   Section        0  stm32f4xx_gpio.o(.text.GPIO_WriteBit)
    [Anonymous Symbol]                       0x08000450   Section        0  stm32f4xx_it.o(.text.HardFault_Handler)
    [Anonymous Symbol]                       0x08000454   Section        0  key.o(.text.KEY_Init)
    [Anonymous Symbol]                       0x080004a8   Section        0  key.o(.text.KEY_Tick)
    [Anonymous Symbol]                       0x080005c8   Section        0  lcd_init.o(.text.LCD_Address_Set)
    [Anonymous Symbol]                       0x08000788   Section        0  lcd.o(.text.LCD_Fill)
    [Anonymous Symbol]                       0x080007d8   Section        0  lcd_init.o(.text.LCD_Init)
    [Anonymous Symbol]                       0x08001098   Section        0  lcd_spi.o(.text.LCD_SPI_WriteByte)
    [Anonymous Symbol]                       0x080010c8   Section        0  lcd_spi.o(.text.LCD_SPIx_Init)
    [Anonymous Symbol]                       0x0800115c   Section        0  lcd.o(.text.LCD_ShowChar)
    [Anonymous Symbol]                       0x080012c4   Section        0  lcd.o(.text.LCD_ShowIntNum)
    [Anonymous Symbol]                       0x0800137c   Section        0  lcd.o(.text.LCD_ShowString)
    [Anonymous Symbol]                       0x080013c4   Section        0  lcd_init.o(.text.LCD_WR_DATA)
    [Anonymous Symbol]                       0x08001418   Section        0  led.o(.text.LED_Init)
    [Anonymous Symbol]                       0x08001474   Section        0  led.o(.text.LED_SetMode)
    [Anonymous Symbol]                       0x08001498   Section        0  led.o(.text.LED_Tick)
    [Anonymous Symbol]                       0x080016ac   Section        0  stm32f4xx_it.o(.text.MemManage_Handler)
    [Anonymous Symbol]                       0x080016b0   Section        0  stm32f4xx_it.o(.text.NMI_Handler)
    [Anonymous Symbol]                       0x080016b4   Section        0  misc.o(.text.NVIC_Init)
    [Anonymous Symbol]                       0x08001718   Section        0  misc.o(.text.NVIC_PriorityGroupConfig)
    [Anonymous Symbol]                       0x08001730   Section        0  port.o(.text.PendSV_Handler)
    pxCurrentTCBConst                        0x08001790   Number         0  port.o(.text.PendSV_Handler)
    [Anonymous Symbol]                       0x08001794   Section        0  stm32f4xx_rcc.o(.text.RCC_AHB1PeriphClockCmd)
    [Anonymous Symbol]                       0x080017ac   Section        0  stm32f4xx_rcc.o(.text.RCC_APB1PeriphClockCmd)
    [Anonymous Symbol]                       0x080017c4   Section        0  stm32f4xx_rcc.o(.text.RCC_APB2PeriphClockCmd)
    [Anonymous Symbol]                       0x080017dc   Section        0  stm32f4xx_rcc.o(.text.RCC_GetClocksFreq)
    [Anonymous Symbol]                       0x080018b4   Section        0  stm32f4xx_spi.o(.text.SPI_Cmd)
    [Anonymous Symbol]                       0x080018c8   Section        0  stm32f4xx_spi.o(.text.SPI_I2S_GetFlagStatus)
    [Anonymous Symbol]                       0x080018d4   Section        0  stm32f4xx_spi.o(.text.SPI_I2S_SendData)
    [Anonymous Symbol]                       0x080018d8   Section        0  stm32f4xx_spi.o(.text.SPI_Init)
    [Anonymous Symbol]                       0x08001920   Section        0  port.o(.text.SVC_Handler)
    pxCurrentTCBConst2                       0x08001940   Number         0  port.o(.text.SVC_Handler)
    [Anonymous Symbol]                       0x08001944   Section        0  misc.o(.text.SysTick_CLKSourceConfig)
    [Anonymous Symbol]                       0x0800195c   Section        0  delay.o(.text.SysTick_Handler)
    [Anonymous Symbol]                       0x08001970   Section        0  main.o(.text.SystemCreatTask)
    [Anonymous Symbol]                       0x08001a00   Section        0  system_stm32f4xx.o(.text.SystemInit)
    [Anonymous Symbol]                       0x08001b1c   Section        0  stm32f4xx_it.o(.text.TIM2_IRQHandler)
    [Anonymous Symbol]                       0x08001b44   Section        0  timerx.o(.text.TIMEx_Init)
    [Anonymous Symbol]                       0x08001bac   Section        0  stm32f4xx_tim.o(.text.TIM_ClearFlag)
    [Anonymous Symbol]                       0x08001bb4   Section        0  stm32f4xx_tim.o(.text.TIM_ClearITPendingBit)
    [Anonymous Symbol]                       0x08001bbc   Section        0  stm32f4xx_tim.o(.text.TIM_Cmd)
    [Anonymous Symbol]                       0x08001bd0   Section        0  stm32f4xx_tim.o(.text.TIM_GetITStatus)
    [Anonymous Symbol]                       0x08001be8   Section        0  stm32f4xx_tim.o(.text.TIM_ITConfig)
    [Anonymous Symbol]                       0x08001bf8   Section        0  stm32f4xx_tim.o(.text.TIM_InternalClockConfig)
    [Anonymous Symbol]                       0x08001c04   Section        0  stm32f4xx_tim.o(.text.TIM_TimeBaseInit)
    [Anonymous Symbol]                       0x08001c98   Section        0  main.o(.text.Task1)
    [Anonymous Symbol]                       0x08001e70   Section        0  main.o(.text.Task2)
    [Anonymous Symbol]                       0x08001e98   Section        0  usart.o(.text.USART1_IRQHandler)
    [Anonymous Symbol]                       0x08001f44   Section        0  stm32f4xx_usart.o(.text.USART_ClearITPendingBit)
    [Anonymous Symbol]                       0x08001f54   Section        0  stm32f4xx_usart.o(.text.USART_Cmd)
    [Anonymous Symbol]                       0x08001f68   Section        0  stm32f4xx_usart.o(.text.USART_GetITStatus)
    [Anonymous Symbol]                       0x08001f94   Section        0  stm32f4xx_usart.o(.text.USART_Init)
    [Anonymous Symbol]                       0x0800204c   Section        0  stm32f4xx_usart.o(.text.USART_ReceiveData)
    [Anonymous Symbol]                       0x08002054   Section        0  stm32f4xx_it.o(.text.UsageFault_Handler)
    [Anonymous Symbol]                       0x08002058   Section        0  usart.o(.text.Usart_Init)
    [Anonymous Symbol]                       0x080020d8   Section        0  w25q128jv_spi.o(.text.W25Q128JV_Config_Init)
    [Anonymous Symbol]                       0x0800218c   Section        0  w25q128jv.o(.text.W25Q128JV_Init)
    [Anonymous Symbol]                       0x08002190   Section        0  main.o(.text.main)
    prvAddCurrentTaskToDelayedList           0x08002209   Thumb Code   192  tasks.o(.text.prvAddCurrentTaskToDelayedList)
    [Anonymous Symbol]                       0x08002208   Section        0  tasks.o(.text.prvAddCurrentTaskToDelayedList)
    prvCheckForValidListAndQueue             0x080022c9   Thumb Code   104  timers.o(.text.prvCheckForValidListAndQueue)
    [Anonymous Symbol]                       0x080022c8   Section        0  timers.o(.text.prvCheckForValidListAndQueue)
    prvIdleTask                              0x08002339   Thumb Code   118  tasks.o(.text.prvIdleTask)
    [Anonymous Symbol]                       0x08002338   Section        0  tasks.o(.text.prvIdleTask)
    prvPortStartFirstTask                    0x080023b1   Thumb Code    40  port.o(.text.prvPortStartFirstTask)
    [Anonymous Symbol]                       0x080023b0   Section        0  port.o(.text.prvPortStartFirstTask)
    prvProcessExpiredTimer                   0x080023d9   Thumb Code   124  timers.o(.text.prvProcessExpiredTimer)
    [Anonymous Symbol]                       0x080023d8   Section        0  timers.o(.text.prvProcessExpiredTimer)
    prvTaskExitError                         0x08002455   Thumb Code    50  port.o(.text.prvTaskExitError)
    [Anonymous Symbol]                       0x08002454   Section        0  port.o(.text.prvTaskExitError)
    prvTimerTask                             0x08002489   Thumb Code   558  timers.o(.text.prvTimerTask)
    [Anonymous Symbol]                       0x08002488   Section        0  timers.o(.text.prvTimerTask)
    prvUnlockQueue                           0x080026b9   Thumb Code   116  queue.o(.text.prvUnlockQueue)
    [Anonymous Symbol]                       0x080026b8   Section        0  queue.o(.text.prvUnlockQueue)
    [Anonymous Symbol]                       0x0800272c   Section        0  heap_4.o(.text.pvPortMalloc)
    [Anonymous Symbol]                       0x080028b0   Section        0  port.o(.text.pxPortInitialiseStack)
    [Anonymous Symbol]                       0x080028d4   Section        0  list.o(.text.uxListRemove)
    [Anonymous Symbol]                       0x080028f8   Section        0  key.o(.text.vKey_ReadTask)
    [Anonymous Symbol]                       0x08002934   Section        0  list.o(.text.vListInitialise)
    [Anonymous Symbol]                       0x0800294c   Section        0  list.o(.text.vListInitialiseItem)
    [Anonymous Symbol]                       0x08002954   Section        0  list.o(.text.vListInsert)
    [Anonymous Symbol]                       0x08002990   Section        0  list.o(.text.vListInsertEnd)
    vPortEnableVFP                           0x080029ad   Thumb Code    20  port.o(.text.vPortEnableVFP)
    [Anonymous Symbol]                       0x080029ac   Section        0  port.o(.text.vPortEnableVFP)
    [Anonymous Symbol]                       0x080029c0   Section        0  port.o(.text.vPortEnterCritical)
    [Anonymous Symbol]                       0x08002a08   Section        0  port.o(.text.vPortExitCritical)
    [Anonymous Symbol]                       0x08002a38   Section        0  heap_4.o(.text.vPortFree)
    [Anonymous Symbol]                       0x08002afc   Section        0  port.o(.text.vPortSetupTimerInterrupt)
    [Anonymous Symbol]                       0x08002b30   Section        0  queue.o(.text.vQueueAddToRegistry)
    [Anonymous Symbol]                       0x08002b8c   Section        0  queue.o(.text.vQueueWaitForMessageRestricted)
    [Anonymous Symbol]                       0x08002bd4   Section        0  tasks.o(.text.vTaskDelay)
    [Anonymous Symbol]                       0x08002c98   Section        0  tasks.o(.text.vTaskDelete)
    [Anonymous Symbol]                       0x08002dbc   Section        0  tasks.o(.text.vTaskInternalSetTimeOutState)
    [Anonymous Symbol]                       0x08002dd8   Section        0  tasks.o(.text.vTaskMissedYield)
    [Anonymous Symbol]                       0x08002de8   Section        0  tasks.o(.text.vTaskPlaceOnEventList)
    [Anonymous Symbol]                       0x08002e20   Section        0  tasks.o(.text.vTaskPlaceOnEventListRestricted)
    [Anonymous Symbol]                       0x08002e94   Section        0  tasks.o(.text.vTaskStartScheduler)
    [Anonymous Symbol]                       0x08002f30   Section        0  tasks.o(.text.vTaskSuspendAll)
    __tagsym$$used.0                         0x08002f40   Number         0  tasks.o(.text.vTaskSwitchContext)
    [Anonymous Symbol]                       0x08002f40   Section        0  tasks.o(.text.vTaskSwitchContext)
    [Anonymous Symbol]                       0x08002fc8   Section        0  port.o(.text.xPortStartScheduler)
    [Anonymous Symbol]                       0x080030f8   Section        0  port.o(.text.xPortSysTickHandler)
    [Anonymous Symbol]                       0x08003128   Section        0  queue.o(.text.xQueueGenericCreate)
    [Anonymous Symbol]                       0x080031bc   Section        0  queue.o(.text.xQueueReceive)
    [Anonymous Symbol]                       0x08003364   Section        0  tasks.o(.text.xTaskCheckForTimeOut)
    [Anonymous Symbol]                       0x080033f0   Section        0  tasks.o(.text.xTaskCreate)
    [Anonymous Symbol]                       0x080035ec   Section        0  tasks.o(.text.xTaskGenericNotify)
    [Anonymous Symbol]                       0x0800375c   Section        0  tasks.o(.text.xTaskGenericNotifyWait)
    [Anonymous Symbol]                       0x08003820   Section        0  tasks.o(.text.xTaskGetSchedulerState)
    [Anonymous Symbol]                       0x08003848   Section        0  tasks.o(.text.xTaskGetTickCount)
    [Anonymous Symbol]                       0x08003854   Section        0  tasks.o(.text.xTaskIncrementTick)
    [Anonymous Symbol]                       0x08003a10   Section        0  tasks.o(.text.xTaskRemoveFromEventList)
    [Anonymous Symbol]                       0x08003af8   Section        0  tasks.o(.text.xTaskResumeAll)
    [Anonymous Symbol]                       0x08003c78   Section        0  timers.o(.text.xTimerCreateTimerTask)
    i.__scatterload_copy                     0x08003cd8   Section       14  handlers.o(i.__scatterload_copy)
    i.__scatterload_null                     0x08003ce6   Section        2  handlers.o(i.__scatterload_null)
    i.__scatterload_zeroinit                 0x08003ce8   Section       14  handlers.o(i.__scatterload_zeroinit)
    APBAHBPrescTable                         0x08003cf6   Data          16  stm32f4xx_rcc.o(.rodata.APBAHBPrescTable)
    [Anonymous Symbol]                       0x08003cf6   Section        0  stm32f4xx_rcc.o(.rodata.APBAHBPrescTable)
    uxCriticalNesting                        0x20000008   Data           4  port.o(.data.uxCriticalNesting)
    [Anonymous Symbol]                       0x20000008   Section        0  port.o(.data.uxCriticalNesting)
    KEY_Tick.Count                           0x20000010   Data           1  key.o(.bss.KEY_Tick.Count)
    [Anonymous Symbol]                       0x20000010   Section        0  key.o(.bss.KEY_Tick.Count)
    KEY_Tick.CurrentState                    0x20000011   Data           1  key.o(.bss.KEY_Tick.CurrentState)
    [Anonymous Symbol]                       0x20000011   Section        0  key.o(.bss.KEY_Tick.CurrentState)
    KEY_Tick.PrevState                       0x20000012   Data           1  key.o(.bss.KEY_Tick.PrevState)
    [Anonymous Symbol]                       0x20000012   Section        0  key.o(.bss.KEY_Tick.PrevState)
    USART1_IRQHandler.RX_State               0x20000040   Data           1  usart.o(.bss.USART1_IRQHandler.RX_State)
    [Anonymous Symbol]                       0x20000040   Section        0  usart.o(.bss.USART1_IRQHandler.RX_State)
    USART1_IRQHandler.RX_packet              0x20000041   Data           1  usart.o(.bss.USART1_IRQHandler.RX_packet)
    [Anonymous Symbol]                       0x20000041   Section        0  usart.o(.bss.USART1_IRQHandler.RX_packet)
    fac_ms                                   0x200000a8   Data           1  delay.o(.bss.fac_ms)
    [Anonymous Symbol]                       0x200000a8   Section        0  delay.o(.bss.fac_ms)
    fac_us                                   0x200000ac   Data           4  delay.o(.bss.fac_us)
    [Anonymous Symbol]                       0x200000ac   Section        0  delay.o(.bss.fac_us)
    prvSampleTimeNow.xLastTime               0x200000b0   Data           4  timers.o(.bss.prvSampleTimeNow.xLastTime)
    [Anonymous Symbol]                       0x200000b0   Section        0  timers.o(.bss.prvSampleTimeNow.xLastTime)
    __tagsym$$used.1                         0x200000b4   Number         0  tasks.o(.bss.pxCurrentTCB)
    pxCurrentTimerList                       0x200000b8   Data           4  timers.o(.bss.pxCurrentTimerList)
    [Anonymous Symbol]                       0x200000b8   Section        0  timers.o(.bss.pxCurrentTimerList)
    pxDelayedTaskList                        0x200000bc   Data           4  tasks.o(.bss.pxDelayedTaskList)
    [Anonymous Symbol]                       0x200000bc   Section        0  tasks.o(.bss.pxDelayedTaskList)
    pxEnd                                    0x200000c0   Data           4  heap_4.o(.bss.pxEnd)
    [Anonymous Symbol]                       0x200000c0   Section        0  heap_4.o(.bss.pxEnd)
    pxOverflowDelayedTaskList                0x200000c4   Data           4  tasks.o(.bss.pxOverflowDelayedTaskList)
    [Anonymous Symbol]                       0x200000c4   Section        0  tasks.o(.bss.pxOverflowDelayedTaskList)
    pxOverflowTimerList                      0x200000c8   Data           4  timers.o(.bss.pxOverflowTimerList)
    [Anonymous Symbol]                       0x200000c8   Section        0  timers.o(.bss.pxOverflowTimerList)
    pxReadyTasksLists                        0x200000cc   Data         640  tasks.o(.bss.pxReadyTasksLists)
    [Anonymous Symbol]                       0x200000cc   Section        0  tasks.o(.bss.pxReadyTasksLists)
    ucHeap                                   0x2000034c   Data       76800  heap_4.o(.bss.ucHeap)
    [Anonymous Symbol]                       0x2000034c   Section        0  heap_4.o(.bss.ucHeap)
    ucMaxSysCallPriority                     0x20012f4c   Data           1  port.o(.bss.ucMaxSysCallPriority)
    [Anonymous Symbol]                       0x20012f4c   Section        0  port.o(.bss.ucMaxSysCallPriority)
    ulMaxPRIGROUPValue                       0x20012f50   Data           4  port.o(.bss.ulMaxPRIGROUPValue)
    [Anonymous Symbol]                       0x20012f50   Section        0  port.o(.bss.ulMaxPRIGROUPValue)
    uxCurrentNumberOfTasks                   0x20012f54   Data           4  tasks.o(.bss.uxCurrentNumberOfTasks)
    [Anonymous Symbol]                       0x20012f54   Section        0  tasks.o(.bss.uxCurrentNumberOfTasks)
    uxDeletedTasksWaitingCleanUp             0x20012f58   Data           4  tasks.o(.bss.uxDeletedTasksWaitingCleanUp)
    [Anonymous Symbol]                       0x20012f58   Section        0  tasks.o(.bss.uxDeletedTasksWaitingCleanUp)
    uxSchedulerSuspended                     0x20012f5c   Data           4  tasks.o(.bss.uxSchedulerSuspended)
    [Anonymous Symbol]                       0x20012f5c   Section        0  tasks.o(.bss.uxSchedulerSuspended)
    uxTaskNumber                             0x20012f60   Data           4  tasks.o(.bss.uxTaskNumber)
    [Anonymous Symbol]                       0x20012f60   Section        0  tasks.o(.bss.uxTaskNumber)
    uxTopReadyPriority                       0x20012f64   Data           4  tasks.o(.bss.uxTopReadyPriority)
    [Anonymous Symbol]                       0x20012f64   Section        0  tasks.o(.bss.uxTopReadyPriority)
    xActiveTimerList1                        0x20012f68   Data          20  timers.o(.bss.xActiveTimerList1)
    [Anonymous Symbol]                       0x20012f68   Section        0  timers.o(.bss.xActiveTimerList1)
    xActiveTimerList2                        0x20012f7c   Data          20  timers.o(.bss.xActiveTimerList2)
    [Anonymous Symbol]                       0x20012f7c   Section        0  timers.o(.bss.xActiveTimerList2)
    xDelayedTaskList1                        0x20012f90   Data          20  tasks.o(.bss.xDelayedTaskList1)
    [Anonymous Symbol]                       0x20012f90   Section        0  tasks.o(.bss.xDelayedTaskList1)
    xDelayedTaskList2                        0x20012fa4   Data          20  tasks.o(.bss.xDelayedTaskList2)
    [Anonymous Symbol]                       0x20012fa4   Section        0  tasks.o(.bss.xDelayedTaskList2)
    xFreeBytesRemaining                      0x20012fb8   Data           4  heap_4.o(.bss.xFreeBytesRemaining)
    [Anonymous Symbol]                       0x20012fb8   Section        0  heap_4.o(.bss.xFreeBytesRemaining)
    xIdleTaskHandle                          0x20012fbc   Data           4  tasks.o(.bss.xIdleTaskHandle)
    [Anonymous Symbol]                       0x20012fbc   Section        0  tasks.o(.bss.xIdleTaskHandle)
    xMinimumEverFreeBytesRemaining           0x20012fc0   Data           4  heap_4.o(.bss.xMinimumEverFreeBytesRemaining)
    [Anonymous Symbol]                       0x20012fc0   Section        0  heap_4.o(.bss.xMinimumEverFreeBytesRemaining)
    xNextTaskUnblockTime                     0x20012fc4   Data           4  tasks.o(.bss.xNextTaskUnblockTime)
    [Anonymous Symbol]                       0x20012fc4   Section        0  tasks.o(.bss.xNextTaskUnblockTime)
    xNumOfOverflows                          0x20012fc8   Data           4  tasks.o(.bss.xNumOfOverflows)
    [Anonymous Symbol]                       0x20012fc8   Section        0  tasks.o(.bss.xNumOfOverflows)
    xNumberOfSuccessfulAllocations           0x20012fcc   Data           4  heap_4.o(.bss.xNumberOfSuccessfulAllocations)
    [Anonymous Symbol]                       0x20012fcc   Section        0  heap_4.o(.bss.xNumberOfSuccessfulAllocations)
    xNumberOfSuccessfulFrees                 0x20012fd0   Data           4  heap_4.o(.bss.xNumberOfSuccessfulFrees)
    [Anonymous Symbol]                       0x20012fd0   Section        0  heap_4.o(.bss.xNumberOfSuccessfulFrees)
    xPendedTicks                             0x20012fd4   Data           4  tasks.o(.bss.xPendedTicks)
    [Anonymous Symbol]                       0x20012fd4   Section        0  tasks.o(.bss.xPendedTicks)
    xPendingReadyList                        0x20012fd8   Data          20  tasks.o(.bss.xPendingReadyList)
    [Anonymous Symbol]                       0x20012fd8   Section        0  tasks.o(.bss.xPendingReadyList)
    xSchedulerRunning                        0x2001302c   Data           4  tasks.o(.bss.xSchedulerRunning)
    [Anonymous Symbol]                       0x2001302c   Section        0  tasks.o(.bss.xSchedulerRunning)
    xStart                                   0x20013030   Data           8  heap_4.o(.bss.xStart)
    [Anonymous Symbol]                       0x20013030   Section        0  heap_4.o(.bss.xStart)
    xSuspendedTaskList                       0x20013038   Data          20  tasks.o(.bss.xSuspendedTaskList)
    [Anonymous Symbol]                       0x20013038   Section        0  tasks.o(.bss.xSuspendedTaskList)
    xTasksWaitingTermination                 0x2001304c   Data          20  tasks.o(.bss.xTasksWaitingTermination)
    [Anonymous Symbol]                       0x2001304c   Section        0  tasks.o(.bss.xTasksWaitingTermination)
    xTickCount                               0x20013060   Data           4  tasks.o(.bss.xTickCount)
    [Anonymous Symbol]                       0x20013060   Section        0  tasks.o(.bss.xTickCount)
    xTimerQueue                              0x20013064   Data           4  timers.o(.bss.xTimerQueue)
    [Anonymous Symbol]                       0x20013064   Section        0  timers.o(.bss.xTimerQueue)
    xTimerTaskHandle                         0x20013068   Data           4  timers.o(.bss.xTimerTaskHandle)
    [Anonymous Symbol]                       0x20013068   Section        0  timers.o(.bss.xTimerTaskHandle)
    xYieldPending                            0x2001306c   Data           4  tasks.o(.bss.xYieldPending)
    [Anonymous Symbol]                       0x2001306c   Section        0  tasks.o(.bss.xYieldPending)
    STACK                                    0x20013070   Section     1024  startup_stm32f446xx.o(STACK)

    Global Symbols

    Symbol Name                              Value     Ov Type        Size  Object(Section)

    BuildAttributes$$THM_ISAv4$E$P$D$K$B$S$7EM$VFPi3$EXTD16$VFPS$VFMA$PE$A:L22UL41UL21$X:L11$S22US41US21$IEEE1$IW$~IW$USESV6$~STKCKD$USESV7$~SHL$OTIME$ROPI$IEEEX$EBA8$MICROLIB$REQ8$PRES8$EABIv2 0x00000000   Number         0  anon$$obj.o ABSOLUTE
    __cpp_initialize__aeabi_                  - Undefined Weak Reference
    __cxa_finalize                            - Undefined Weak Reference
    __decompress                              - Undefined Weak Reference
    _clock_init                               - Undefined Weak Reference
    _microlib_exit                            - Undefined Weak Reference
    __Vectors_Size                           0x000001c4   Number         0  startup_stm32f446xx.o ABSOLUTE
    __Vectors                                0x08000000   Data           4  startup_stm32f446xx.o(RESET)
    __Vectors_End                            0x080001c4   Data           0  startup_stm32f446xx.o(RESET)
    __main                                   0x080001c5   Thumb Code     0  entry.o(.ARM.Collect$$$$00000000)
    _main_stk                                0x080001c5   Thumb Code     0  entry2.o(.ARM.Collect$$$$00000001)
    _main_scatterload                        0x080001c9   Thumb Code     0  entry5.o(.ARM.Collect$$$$00000004)
    __main_after_scatterload                 0x080001cd   Thumb Code     0  entry5.o(.ARM.Collect$$$$00000004)
    _main_clock                              0x080001cd   Thumb Code     0  entry7b.o(.ARM.Collect$$$$00000008)
    _main_cpp_init                           0x080001cd   Thumb Code     0  entry8b.o(.ARM.Collect$$$$0000000A)
    _main_init                               0x080001cd   Thumb Code     0  entry9a.o(.ARM.Collect$$$$0000000B)
    __rt_final_cpp                           0x080001d5   Thumb Code     0  entry10a.o(.ARM.Collect$$$$0000000D)
    __rt_final_exit                          0x080001d5   Thumb Code     0  entry11a.o(.ARM.Collect$$$$0000000F)
    Reset_Handler                            0x080001d9   Thumb Code     8  startup_stm32f446xx.o(.text)
    ADC_IRQHandler                           0x080001f3   Thumb Code     0  startup_stm32f446xx.o(.text)
    CAN1_RX0_IRQHandler                      0x080001f3   Thumb Code     0  startup_stm32f446xx.o(.text)
    CAN1_RX1_IRQHandler                      0x080001f3   Thumb Code     0  startup_stm32f446xx.o(.text)
    CAN1_SCE_IRQHandler                      0x080001f3   Thumb Code     0  startup_stm32f446xx.o(.text)
    CAN1_TX_IRQHandler                       0x080001f3   Thumb Code     0  startup_stm32f446xx.o(.text)
    CAN2_RX0_IRQHandler                      0x080001f3   Thumb Code     0  startup_stm32f446xx.o(.text)
    CAN2_RX1_IRQHandler                      0x080001f3   Thumb Code     0  startup_stm32f446xx.o(.text)
    CAN2_SCE_IRQHandler                      0x080001f3   Thumb Code     0  startup_stm32f446xx.o(.text)
    CAN2_TX_IRQHandler                       0x080001f3   Thumb Code     0  startup_stm32f446xx.o(.text)
    CEC_IRQHandler                           0x080001f3   Thumb Code     0  startup_stm32f446xx.o(.text)
    DCMI_IRQHandler                          0x080001f3   Thumb Code     0  startup_stm32f446xx.o(.text)
    DMA1_Stream0_IRQHandler                  0x080001f3   Thumb Code     0  startup_stm32f446xx.o(.text)
    DMA1_Stream1_IRQHandler                  0x080001f3   Thumb Code     0  startup_stm32f446xx.o(.text)
    DMA1_Stream2_IRQHandler                  0x080001f3   Thumb Code     0  startup_stm32f446xx.o(.text)
    DMA1_Stream3_IRQHandler                  0x080001f3   Thumb Code     0  startup_stm32f446xx.o(.text)
    DMA1_Stream4_IRQHandler                  0x080001f3   Thumb Code     0  startup_stm32f446xx.o(.text)
    DMA1_Stream5_IRQHandler                  0x080001f3   Thumb Code     0  startup_stm32f446xx.o(.text)
    DMA1_Stream6_IRQHandler                  0x080001f3   Thumb Code     0  startup_stm32f446xx.o(.text)
    DMA1_Stream7_IRQHandler                  0x080001f3   Thumb Code     0  startup_stm32f446xx.o(.text)
    DMA2_Stream0_IRQHandler                  0x080001f3   Thumb Code     0  startup_stm32f446xx.o(.text)
    DMA2_Stream1_IRQHandler                  0x080001f3   Thumb Code     0  startup_stm32f446xx.o(.text)
    DMA2_Stream2_IRQHandler                  0x080001f3   Thumb Code     0  startup_stm32f446xx.o(.text)
    DMA2_Stream3_IRQHandler                  0x080001f3   Thumb Code     0  startup_stm32f446xx.o(.text)
    DMA2_Stream4_IRQHandler                  0x080001f3   Thumb Code     0  startup_stm32f446xx.o(.text)
    DMA2_Stream5_IRQHandler                  0x080001f3   Thumb Code     0  startup_stm32f446xx.o(.text)
    DMA2_Stream6_IRQHandler                  0x080001f3   Thumb Code     0  startup_stm32f446xx.o(.text)
    DMA2_Stream7_IRQHandler                  0x080001f3   Thumb Code     0  startup_stm32f446xx.o(.text)
    EXTI0_IRQHandler                         0x080001f3   Thumb Code     0  startup_stm32f446xx.o(.text)
    EXTI15_10_IRQHandler                     0x080001f3   Thumb Code     0  startup_stm32f446xx.o(.text)
    EXTI1_IRQHandler                         0x080001f3   Thumb Code     0  startup_stm32f446xx.o(.text)
    EXTI2_IRQHandler                         0x080001f3   Thumb Code     0  startup_stm32f446xx.o(.text)
    EXTI3_IRQHandler                         0x080001f3   Thumb Code     0  startup_stm32f446xx.o(.text)
    EXTI4_IRQHandler                         0x080001f3   Thumb Code     0  startup_stm32f446xx.o(.text)
    EXTI9_5_IRQHandler                       0x080001f3   Thumb Code     0  startup_stm32f446xx.o(.text)
    FLASH_IRQHandler                         0x080001f3   Thumb Code     0  startup_stm32f446xx.o(.text)
    FMC_IRQHandler                           0x080001f3   Thumb Code     0  startup_stm32f446xx.o(.text)
    FMPI2C1_Error_IRQHandler                 0x080001f3   Thumb Code     0  startup_stm32f446xx.o(.text)
    FMPI2C1_Event_IRQHandler                 0x080001f3   Thumb Code     0  startup_stm32f446xx.o(.text)
    FPU_IRQHandler                           0x080001f3   Thumb Code     0  startup_stm32f446xx.o(.text)
    I2C1_ER_IRQHandler                       0x080001f3   Thumb Code     0  startup_stm32f446xx.o(.text)
    I2C1_EV_IRQHandler                       0x080001f3   Thumb Code     0  startup_stm32f446xx.o(.text)
    I2C2_ER_IRQHandler                       0x080001f3   Thumb Code     0  startup_stm32f446xx.o(.text)
    I2C2_EV_IRQHandler                       0x080001f3   Thumb Code     0  startup_stm32f446xx.o(.text)
    I2C3_ER_IRQHandler                       0x080001f3   Thumb Code     0  startup_stm32f446xx.o(.text)
    I2C3_EV_IRQHandler                       0x080001f3   Thumb Code     0  startup_stm32f446xx.o(.text)
    OTG_FS_IRQHandler                        0x080001f3   Thumb Code     0  startup_stm32f446xx.o(.text)
    OTG_FS_WKUP_IRQHandler                   0x080001f3   Thumb Code     0  startup_stm32f446xx.o(.text)
    OTG_HS_EP1_IN_IRQHandler                 0x080001f3   Thumb Code     0  startup_stm32f446xx.o(.text)
    OTG_HS_EP1_OUT_IRQHandler                0x080001f3   Thumb Code     0  startup_stm32f446xx.o(.text)
    OTG_HS_IRQHandler                        0x080001f3   Thumb Code     0  startup_stm32f446xx.o(.text)
    OTG_HS_WKUP_IRQHandler                   0x080001f3   Thumb Code     0  startup_stm32f446xx.o(.text)
    PVD_IRQHandler                           0x080001f3   Thumb Code     0  startup_stm32f446xx.o(.text)
    QuadSPI_IRQHandler                       0x080001f3   Thumb Code     0  startup_stm32f446xx.o(.text)
    RCC_IRQHandler                           0x080001f3   Thumb Code     0  startup_stm32f446xx.o(.text)
    RTC_Alarm_IRQHandler                     0x080001f3   Thumb Code     0  startup_stm32f446xx.o(.text)
    RTC_WKUP_IRQHandler                      0x080001f3   Thumb Code     0  startup_stm32f446xx.o(.text)
    SAI1_IRQHandler                          0x080001f3   Thumb Code     0  startup_stm32f446xx.o(.text)
    SAI2_IRQHandler                          0x080001f3   Thumb Code     0  startup_stm32f446xx.o(.text)
    SDIO_IRQHandler                          0x080001f3   Thumb Code     0  startup_stm32f446xx.o(.text)
    SPDIF_RX_IRQHandler                      0x080001f3   Thumb Code     0  startup_stm32f446xx.o(.text)
    SPI1_IRQHandler                          0x080001f3   Thumb Code     0  startup_stm32f446xx.o(.text)
    SPI2_IRQHandler                          0x080001f3   Thumb Code     0  startup_stm32f446xx.o(.text)
    SPI3_IRQHandler                          0x080001f3   Thumb Code     0  startup_stm32f446xx.o(.text)
    SPI4_IRQHandler                          0x080001f3   Thumb Code     0  startup_stm32f446xx.o(.text)
    TAMP_STAMP_IRQHandler                    0x080001f3   Thumb Code     0  startup_stm32f446xx.o(.text)
    TIM1_BRK_TIM9_IRQHandler                 0x080001f3   Thumb Code     0  startup_stm32f446xx.o(.text)
    TIM1_CC_IRQHandler                       0x080001f3   Thumb Code     0  startup_stm32f446xx.o(.text)
    TIM1_TRG_COM_TIM11_IRQHandler            0x080001f3   Thumb Code     0  startup_stm32f446xx.o(.text)
    TIM1_UP_TIM10_IRQHandler                 0x080001f3   Thumb Code     0  startup_stm32f446xx.o(.text)
    TIM3_IRQHandler                          0x080001f3   Thumb Code     0  startup_stm32f446xx.o(.text)
    TIM4_IRQHandler                          0x080001f3   Thumb Code     0  startup_stm32f446xx.o(.text)
    TIM5_IRQHandler                          0x080001f3   Thumb Code     0  startup_stm32f446xx.o(.text)
    TIM6_DAC_IRQHandler                      0x080001f3   Thumb Code     0  startup_stm32f446xx.o(.text)
    TIM7_IRQHandler                          0x080001f3   Thumb Code     0  startup_stm32f446xx.o(.text)
    TIM8_BRK_TIM12_IRQHandler                0x080001f3   Thumb Code     0  startup_stm32f446xx.o(.text)
    TIM8_CC_IRQHandler                       0x080001f3   Thumb Code     0  startup_stm32f446xx.o(.text)
    TIM8_TRG_COM_TIM14_IRQHandler            0x080001f3   Thumb Code     0  startup_stm32f446xx.o(.text)
    TIM8_UP_TIM13_IRQHandler                 0x080001f3   Thumb Code     0  startup_stm32f446xx.o(.text)
    UART4_IRQHandler                         0x080001f3   Thumb Code     0  startup_stm32f446xx.o(.text)
    UART5_IRQHandler                         0x080001f3   Thumb Code     0  startup_stm32f446xx.o(.text)
    USART2_IRQHandler                        0x080001f3   Thumb Code     0  startup_stm32f446xx.o(.text)
    USART3_IRQHandler                        0x080001f3   Thumb Code     0  startup_stm32f446xx.o(.text)
    USART6_IRQHandler                        0x080001f3   Thumb Code     0  startup_stm32f446xx.o(.text)
    WWDG_IRQHandler                          0x080001f3   Thumb Code     0  startup_stm32f446xx.o(.text)
    __aeabi_memcpy                           0x080001fd   Thumb Code    36  memcpya.o(.text)
    __aeabi_memcpy4                          0x080001fd   Thumb Code     0  memcpya.o(.text)
    __aeabi_memcpy8                          0x080001fd   Thumb Code     0  memcpya.o(.text)
    __aeabi_memset                           0x08000221   Thumb Code    14  memseta.o(.text)
    __aeabi_memset4                          0x08000221   Thumb Code     0  memseta.o(.text)
    __aeabi_memset8                          0x08000221   Thumb Code     0  memseta.o(.text)
    __aeabi_memclr                           0x0800022f   Thumb Code     4  memseta.o(.text)
    __aeabi_memclr4                          0x0800022f   Thumb Code     0  memseta.o(.text)
    __aeabi_memclr8                          0x0800022f   Thumb Code     0  memseta.o(.text)
    _memset$wrapper                          0x08000233   Thumb Code    18  memseta.o(.text)
    __scatterload                            0x08000245   Thumb Code    38  init.o(.text)
    __scatterload_rt2                        0x08000245   Thumb Code     0  init.o(.text)
    BusFault_Handler                         0x08000275   Thumb Code     2  stm32f4xx_it.o(.text.BusFault_Handler)
    DebugMon_Handler                         0x08000279   Thumb Code     2  stm32f4xx_it.o(.text.DebugMon_Handler)
    Delay_Init                               0x0800027d   Thumb Code    96  delay.o(.text.Delay_Init)
    Delay_ms                                 0x080002dd   Thumb Code    94  delay.o(.text.Delay_ms)
    Delay_us                                 0x0800033d   Thumb Code    58  delay.o(.text.Delay_us)
    GPIO_Init                                0x08000379   Thumb Code   138  stm32f4xx_gpio.o(.text.GPIO_Init)
    GPIO_PinAFConfig                         0x08000405   Thumb Code    40  stm32f4xx_gpio.o(.text.GPIO_PinAFConfig)
    GPIO_ReadInputDataBit                    0x0800042d   Thumb Code    10  stm32f4xx_gpio.o(.text.GPIO_ReadInputDataBit)
    GPIO_ResetBits                           0x08000439   Thumb Code     6  stm32f4xx_gpio.o(.text.GPIO_ResetBits)
    GPIO_SetBits                             0x08000441   Thumb Code     4  stm32f4xx_gpio.o(.text.GPIO_SetBits)
    GPIO_WriteBit                            0x08000445   Thumb Code    10  stm32f4xx_gpio.o(.text.GPIO_WriteBit)
    HardFault_Handler                        0x08000451   Thumb Code     2  stm32f4xx_it.o(.text.HardFault_Handler)
    KEY_Init                                 0x08000455   Thumb Code    84  key.o(.text.KEY_Init)
    KEY_Tick                                 0x080004a9   Thumb Code   288  key.o(.text.KEY_Tick)
    LCD_Address_Set                          0x080005c9   Thumb Code   448  lcd_init.o(.text.LCD_Address_Set)
    LCD_Fill                                 0x08000789   Thumb Code    78  lcd.o(.text.LCD_Fill)
    LCD_Init                                 0x080007d9   Thumb Code  2238  lcd_init.o(.text.LCD_Init)
    LCD_SPI_WriteByte                        0x08001099   Thumb Code    46  lcd_spi.o(.text.LCD_SPI_WriteByte)
    LCD_SPIx_Init                            0x080010c9   Thumb Code   146  lcd_spi.o(.text.LCD_SPIx_Init)
    LCD_ShowChar                             0x0800115d   Thumb Code   358  lcd.o(.text.LCD_ShowChar)
    LCD_ShowIntNum                           0x080012c5   Thumb Code   182  lcd.o(.text.LCD_ShowIntNum)
    LCD_ShowString                           0x0800137d   Thumb Code    70  lcd.o(.text.LCD_ShowString)
    LCD_WR_DATA                              0x080013c5   Thumb Code    82  lcd_init.o(.text.LCD_WR_DATA)
    LED_Init                                 0x08001419   Thumb Code    92  led.o(.text.LED_Init)
    LED_SetMode                              0x08001475   Thumb Code    34  led.o(.text.LED_SetMode)
    LED_Tick                                 0x08001499   Thumb Code   532  led.o(.text.LED_Tick)
    MemManage_Handler                        0x080016ad   Thumb Code     2  stm32f4xx_it.o(.text.MemManage_Handler)
    NMI_Handler                              0x080016b1   Thumb Code     2  stm32f4xx_it.o(.text.NMI_Handler)
    NVIC_Init                                0x080016b5   Thumb Code    98  misc.o(.text.NVIC_Init)
    NVIC_PriorityGroupConfig                 0x08001719   Thumb Code    20  misc.o(.text.NVIC_PriorityGroupConfig)
    PendSV_Handler                           0x08001731   Thumb Code   100  port.o(.text.PendSV_Handler)
    RCC_AHB1PeriphClockCmd                   0x08001795   Thumb Code    24  stm32f4xx_rcc.o(.text.RCC_AHB1PeriphClockCmd)
    RCC_APB1PeriphClockCmd                   0x080017ad   Thumb Code    24  stm32f4xx_rcc.o(.text.RCC_APB1PeriphClockCmd)
    RCC_APB2PeriphClockCmd                   0x080017c5   Thumb Code    24  stm32f4xx_rcc.o(.text.RCC_APB2PeriphClockCmd)
    RCC_GetClocksFreq                        0x080017dd   Thumb Code   214  stm32f4xx_rcc.o(.text.RCC_GetClocksFreq)
    SPI_Cmd                                  0x080018b5   Thumb Code    20  stm32f4xx_spi.o(.text.SPI_Cmd)
    SPI_I2S_GetFlagStatus                    0x080018c9   Thumb Code    10  stm32f4xx_spi.o(.text.SPI_I2S_GetFlagStatus)
    SPI_I2S_SendData                         0x080018d5   Thumb Code     4  stm32f4xx_spi.o(.text.SPI_I2S_SendData)
    SPI_Init                                 0x080018d9   Thumb Code    70  stm32f4xx_spi.o(.text.SPI_Init)
    SVC_Handler                              0x08001921   Thumb Code    36  port.o(.text.SVC_Handler)
    SysTick_CLKSourceConfig                  0x08001945   Thumb Code    24  misc.o(.text.SysTick_CLKSourceConfig)
    SysTick_Handler                          0x0800195d   Thumb Code    20  delay.o(.text.SysTick_Handler)
    SystemCreatTask                          0x08001971   Thumb Code   112  main.o(.text.SystemCreatTask)
    SystemInit                               0x08001a01   Thumb Code   282  system_stm32f4xx.o(.text.SystemInit)
    TIM2_IRQHandler                          0x08001b1d   Thumb Code    40  stm32f4xx_it.o(.text.TIM2_IRQHandler)
    TIMEx_Init                               0x08001b45   Thumb Code   102  timerx.o(.text.TIMEx_Init)
    TIM_ClearFlag                            0x08001bad   Thumb Code     6  stm32f4xx_tim.o(.text.TIM_ClearFlag)
    TIM_ClearITPendingBit                    0x08001bb5   Thumb Code     6  stm32f4xx_tim.o(.text.TIM_ClearITPendingBit)
    TIM_Cmd                                  0x08001bbd   Thumb Code    18  stm32f4xx_tim.o(.text.TIM_Cmd)
    TIM_GetITStatus                          0x08001bd1   Thumb Code    24  stm32f4xx_tim.o(.text.TIM_GetITStatus)
    TIM_ITConfig                             0x08001be9   Thumb Code    16  stm32f4xx_tim.o(.text.TIM_ITConfig)
    TIM_InternalClockConfig                  0x08001bf9   Thumb Code    10  stm32f4xx_tim.o(.text.TIM_InternalClockConfig)
    TIM_TimeBaseInit                         0x08001c05   Thumb Code   146  stm32f4xx_tim.o(.text.TIM_TimeBaseInit)
    Task1                                    0x08001c99   Thumb Code   392  main.o(.text.Task1)
    Task2                                    0x08001e71   Thumb Code    40  main.o(.text.Task2)
    USART1_IRQHandler                        0x08001e99   Thumb Code   170  usart.o(.text.USART1_IRQHandler)
    USART_ClearITPendingBit                  0x08001f45   Thumb Code    14  stm32f4xx_usart.o(.text.USART_ClearITPendingBit)
    USART_Cmd                                0x08001f55   Thumb Code    20  stm32f4xx_usart.o(.text.USART_Cmd)
    USART_GetITStatus                        0x08001f69   Thumb Code    42  stm32f4xx_usart.o(.text.USART_GetITStatus)
    USART_Init                               0x08001f95   Thumb Code   182  stm32f4xx_usart.o(.text.USART_Init)
    USART_ReceiveData                        0x0800204d   Thumb Code     8  stm32f4xx_usart.o(.text.USART_ReceiveData)
    UsageFault_Handler                       0x08002055   Thumb Code     2  stm32f4xx_it.o(.text.UsageFault_Handler)
    Usart_Init                               0x08002059   Thumb Code   126  usart.o(.text.Usart_Init)
    W25Q128JV_Config_Init                    0x080020d9   Thumb Code   178  w25q128jv_spi.o(.text.W25Q128JV_Config_Init)
    W25Q128JV_Init                           0x0800218d   Thumb Code     4  w25q128jv.o(.text.W25Q128JV_Init)
    main                                     0x08002191   Thumb Code   104  main.o(.text.main)
    pvPortMalloc                             0x0800272d   Thumb Code   386  heap_4.o(.text.pvPortMalloc)
    pxPortInitialiseStack                    0x080028b1   Thumb Code    36  port.o(.text.pxPortInitialiseStack)
    uxListRemove                             0x080028d5   Thumb Code    36  list.o(.text.uxListRemove)
    vKey_ReadTask                            0x080028f9   Thumb Code    58  key.o(.text.vKey_ReadTask)
    vListInitialise                          0x08002935   Thumb Code    22  list.o(.text.vListInitialise)
    vListInitialiseItem                      0x0800294d   Thumb Code     6  list.o(.text.vListInitialiseItem)
    vListInsert                              0x08002955   Thumb Code    58  list.o(.text.vListInsert)
    vListInsertEnd                           0x08002991   Thumb Code    28  list.o(.text.vListInsertEnd)
    vPortEnterCritical                       0x080029c1   Thumb Code    70  port.o(.text.vPortEnterCritical)
    vPortExitCritical                        0x08002a09   Thumb Code    46  port.o(.text.vPortExitCritical)
    vPortFree                                0x08002a39   Thumb Code   194  heap_4.o(.text.vPortFree)
    vPortSetupTimerInterrupt                 0x08002afd   Thumb Code    52  port.o(.text.vPortSetupTimerInterrupt)
    vQueueAddToRegistry                      0x08002b31   Thumb Code    90  queue.o(.text.vQueueAddToRegistry)
    vQueueWaitForMessageRestricted           0x08002b8d   Thumb Code    70  queue.o(.text.vQueueWaitForMessageRestricted)
    vTaskDelay                               0x08002bd5   Thumb Code   196  tasks.o(.text.vTaskDelay)
    vTaskDelete                              0x08002c99   Thumb Code   290  tasks.o(.text.vTaskDelete)
    vTaskInternalSetTimeOutState             0x08002dbd   Thumb Code    26  tasks.o(.text.vTaskInternalSetTimeOutState)
    vTaskMissedYield                         0x08002dd9   Thumb Code    14  tasks.o(.text.vTaskMissedYield)
    vTaskPlaceOnEventList                    0x08002de9   Thumb Code    54  tasks.o(.text.vTaskPlaceOnEventList)
    vTaskPlaceOnEventListRestricted          0x08002e21   Thumb Code   114  tasks.o(.text.vTaskPlaceOnEventListRestricted)
    vTaskStartScheduler                      0x08002e95   Thumb Code   148  tasks.o(.text.vTaskStartScheduler)
    vTaskSuspendAll                          0x08002f31   Thumb Code    16  tasks.o(.text.vTaskSuspendAll)
    vTaskSwitchContext                       0x08002f41   Thumb Code   134  tasks.o(.text.vTaskSwitchContext)
    xPortStartScheduler                      0x08002fc9   Thumb Code   302  port.o(.text.xPortStartScheduler)
    xPortSysTickHandler                      0x080030f9   Thumb Code    46  port.o(.text.xPortSysTickHandler)
    xQueueGenericCreate                      0x08003129   Thumb Code   146  queue.o(.text.xQueueGenericCreate)
    xQueueReceive                            0x080031bd   Thumb Code   424  queue.o(.text.xQueueReceive)
    xTaskCheckForTimeOut                     0x08003365   Thumb Code   140  tasks.o(.text.xTaskCheckForTimeOut)
    xTaskCreate                              0x080033f1   Thumb Code   506  tasks.o(.text.xTaskCreate)
    xTaskGenericNotify                       0x080035ed   Thumb Code   368  tasks.o(.text.xTaskGenericNotify)
    xTaskGenericNotifyWait                   0x0800375d   Thumb Code   194  tasks.o(.text.xTaskGenericNotifyWait)
    xTaskGetSchedulerState                   0x08003821   Thumb Code    38  tasks.o(.text.xTaskGetSchedulerState)
    xTaskGetTickCount                        0x08003849   Thumb Code    12  tasks.o(.text.xTaskGetTickCount)
    xTaskIncrementTick                       0x08003855   Thumb Code   442  tasks.o(.text.xTaskIncrementTick)
    xTaskRemoveFromEventList                 0x08003a11   Thumb Code   232  tasks.o(.text.xTaskRemoveFromEventList)
    xTaskResumeAll                           0x08003af9   Thumb Code   384  tasks.o(.text.xTaskResumeAll)
    xTimerCreateTimerTask                    0x08003c79   Thumb Code    88  timers.o(.text.xTimerCreateTimerTask)
    __scatterload_copy                       0x08003cd9   Thumb Code    14  handlers.o(i.__scatterload_copy)
    __scatterload_null                       0x08003ce7   Thumb Code     2  handlers.o(i.__scatterload_null)
    __scatterload_zeroinit                   0x08003ce9   Thumb Code    14  handlers.o(i.__scatterload_zeroinit)
    ascii_1206                               0x08003d06   Data        1140  lcd.o(.rodata.ascii_1206)
    ascii_1608                               0x0800417a   Data        1520  lcd.o(.rodata.ascii_1608)
    ascii_2412                               0x0800476a   Data        4560  lcd.o(.rodata.ascii_2412)
    ascii_3216                               0x0800593a   Data        6080  lcd.o(.rodata.ascii_3216)
    uxTopUsedPriority                        0x080070fc   Data           4  tasks.o(.rodata.uxTopUsedPriority)
    Region$$Table$$Base                      0x08007100   Number         0  anon$$obj.o(Region$$Table)
    Region$$Table$$Limit                     0x08007120   Number         0  anon$$obj.o(Region$$Table)
    LED_Flag                                 0x20000000   Data           1  led.o(.data.LED_Flag)
    SystemCoreClock                          0x20000004   Data           4  system_stm32f4xx.o(.data.SystemCoreClock)
    KeyNumber                                0x20000013   Data           1  key.o(.bss.KeyNumber)
    Key_NotifyHandle                         0x20000014   Data           4  key.o(.bss.Key_NotifyHandle)
    Key_Number                               0x20000018   Data           4  main.o(.bss.Key_Number)
    LED_Compare                              0x2000001c   Data           1  led.o(.bss.LED_Compare)
    LED_Count                                0x20000020   Data          16  led.o(.bss.LED_Count)
    LED_Mode                                 0x20000030   Data           4  led.o(.bss.LED_Mode)
    Mode                                     0x20000034   Data           4  main.o(.bss.Mode)
    SystemCreatTask_Handler                  0x20000038   Data           4  main.o(.bss.SystemCreatTask_Handler)
    Task1_Handler                            0x2000003c   Data           4  main.o(.bss.Task1_Handler)
    Usart_RxCharacter                        0x20000042   Data         100  usart.o(.bss.Usart_RxCharacter)
    Usart_RxFlag                             0x200000a6   Data           1  usart.o(.bss.Usart_RxFlag)
    pxCurrentTCB                             0x200000b4   Data           4  tasks.o(.bss.pxCurrentTCB)
    xQueueRegistry                           0x20012fec   Data          64  queue.o(.bss.xQueueRegistry)
    __initial_sp                             0x20013470   Data           0  startup_stm32f446xx.o(STACK)



==============================================================================

Memory Map of the image

  Image Entry point : 0x080001c5

  Load Region LR_IROM1 (Base: 0x08000000, Size: 0x00007130, Max: 0x00080000, ABSOLUTE)

    Execution Region ER_IROM1 (Exec base: 0x08000000, Load base: 0x08000000, Size: 0x00007120, Max: 0x00080000, ABSOLUTE)

    Exec Addr    Load Addr    Size         Type   Attr      Idx    E Section Name        Object

    0x08000000   0x08000000   0x000001c4   Data   RO            3    RESET               startup_stm32f446xx.o
    0x080001c4   0x080001c4   0x00000000   Code   RO         2774  * .ARM.Collect$$$$00000000  mc_w.l(entry.o)
    0x080001c4   0x080001c4   0x00000004   Code   RO         2853    .ARM.Collect$$$$00000001  mc_w.l(entry2.o)
    0x080001c8   0x080001c8   0x00000004   Code   RO         2856    .ARM.Collect$$$$00000004  mc_w.l(entry5.o)
    0x080001cc   0x080001cc   0x00000000   Code   RO         2858    .ARM.Collect$$$$00000008  mc_w.l(entry7b.o)
    0x080001cc   0x080001cc   0x00000000   Code   RO         2860    .ARM.Collect$$$$0000000A  mc_w.l(entry8b.o)
    0x080001cc   0x080001cc   0x00000008   Code   RO         2861    .ARM.Collect$$$$0000000B  mc_w.l(entry9a.o)
    0x080001d4   0x080001d4   0x00000000   Code   RO         2863    .ARM.Collect$$$$0000000D  mc_w.l(entry10a.o)
    0x080001d4   0x080001d4   0x00000000   Code   RO         2865    .ARM.Collect$$$$0000000F  mc_w.l(entry11a.o)
    0x080001d4   0x080001d4   0x00000004   Code   RO         2854    .ARM.Collect$$$$00002712  mc_w.l(entry2.o)
    0x080001d8   0x080001d8   0x00000024   Code   RO            4    .text               startup_stm32f446xx.o
    0x080001fc   0x080001fc   0x00000024   Code   RO         2777    .text               mc_w.l(memcpya.o)
    0x08000220   0x08000220   0x00000024   Code   RO         2779    .text               mc_w.l(memseta.o)
    0x08000244   0x08000244   0x00000030   Code   RO         2911    .text               mc_w.l(init.o)
    0x08000274   0x08000274   0x00000002   Code   RO         2750    .text.BusFault_Handler  stm32f4xx_it.o
    0x08000276   0x08000276   0x00000002   PAD
    0x08000278   0x08000278   0x00000002   Code   RO         2754    .text.DebugMon_Handler  stm32f4xx_it.o
    0x0800027a   0x0800027a   0x00000002   PAD
    0x0800027c   0x0800027c   0x00000060   Code   RO         2281    .text.Delay_Init    delay.o
    0x080002dc   0x080002dc   0x0000005e   Code   RO         2285    .text.Delay_ms      delay.o
    0x0800033a   0x0800033a   0x00000002   PAD
    0x0800033c   0x0800033c   0x0000003a   Code   RO         2283    .text.Delay_us      delay.o
    0x08000376   0x08000376   0x00000002   PAD
    0x08000378   0x08000378   0x0000008a   Code   RO          780    .text.GPIO_Init     stm32f4xx_gpio.o
    0x08000402   0x08000402   0x00000002   PAD
    0x08000404   0x08000404   0x00000028   Code   RO          804    .text.GPIO_PinAFConfig  stm32f4xx_gpio.o
    0x0800042c   0x0800042c   0x0000000a   Code   RO          786    .text.GPIO_ReadInputDataBit  stm32f4xx_gpio.o
    0x08000436   0x08000436   0x00000002   PAD
    0x08000438   0x08000438   0x00000006   Code   RO          796    .text.GPIO_ResetBits  stm32f4xx_gpio.o
    0x0800043e   0x0800043e   0x00000002   PAD
    0x08000440   0x08000440   0x00000004   Code   RO          794    .text.GPIO_SetBits  stm32f4xx_gpio.o
    0x08000444   0x08000444   0x0000000a   Code   RO          798    .text.GPIO_WriteBit  stm32f4xx_gpio.o
    0x0800044e   0x0800044e   0x00000002   PAD
    0x08000450   0x08000450   0x00000002   Code   RO         2746    .text.HardFault_Handler  stm32f4xx_it.o
    0x08000452   0x08000452   0x00000002   PAD
    0x08000454   0x08000454   0x00000054   Code   RO         1947    .text.KEY_Init      key.o
    0x080004a8   0x080004a8   0x00000120   Code   RO         1951    .text.KEY_Tick      key.o
    0x080005c8   0x080005c8   0x000001c0   Code   RO         2116    .text.LCD_Address_Set  lcd_init.o
    0x08000788   0x08000788   0x0000004e   Code   RO         2053    .text.LCD_Fill      lcd.o
    0x080007d6   0x080007d6   0x00000002   PAD
    0x080007d8   0x080007d8   0x000008be   Code   RO         2118    .text.LCD_Init      lcd_init.o
    0x08001096   0x08001096   0x00000002   PAD
    0x08001098   0x08001098   0x0000002e   Code   RO         2170    .text.LCD_SPI_WriteByte  lcd_spi.o
    0x080010c6   0x080010c6   0x00000002   PAD
    0x080010c8   0x080010c8   0x00000092   Code   RO         2168    .text.LCD_SPIx_Init  lcd_spi.o
    0x0800115a   0x0800115a   0x00000002   PAD
    0x0800115c   0x0800115c   0x00000166   Code   RO         2077    .text.LCD_ShowChar  lcd.o
    0x080012c2   0x080012c2   0x00000002   PAD
    0x080012c4   0x080012c4   0x000000b6   Code   RO         2083    .text.LCD_ShowIntNum  lcd.o
    0x0800137a   0x0800137a   0x00000002   PAD
    0x0800137c   0x0800137c   0x00000046   Code   RO         2079    .text.LCD_ShowString  lcd.o
    0x080013c2   0x080013c2   0x00000002   PAD
    0x080013c4   0x080013c4   0x00000052   Code   RO         2112    .text.LCD_WR_DATA   lcd_init.o
    0x08001416   0x08001416   0x00000002   PAD
    0x08001418   0x08001418   0x0000005c   Code   RO         1969    .text.LED_Init      led.o
    0x08001474   0x08001474   0x00000022   Code   RO         1971    .text.LED_SetMode   led.o
    0x08001496   0x08001496   0x00000002   PAD
    0x08001498   0x08001498   0x00000214   Code   RO         1973    .text.LED_Tick      led.o
    0x080016ac   0x080016ac   0x00000002   Code   RO         2748    .text.MemManage_Handler  stm32f4xx_it.o
    0x080016ae   0x080016ae   0x00000002   PAD
    0x080016b0   0x080016b0   0x00000002   Code   RO         2744    .text.NMI_Handler   stm32f4xx_it.o
    0x080016b2   0x080016b2   0x00000002   PAD
    0x080016b4   0x080016b4   0x00000062   Code   RO         1931    .text.NVIC_Init     misc.o
    0x08001716   0x08001716   0x00000002   PAD
    0x08001718   0x08001718   0x00000014   Code   RO         1929    .text.NVIC_PriorityGroupConfig  misc.o
    0x0800172c   0x0800172c   0x00000004   PAD
    0x08001730   0x08001730   0x00000064   Code   RO         2693    .text.PendSV_Handler  port.o
    0x08001794   0x08001794   0x00000018   Code   RO         1229    .text.RCC_AHB1PeriphClockCmd  stm32f4xx_rcc.o
    0x080017ac   0x080017ac   0x00000018   Code   RO         1235    .text.RCC_APB1PeriphClockCmd  stm32f4xx_rcc.o
    0x080017c4   0x080017c4   0x00000018   Code   RO         1237    .text.RCC_APB2PeriphClockCmd  stm32f4xx_rcc.o
    0x080017dc   0x080017dc   0x000000d6   Code   RO         1209    .text.RCC_GetClocksFreq  stm32f4xx_rcc.o
    0x080018b2   0x080018b2   0x00000002   PAD
    0x080018b4   0x080018b4   0x00000014   Code   RO         1585    .text.SPI_Cmd       stm32f4xx_spi.o
    0x080018c8   0x080018c8   0x0000000a   Code   RO         1617    .text.SPI_I2S_GetFlagStatus  stm32f4xx_spi.o
    0x080018d2   0x080018d2   0x00000002   PAD
    0x080018d4   0x080018d4   0x00000004   Code   RO         1603    .text.SPI_I2S_SendData  stm32f4xx_spi.o
    0x080018d8   0x080018d8   0x00000046   Code   RO         1577    .text.SPI_Init      stm32f4xx_spi.o
    0x0800191e   0x0800191e   0x00000002   PAD
    0x08001920   0x08001920   0x00000024   Code   RO         2677    .text.SVC_Handler   port.o
    0x08001944   0x08001944   0x00000018   Code   RO         1937    .text.SysTick_CLKSourceConfig  misc.o
    0x0800195c   0x0800195c   0x00000014   Code   RO         2279    .text.SysTick_Handler  delay.o
    0x08001970   0x08001970   0x00000090   Code   RO         2716    .text.SystemCreatTask  main.o
    0x08001a00   0x08001a00   0x0000011a   Code   RO           11    .text.SystemInit    system_stm32f4xx.o
    0x08001b1a   0x08001b1a   0x00000002   PAD
    0x08001b1c   0x08001b1c   0x00000028   Code   RO         2742    .text.TIM2_IRQHandler  stm32f4xx_it.o
    0x08001b44   0x08001b44   0x00000066   Code   RO         2250    .text.TIMEx_Init    timerx.o
    0x08001baa   0x08001baa   0x00000002   PAD
    0x08001bac   0x08001bac   0x00000006   Code   RO         1793    .text.TIM_ClearFlag  stm32f4xx_tim.o
    0x08001bb2   0x08001bb2   0x00000002   PAD
    0x08001bb4   0x08001bb4   0x00000006   Code   RO         1797    .text.TIM_ClearITPendingBit  stm32f4xx_tim.o
    0x08001bba   0x08001bba   0x00000002   PAD
    0x08001bbc   0x08001bbc   0x00000012   Code   RO         1683    .text.TIM_Cmd       stm32f4xx_tim.o
    0x08001bce   0x08001bce   0x00000002   PAD
    0x08001bd0   0x08001bd0   0x00000018   Code   RO         1795    .text.TIM_GetITStatus  stm32f4xx_tim.o
    0x08001be8   0x08001be8   0x00000010   Code   RO         1787    .text.TIM_ITConfig  stm32f4xx_tim.o
    0x08001bf8   0x08001bf8   0x0000000a   Code   RO         1805    .text.TIM_InternalClockConfig  stm32f4xx_tim.o
    0x08001c02   0x08001c02   0x00000002   PAD
    0x08001c04   0x08001c04   0x00000092   Code   RO         1657    .text.TIM_TimeBaseInit  stm32f4xx_tim.o
    0x08001c96   0x08001c96   0x00000002   PAD
    0x08001c98   0x08001c98   0x000001d8   Code   RO         2712    .text.Task1         main.o
    0x08001e70   0x08001e70   0x00000028   Code   RO         2714    .text.Task2         main.o
    0x08001e98   0x08001e98   0x000000aa   Code   RO         2235    .text.USART1_IRQHandler  usart.o
    0x08001f42   0x08001f42   0x00000002   PAD
    0x08001f44   0x08001f44   0x0000000e   Code   RO         1895    .text.USART_ClearITPendingBit  stm32f4xx_usart.o
    0x08001f52   0x08001f52   0x00000002   PAD
    0x08001f54   0x08001f54   0x00000014   Code   RO         1849    .text.USART_Cmd     stm32f4xx_usart.o
    0x08001f68   0x08001f68   0x0000002a   Code   RO         1893    .text.USART_GetITStatus  stm32f4xx_usart.o
    0x08001f92   0x08001f92   0x00000002   PAD
    0x08001f94   0x08001f94   0x000000b6   Code   RO         1841    .text.USART_Init    stm32f4xx_usart.o
    0x0800204a   0x0800204a   0x00000002   PAD
    0x0800204c   0x0800204c   0x00000008   Code   RO         1859    .text.USART_ReceiveData  stm32f4xx_usart.o
    0x08002054   0x08002054   0x00000002   Code   RO         2752    .text.UsageFault_Handler  stm32f4xx_it.o
    0x08002056   0x08002056   0x00000002   PAD
    0x08002058   0x08002058   0x0000007e   Code   RO         2217    .text.Usart_Init    usart.o
    0x080020d6   0x080020d6   0x00000002   PAD
    0x080020d8   0x080020d8   0x000000b2   Code   RO         2262    .text.W25Q128JV_Config_Init  w25q128jv_spi.o
    0x0800218a   0x0800218a   0x00000002   PAD
    0x0800218c   0x0800218c   0x00000004   Code   RO         2128    .text.W25Q128JV_Init  w25q128jv.o
    0x08002190   0x08002190   0x00000078   Code   RO         2718    .text.main          main.o
    0x08002208   0x08002208   0x000000c0   Code   RO         2467    .text.prvAddCurrentTaskToDelayedList  tasks.o
    0x080022c8   0x080022c8   0x00000070   Code   RO         2595    .text.prvCheckForValidListAndQueue  timers.o
    0x08002338   0x08002338   0x00000076   Code   RO         2491    .text.prvIdleTask   tasks.o
    0x080023ae   0x080023ae   0x00000002   PAD
    0x080023b0   0x080023b0   0x00000028   Code   RO         2685    .text.prvPortStartFirstTask  port.o
    0x080023d8   0x080023d8   0x0000007c   Code   RO         2627    .text.prvProcessExpiredTimer  timers.o
    0x08002454   0x08002454   0x00000032   Code   RO         2675    .text.prvTaskExitError  port.o
    0x08002486   0x08002486   0x00000002   PAD
    0x08002488   0x08002488   0x0000022e   Code   RO         2597    .text.prvTimerTask  timers.o
    0x080026b6   0x080026b6   0x00000002   PAD
    0x080026b8   0x080026b8   0x00000074   Code   RO         2364    .text.prvUnlockQueue  queue.o
    0x0800272c   0x0800272c   0x00000182   Code   RO         2644    .text.pvPortMalloc  heap_4.o
    0x080028ae   0x080028ae   0x00000002   PAD
    0x080028b0   0x080028b0   0x00000024   Code   RO         2673    .text.pxPortInitialiseStack  port.o
    0x080028d4   0x080028d4   0x00000024   Code   RO         2338    .text.uxListRemove  list.o
    0x080028f8   0x080028f8   0x0000003a   Code   RO         1953    .text.vKey_ReadTask  key.o
    0x08002932   0x08002932   0x00000002   PAD
    0x08002934   0x08002934   0x00000016   Code   RO         2330    .text.vListInitialise  list.o
    0x0800294a   0x0800294a   0x00000002   PAD
    0x0800294c   0x0800294c   0x00000006   Code   RO         2332    .text.vListInitialiseItem  list.o
    0x08002952   0x08002952   0x00000002   PAD
    0x08002954   0x08002954   0x0000003a   Code   RO         2336    .text.vListInsert   list.o
    0x0800298e   0x0800298e   0x00000002   PAD
    0x08002990   0x08002990   0x0000001c   Code   RO         2334    .text.vListInsertEnd  list.o
    0x080029ac   0x080029ac   0x00000014   Code   RO         2683    .text.vPortEnableVFP  port.o
    0x080029c0   0x080029c0   0x00000046   Code   RO         2689    .text.vPortEnterCritical  port.o
    0x08002a06   0x08002a06   0x00000002   PAD
    0x08002a08   0x08002a08   0x0000002e   Code   RO         2691    .text.vPortExitCritical  port.o
    0x08002a36   0x08002a36   0x00000002   PAD
    0x08002a38   0x08002a38   0x000000c2   Code   RO         2646    .text.vPortFree     heap_4.o
    0x08002afa   0x08002afa   0x00000002   PAD
    0x08002afc   0x08002afc   0x00000034   Code   RO         2681    .text.vPortSetupTimerInterrupt  port.o
    0x08002b30   0x08002b30   0x0000005a   Code   RO         2398    .text.vQueueAddToRegistry  queue.o
    0x08002b8a   0x08002b8a   0x00000002   PAD
    0x08002b8c   0x08002b8c   0x00000046   Code   RO         2402    .text.vQueueWaitForMessageRestricted  queue.o
    0x08002bd2   0x08002bd2   0x00000002   PAD
    0x08002bd4   0x08002bd4   0x000000c4   Code   RO         2471    .text.vTaskDelay    tasks.o
    0x08002c98   0x08002c98   0x00000122   Code   RO         2461    .text.vTaskDelete   tasks.o
    0x08002dba   0x08002dba   0x00000002   PAD
    0x08002dbc   0x08002dbc   0x0000001a   Code   RO         2521    .text.vTaskInternalSetTimeOutState  tasks.o
    0x08002dd6   0x08002dd6   0x00000002   PAD
    0x08002dd8   0x08002dd8   0x0000000e   Code   RO         2525    .text.vTaskMissedYield  tasks.o
    0x08002de6   0x08002de6   0x00000002   PAD
    0x08002de8   0x08002de8   0x00000036   Code   RO         2509    .text.vTaskPlaceOnEventList  tasks.o
    0x08002e1e   0x08002e1e   0x00000002   PAD
    0x08002e20   0x08002e20   0x00000072   Code   RO         2513    .text.vTaskPlaceOnEventListRestricted  tasks.o
    0x08002e92   0x08002e92   0x00000002   PAD
    0x08002e94   0x08002e94   0x0000009c   Code   RO         2489    .text.vTaskStartScheduler  tasks.o
    0x08002f30   0x08002f30   0x00000010   Code   RO         2465    .text.vTaskSuspendAll  tasks.o
    0x08002f40   0x08002f40   0x00000086   Code   RO         2483    .text.vTaskSwitchContext  tasks.o
    0x08002fc6   0x08002fc6   0x00000002   PAD
    0x08002fc8   0x08002fc8   0x0000012e   Code   RO         2679    .text.xPortStartScheduler  port.o
    0x080030f6   0x080030f6   0x00000002   PAD
    0x080030f8   0x080030f8   0x0000002e   Code   RO         2695    .text.xPortSysTickHandler  port.o
    0x08003126   0x08003126   0x00000002   PAD
    0x08003128   0x08003128   0x00000092   Code   RO         2350    .text.xQueueGenericCreate  queue.o
    0x080031ba   0x080031ba   0x00000002   PAD
    0x080031bc   0x080031bc   0x000001a8   Code   RO         2370    .text.xQueueReceive  queue.o
    0x08003364   0x08003364   0x0000008c   Code   RO         2523    .text.xTaskCheckForTimeOut  tasks.o
    0x080033f0   0x080033f0   0x000001fa   Code   RO         2459    .text.xTaskCreate   tasks.o
    0x080035ea   0x080035ea   0x00000002   PAD
    0x080035ec   0x080035ec   0x00000170   Code   RO         2553    .text.xTaskGenericNotify  tasks.o
    0x0800375c   0x0800375c   0x000000c2   Code   RO         2551    .text.xTaskGenericNotifyWait  tasks.o
    0x0800381e   0x0800381e   0x00000002   PAD
    0x08003820   0x08003820   0x00000026   Code   RO         2537    .text.xTaskGetSchedulerState  tasks.o
    0x08003846   0x08003846   0x00000002   PAD
    0x08003848   0x08003848   0x0000000c   Code   RO         2497    .text.xTaskGetTickCount  tasks.o
    0x08003854   0x08003854   0x000001ba   Code   RO         2495    .text.xTaskIncrementTick  tasks.o
    0x08003a0e   0x08003a0e   0x00000002   PAD
    0x08003a10   0x08003a10   0x000000e8   Code   RO         2515    .text.xTaskRemoveFromEventList  tasks.o
    0x08003af8   0x08003af8   0x00000180   Code   RO         2469    .text.xTaskResumeAll  tasks.o
    0x08003c78   0x08003c78   0x00000060   Code   RO         2593    .text.xTimerCreateTimerTask  timers.o
    0x08003cd8   0x08003cd8   0x0000000e   Code   RO         2917    i.__scatterload_copy  mc_w.l(handlers.o)
    0x08003ce6   0x08003ce6   0x00000002   Code   RO         2918    i.__scatterload_null  mc_w.l(handlers.o)
    0x08003ce8   0x08003ce8   0x0000000e   Code   RO         2919    i.__scatterload_zeroinit  mc_w.l(handlers.o)
    0x08003cf6   0x08003cf6   0x00000010   Data   RO         1281    .rodata.APBAHBPrescTable  stm32f4xx_rcc.o
    0x08003d06   0x08003d06   0x00000474   Data   RO         2089    .rodata.ascii_1206  lcd.o
    0x0800417a   0x0800417a   0x000005f0   Data   RO         2090    .rodata.ascii_1608  lcd.o
    0x0800476a   0x0800476a   0x000011d0   Data   RO         2091    .rodata.ascii_2412  lcd.o
    0x0800593a   0x0800593a   0x000017c0   Data   RO         2092    .rodata.ascii_3216  lcd.o
    0x080070fa   0x080070fa   0x00000002   PAD
    0x080070fc   0x080070fc   0x00000004   Data   RO         2564    .rodata.uxTopUsedPriority  tasks.o
    0x08007100   0x08007100   0x00000020   Data   RO         2916    Region$$Table       anon$$obj.o


    Execution Region RW_IRAM1 (Exec base: 0x20000000, Load base: 0x08007120, Size: 0x00013470, Max: 0x00020000, ABSOLUTE)

    Exec Addr    Load Addr    Size         Type   Attr      Idx    E Section Name        Object

    0x20000000   0x08007120   0x00000001   Data   RW         1976    .data.LED_Flag      led.o
    0x20000001   0x08007121   0x00000003   PAD
    0x20000004   0x08007124   0x00000004   Data   RW           15    .data.SystemCoreClock  system_stm32f4xx.o
    0x20000008   0x08007128   0x00000004   Data   RW         2701    .data.uxCriticalNesting  port.o
    0x2000000c   0x0800712c   0x00000004   PAD
    0x20000010        -       0x00000001   Zero   RW         1956    .bss.KEY_Tick.Count  key.o
    0x20000011        -       0x00000001   Zero   RW         1957    .bss.KEY_Tick.CurrentState  key.o
    0x20000012        -       0x00000001   Zero   RW         1958    .bss.KEY_Tick.PrevState  key.o
    0x20000013        -       0x00000001   Zero   RW         1955    .bss.KeyNumber      key.o
    0x20000014        -       0x00000004   Zero   RW         1959    .bss.Key_NotifyHandle  key.o
    0x20000018        -       0x00000004   Zero   RW         2728    .bss.Key_Number     main.o
    0x2000001c        -       0x00000001   Zero   RW         1975    .bss.LED_Compare    led.o
    0x2000001d   0x0800712c   0x00000003   PAD
    0x20000020        -       0x00000010   Zero   RW         1978    .bss.LED_Count      led.o
    0x20000030        -       0x00000004   Zero   RW         1977    .bss.LED_Mode       led.o
    0x20000034        -       0x00000004   Zero   RW         2730    .bss.Mode           main.o
    0x20000038        -       0x00000004   Zero   RW         2732    .bss.SystemCreatTask_Handler  main.o
    0x2000003c        -       0x00000004   Zero   RW         2731    .bss.Task1_Handler  main.o
    0x20000040        -       0x00000001   Zero   RW         2237    .bss.USART1_IRQHandler.RX_State  usart.o
    0x20000041        -       0x00000001   Zero   RW         2238    .bss.USART1_IRQHandler.RX_packet  usart.o
    0x20000042        -       0x00000064   Zero   RW         2240    .bss.Usart_RxCharacter  usart.o
    0x200000a6        -       0x00000001   Zero   RW         2239    .bss.Usart_RxFlag   usart.o
    0x200000a7   0x0800712c   0x00000001   PAD
    0x200000a8        -       0x00000001   Zero   RW         2290    .bss.fac_ms         delay.o
    0x200000a9   0x0800712c   0x00000003   PAD
    0x200000ac        -       0x00000004   Zero   RW         2289    .bss.fac_us         delay.o
    0x200000b0        -       0x00000004   Zero   RW         2633    .bss.prvSampleTimeNow.xLastTime  timers.o
    0x200000b4        -       0x00000004   Zero   RW         2563    .bss.pxCurrentTCB   tasks.o
    0x200000b8        -       0x00000004   Zero   RW         2631    .bss.pxCurrentTimerList  timers.o
    0x200000bc        -       0x00000004   Zero   RW         2574    .bss.pxDelayedTaskList  tasks.o
    0x200000c0        -       0x00000004   Zero   RW         2658    .bss.pxEnd          heap_4.o
    0x200000c4        -       0x00000004   Zero   RW         2575    .bss.pxOverflowDelayedTaskList  tasks.o
    0x200000c8        -       0x00000004   Zero   RW         2632    .bss.pxOverflowTimerList  timers.o
    0x200000cc        -       0x00000280   Zero   RW         2565    .bss.pxReadyTasksLists  tasks.o
    0x2000034c        -       0x00012c00   Zero   RW         2664    .bss.ucHeap         heap_4.o
    0x20012f4c        -       0x00000001   Zero   RW         2699    .bss.ucMaxSysCallPriority  port.o
    0x20012f4d   0x0800712c   0x00000003   PAD
    0x20012f50        -       0x00000004   Zero   RW         2700    .bss.ulMaxPRIGROUPValue  port.o
    0x20012f54        -       0x00000004   Zero   RW         2570    .bss.uxCurrentNumberOfTasks  tasks.o
    0x20012f58        -       0x00000004   Zero   RW         2569    .bss.uxDeletedTasksWaitingCleanUp  tasks.o
    0x20012f5c        -       0x00000004   Zero   RW         2572    .bss.uxSchedulerSuspended  tasks.o
    0x20012f60        -       0x00000004   Zero   RW         2567    .bss.uxTaskNumber   tasks.o
    0x20012f64        -       0x00000004   Zero   RW         2566    .bss.uxTopReadyPriority  tasks.o
    0x20012f68        -       0x00000014   Zero   RW         2634    .bss.xActiveTimerList1  timers.o
    0x20012f7c        -       0x00000014   Zero   RW         2635    .bss.xActiveTimerList2  timers.o
    0x20012f90        -       0x00000014   Zero   RW         2583    .bss.xDelayedTaskList1  tasks.o
    0x20012fa4        -       0x00000014   Zero   RW         2584    .bss.xDelayedTaskList2  tasks.o
    0x20012fb8        -       0x00000004   Zero   RW         2659    .bss.xFreeBytesRemaining  heap_4.o
    0x20012fbc        -       0x00000004   Zero   RW         2579    .bss.xIdleTaskHandle  tasks.o
    0x20012fc0        -       0x00000004   Zero   RW         2661    .bss.xMinimumEverFreeBytesRemaining  heap_4.o
    0x20012fc4        -       0x00000004   Zero   RW         2580    .bss.xNextTaskUnblockTime  tasks.o
    0x20012fc8        -       0x00000004   Zero   RW         2582    .bss.xNumOfOverflows  tasks.o
    0x20012fcc        -       0x00000004   Zero   RW         2662    .bss.xNumberOfSuccessfulAllocations  heap_4.o
    0x20012fd0        -       0x00000004   Zero   RW         2663    .bss.xNumberOfSuccessfulFrees  heap_4.o
    0x20012fd4        -       0x00000004   Zero   RW         2581    .bss.xPendedTicks   tasks.o
    0x20012fd8        -       0x00000014   Zero   RW         2578    .bss.xPendingReadyList  tasks.o
    0x20012fec        -       0x00000040   Zero   RW         2404    .bss.xQueueRegistry  queue.o
    0x2001302c        -       0x00000004   Zero   RW         2571    .bss.xSchedulerRunning  tasks.o
    0x20013030        -       0x00000008   Zero   RW         2660    .bss.xStart         heap_4.o
    0x20013038        -       0x00000014   Zero   RW         2576    .bss.xSuspendedTaskList  tasks.o
    0x2001304c        -       0x00000014   Zero   RW         2568    .bss.xTasksWaitingTermination  tasks.o
    0x20013060        -       0x00000004   Zero   RW         2573    .bss.xTickCount     tasks.o
    0x20013064        -       0x00000004   Zero   RW         2629    .bss.xTimerQueue    timers.o
    0x20013068        -       0x00000004   Zero   RW         2630    .bss.xTimerTaskHandle  timers.o
    0x2001306c        -       0x00000004   Zero   RW         2577    .bss.xYieldPending  tasks.o
    0x20013070        -       0x00000400   Zero   RW            1    STACK               startup_stm32f446xx.o


==============================================================================

Image component sizes


      Code (inc. data)   RO Data    RW Data    ZI Data      Debug   Object Name

       268          0          0          0          5       2986   delay.o
       580          0          0          0      76828       5217   heap_4.o
       430          0          0          0          8       3211   key.o
       688          0      13300          0          0      19671   lcd.o
      2768          0          0          0          0       7620   lcd_init.o
       192          0          0          0          0       3311   lcd_spi.o
       658         46          0          1         21       3814   led.o
       150          0          0          0          0       2073   list.o
       776        134          0          0         16       2434   main.o
       142          0          0          0          0       3338   misc.o
       798         16          0          4          5       3968   port.o
       846          0          0          0         64      22584   queue.o
        36          8        452          0       1024        832   startup_stm32f446xx.o
       208          0          0          0          0       4760   stm32f4xx_gpio.o
        52          0          0          0          0       1948   stm32f4xx_it.o
       286          4         16          0          0      14990   stm32f4xx_rcc.o
       104          0          0          0          0       8716   stm32f4xx_spi.o
       226          0          0          0          0      26765   stm32f4xx_tim.o
       266          0          0          0          0       8615   stm32f4xx_usart.o
       282          0          0          4          0       3610   system_stm32f4xx.o
      3626         14          4          0        800      37695   tasks.o
       890         26          0          0         60      11819   timers.o
       102          0          0          0          0       4561   timerx.o
       296          0          0          0        103       8857   usart.o
         4          0          0          0          0       5383   w25q128jv.o
       178          0          0          0          0       3990   w25q128jv_spi.o

    ----------------------------------------------------------------------
     14984        248      13806         12      78948     222768   Object Totals
         0          0         32          0          0          0   (incl. Generated)
       132          0          2          3         14          0   (incl. Padding)

    ----------------------------------------------------------------------

      Code (inc. data)   RO Data    RW Data    ZI Data      Debug   Library Member Name

         0          0          0          0          0          0   entry.o
         0          0          0          0          0          0   entry10a.o
         0          0          0          0          0          0   entry11a.o
         8          4          0          0          0          0   entry2.o
         4          0          0          0          0          0   entry5.o
         0          0          0          0          0          0   entry7b.o
         0          0          0          0          0          0   entry8b.o
         8          4          0          0          0          0   entry9a.o
        30          0          0          0          0          0   handlers.o
        48         10          0          0          0         68   init.o
        36          0          0          0          0         68   memcpya.o
        36          0          0          0          0        108   memseta.o

    ----------------------------------------------------------------------
       170         18          0          0          0        244   Library Totals
         0          0          0          0          0          0   (incl. Padding)

    ----------------------------------------------------------------------

      Code (inc. data)   RO Data    RW Data    ZI Data      Debug   Library Name

       170         18          0          0          0        244   mc_w.l

    ----------------------------------------------------------------------
       170         18          0          0          0        244   Library Totals

    ----------------------------------------------------------------------

==============================================================================


      Code (inc. data)   RO Data    RW Data    ZI Data      Debug   

     15154        266      13806         12      78948     222684   Grand Totals
     15154        266      13806         12      78948     222684   ELF Image Totals
     15154        266      13806         12          0          0   ROM Totals

==============================================================================

    Total RO  Size (Code + RO Data)                28960 (  28.28kB)
    Total RW  Size (RW Data + ZI Data)             78960 (  77.11kB)
    Total ROM Size (Code + RO Data + RW Data)      28972 (  28.29kB)

==============================================================================

