<!doctype html public "-//w3c//dtd html 4.0 transitional//en">
<html><head>
<title>Static Call Graph - [.\Objects\Project.axf]</title></head>
<body><HR>
<H1>Static Call Graph for image .\Objects\Project.axf</H1><HR>
<BR><P>#&#060CALLGRAPH&#062# ARM Linker, 6220000: Last Updated: Wed May 21 14:15:15 2025
<BR><P>
<H3>Maximum Stack Usage =        172 bytes + Unknown(Cycles, Untraceable Function Pointers)</H3><H3>
Call chain for Maximum Stack Depth:</H3>
SystemCreatTask &rArr; xTaskCreate &rArr; vPortFree &rArr; xTaskResumeAll &rArr; xTaskIncrementTick
<P>
<H3>
Mutually Recursive functions
</H3> <LI><a href="#[1c]">ADC_IRQHandler</a>&nbsp;&nbsp;&nbsp;&rArr;&nbsp;&nbsp;&nbsp;<a href="#[1c]">ADC_IRQHandler</a><BR>
 <LI><a href="#[4]">BusFault_Handler</a>&nbsp;&nbsp;&nbsp;&rArr;&nbsp;&nbsp;&nbsp;<a href="#[4]">BusFault_Handler</a><BR>
 <LI><a href="#[2]">HardFault_Handler</a>&nbsp;&nbsp;&nbsp;&rArr;&nbsp;&nbsp;&nbsp;<a href="#[2]">HardFault_Handler</a><BR>
 <LI><a href="#[3]">MemManage_Handler</a>&nbsp;&nbsp;&nbsp;&rArr;&nbsp;&nbsp;&nbsp;<a href="#[3]">MemManage_Handler</a><BR>
 <LI><a href="#[5]">UsageFault_Handler</a>&nbsp;&nbsp;&nbsp;&rArr;&nbsp;&nbsp;&nbsp;<a href="#[5]">UsageFault_Handler</a><BR>
</UL>
<P>
<H3>
Function Pointers
</H3><UL>
 <LI><a href="#[1c]">ADC_IRQHandler</a> from startup_stm32f446xx.o(.text) referenced from startup_stm32f446xx.o(RESET)
 <LI><a href="#[4]">BusFault_Handler</a> from stm32f4xx_it.o(.text.BusFault_Handler) referenced from startup_stm32f446xx.o(RESET)
 <LI><a href="#[1e]">CAN1_RX0_IRQHandler</a> from startup_stm32f446xx.o(.text) referenced from startup_stm32f446xx.o(RESET)
 <LI><a href="#[1f]">CAN1_RX1_IRQHandler</a> from startup_stm32f446xx.o(.text) referenced from startup_stm32f446xx.o(RESET)
 <LI><a href="#[20]">CAN1_SCE_IRQHandler</a> from startup_stm32f446xx.o(.text) referenced from startup_stm32f446xx.o(RESET)
 <LI><a href="#[1d]">CAN1_TX_IRQHandler</a> from startup_stm32f446xx.o(.text) referenced from startup_stm32f446xx.o(RESET)
 <LI><a href="#[48]">CAN2_RX0_IRQHandler</a> from startup_stm32f446xx.o(.text) referenced from startup_stm32f446xx.o(RESET)
 <LI><a href="#[49]">CAN2_RX1_IRQHandler</a> from startup_stm32f446xx.o(.text) referenced from startup_stm32f446xx.o(RESET)
 <LI><a href="#[4a]">CAN2_SCE_IRQHandler</a> from startup_stm32f446xx.o(.text) referenced from startup_stm32f446xx.o(RESET)
 <LI><a href="#[47]">CAN2_TX_IRQHandler</a> from startup_stm32f446xx.o(.text) referenced from startup_stm32f446xx.o(RESET)
 <LI><a href="#[5c]">CEC_IRQHandler</a> from startup_stm32f446xx.o(.text) referenced from startup_stm32f446xx.o(RESET)
 <LI><a href="#[56]">DCMI_IRQHandler</a> from startup_stm32f446xx.o(.text) referenced from startup_stm32f446xx.o(RESET)
 <LI><a href="#[15]">DMA1_Stream0_IRQHandler</a> from startup_stm32f446xx.o(.text) referenced from startup_stm32f446xx.o(RESET)
 <LI><a href="#[16]">DMA1_Stream1_IRQHandler</a> from startup_stm32f446xx.o(.text) referenced from startup_stm32f446xx.o(RESET)
 <LI><a href="#[17]">DMA1_Stream2_IRQHandler</a> from startup_stm32f446xx.o(.text) referenced from startup_stm32f446xx.o(RESET)
 <LI><a href="#[18]">DMA1_Stream3_IRQHandler</a> from startup_stm32f446xx.o(.text) referenced from startup_stm32f446xx.o(RESET)
 <LI><a href="#[19]">DMA1_Stream4_IRQHandler</a> from startup_stm32f446xx.o(.text) referenced from startup_stm32f446xx.o(RESET)
 <LI><a href="#[1a]">DMA1_Stream5_IRQHandler</a> from startup_stm32f446xx.o(.text) referenced from startup_stm32f446xx.o(RESET)
 <LI><a href="#[1b]">DMA1_Stream6_IRQHandler</a> from startup_stm32f446xx.o(.text) referenced from startup_stm32f446xx.o(RESET)
 <LI><a href="#[39]">DMA1_Stream7_IRQHandler</a> from startup_stm32f446xx.o(.text) referenced from startup_stm32f446xx.o(RESET)
 <LI><a href="#[42]">DMA2_Stream0_IRQHandler</a> from startup_stm32f446xx.o(.text) referenced from startup_stm32f446xx.o(RESET)
 <LI><a href="#[43]">DMA2_Stream1_IRQHandler</a> from startup_stm32f446xx.o(.text) referenced from startup_stm32f446xx.o(RESET)
 <LI><a href="#[44]">DMA2_Stream2_IRQHandler</a> from startup_stm32f446xx.o(.text) referenced from startup_stm32f446xx.o(RESET)
 <LI><a href="#[45]">DMA2_Stream3_IRQHandler</a> from startup_stm32f446xx.o(.text) referenced from startup_stm32f446xx.o(RESET)
 <LI><a href="#[46]">DMA2_Stream4_IRQHandler</a> from startup_stm32f446xx.o(.text) referenced from startup_stm32f446xx.o(RESET)
 <LI><a href="#[4c]">DMA2_Stream5_IRQHandler</a> from startup_stm32f446xx.o(.text) referenced from startup_stm32f446xx.o(RESET)
 <LI><a href="#[4d]">DMA2_Stream6_IRQHandler</a> from startup_stm32f446xx.o(.text) referenced from startup_stm32f446xx.o(RESET)
 <LI><a href="#[4e]">DMA2_Stream7_IRQHandler</a> from startup_stm32f446xx.o(.text) referenced from startup_stm32f446xx.o(RESET)
 <LI><a href="#[7]">DebugMon_Handler</a> from stm32f4xx_it.o(.text.DebugMon_Handler) referenced from startup_stm32f446xx.o(RESET)
 <LI><a href="#[10]">EXTI0_IRQHandler</a> from startup_stm32f446xx.o(.text) referenced from startup_stm32f446xx.o(RESET)
 <LI><a href="#[32]">EXTI15_10_IRQHandler</a> from startup_stm32f446xx.o(.text) referenced from startup_stm32f446xx.o(RESET)
 <LI><a href="#[11]">EXTI1_IRQHandler</a> from startup_stm32f446xx.o(.text) referenced from startup_stm32f446xx.o(RESET)
 <LI><a href="#[12]">EXTI2_IRQHandler</a> from startup_stm32f446xx.o(.text) referenced from startup_stm32f446xx.o(RESET)
 <LI><a href="#[13]">EXTI3_IRQHandler</a> from startup_stm32f446xx.o(.text) referenced from startup_stm32f446xx.o(RESET)
 <LI><a href="#[14]">EXTI4_IRQHandler</a> from startup_stm32f446xx.o(.text) referenced from startup_stm32f446xx.o(RESET)
 <LI><a href="#[21]">EXTI9_5_IRQHandler</a> from startup_stm32f446xx.o(.text) referenced from startup_stm32f446xx.o(RESET)
 <LI><a href="#[e]">FLASH_IRQHandler</a> from startup_stm32f446xx.o(.text) referenced from startup_stm32f446xx.o(RESET)
 <LI><a href="#[3a]">FMC_IRQHandler</a> from startup_stm32f446xx.o(.text) referenced from startup_stm32f446xx.o(RESET)
 <LI><a href="#[5f]">FMPI2C1_Error_IRQHandler</a> from startup_stm32f446xx.o(.text) referenced from startup_stm32f446xx.o(RESET)
 <LI><a href="#[5e]">FMPI2C1_Event_IRQHandler</a> from startup_stm32f446xx.o(.text) referenced from startup_stm32f446xx.o(RESET)
 <LI><a href="#[57]">FPU_IRQHandler</a> from startup_stm32f446xx.o(.text) referenced from startup_stm32f446xx.o(RESET)
 <LI><a href="#[2]">HardFault_Handler</a> from stm32f4xx_it.o(.text.HardFault_Handler) referenced from startup_stm32f446xx.o(RESET)
 <LI><a href="#[2a]">I2C1_ER_IRQHandler</a> from startup_stm32f446xx.o(.text) referenced from startup_stm32f446xx.o(RESET)
 <LI><a href="#[29]">I2C1_EV_IRQHandler</a> from startup_stm32f446xx.o(.text) referenced from startup_stm32f446xx.o(RESET)
 <LI><a href="#[2c]">I2C2_ER_IRQHandler</a> from startup_stm32f446xx.o(.text) referenced from startup_stm32f446xx.o(RESET)
 <LI><a href="#[2b]">I2C2_EV_IRQHandler</a> from startup_stm32f446xx.o(.text) referenced from startup_stm32f446xx.o(RESET)
 <LI><a href="#[51]">I2C3_ER_IRQHandler</a> from startup_stm32f446xx.o(.text) referenced from startup_stm32f446xx.o(RESET)
 <LI><a href="#[50]">I2C3_EV_IRQHandler</a> from startup_stm32f446xx.o(.text) referenced from startup_stm32f446xx.o(RESET)
 <LI><a href="#[3]">MemManage_Handler</a> from stm32f4xx_it.o(.text.MemManage_Handler) referenced from startup_stm32f446xx.o(RESET)
 <LI><a href="#[1]">NMI_Handler</a> from stm32f4xx_it.o(.text.NMI_Handler) referenced from startup_stm32f446xx.o(RESET)
 <LI><a href="#[4b]">OTG_FS_IRQHandler</a> from startup_stm32f446xx.o(.text) referenced from startup_stm32f446xx.o(RESET)
 <LI><a href="#[34]">OTG_FS_WKUP_IRQHandler</a> from startup_stm32f446xx.o(.text) referenced from startup_stm32f446xx.o(RESET)
 <LI><a href="#[53]">OTG_HS_EP1_IN_IRQHandler</a> from startup_stm32f446xx.o(.text) referenced from startup_stm32f446xx.o(RESET)
 <LI><a href="#[52]">OTG_HS_EP1_OUT_IRQHandler</a> from startup_stm32f446xx.o(.text) referenced from startup_stm32f446xx.o(RESET)
 <LI><a href="#[55]">OTG_HS_IRQHandler</a> from startup_stm32f446xx.o(.text) referenced from startup_stm32f446xx.o(RESET)
 <LI><a href="#[54]">OTG_HS_WKUP_IRQHandler</a> from startup_stm32f446xx.o(.text) referenced from startup_stm32f446xx.o(RESET)
 <LI><a href="#[b]">PVD_IRQHandler</a> from startup_stm32f446xx.o(.text) referenced from startup_stm32f446xx.o(RESET)
 <LI><a href="#[8]">PendSV_Handler</a> from port.o(.text.PendSV_Handler) referenced from startup_stm32f446xx.o(RESET)
 <LI><a href="#[5b]">QuadSPI_IRQHandler</a> from startup_stm32f446xx.o(.text) referenced from startup_stm32f446xx.o(RESET)
 <LI><a href="#[f]">RCC_IRQHandler</a> from startup_stm32f446xx.o(.text) referenced from startup_stm32f446xx.o(RESET)
 <LI><a href="#[33]">RTC_Alarm_IRQHandler</a> from startup_stm32f446xx.o(.text) referenced from startup_stm32f446xx.o(RESET)
 <LI><a href="#[d]">RTC_WKUP_IRQHandler</a> from startup_stm32f446xx.o(.text) referenced from startup_stm32f446xx.o(RESET)
 <LI><a href="#[0]">Reset_Handler</a> from startup_stm32f446xx.o(.text) referenced from startup_stm32f446xx.o(RESET)
 <LI><a href="#[59]">SAI1_IRQHandler</a> from startup_stm32f446xx.o(.text) referenced from startup_stm32f446xx.o(RESET)
 <LI><a href="#[5a]">SAI2_IRQHandler</a> from startup_stm32f446xx.o(.text) referenced from startup_stm32f446xx.o(RESET)
 <LI><a href="#[3b]">SDIO_IRQHandler</a> from startup_stm32f446xx.o(.text) referenced from startup_stm32f446xx.o(RESET)
 <LI><a href="#[5d]">SPDIF_RX_IRQHandler</a> from startup_stm32f446xx.o(.text) referenced from startup_stm32f446xx.o(RESET)
 <LI><a href="#[2d]">SPI1_IRQHandler</a> from startup_stm32f446xx.o(.text) referenced from startup_stm32f446xx.o(RESET)
 <LI><a href="#[2e]">SPI2_IRQHandler</a> from startup_stm32f446xx.o(.text) referenced from startup_stm32f446xx.o(RESET)
 <LI><a href="#[3d]">SPI3_IRQHandler</a> from startup_stm32f446xx.o(.text) referenced from startup_stm32f446xx.o(RESET)
 <LI><a href="#[58]">SPI4_IRQHandler</a> from startup_stm32f446xx.o(.text) referenced from startup_stm32f446xx.o(RESET)
 <LI><a href="#[6]">SVC_Handler</a> from port.o(.text.SVC_Handler) referenced from startup_stm32f446xx.o(RESET)
 <LI><a href="#[9]">SysTick_Handler</a> from delay.o(.text.SysTick_Handler) referenced from startup_stm32f446xx.o(RESET)
 <LI><a href="#[67]">SystemCreatTask</a> from main.o(.text.SystemCreatTask) referenced 2 times from main.o(.text.main)
 <LI><a href="#[61]">SystemInit</a> from system_stm32f4xx.o(.text.SystemInit) referenced from startup_stm32f446xx.o(.text)
 <LI><a href="#[c]">TAMP_STAMP_IRQHandler</a> from startup_stm32f446xx.o(.text) referenced from startup_stm32f446xx.o(RESET)
 <LI><a href="#[22]">TIM1_BRK_TIM9_IRQHandler</a> from startup_stm32f446xx.o(.text) referenced from startup_stm32f446xx.o(RESET)
 <LI><a href="#[25]">TIM1_CC_IRQHandler</a> from startup_stm32f446xx.o(.text) referenced from startup_stm32f446xx.o(RESET)
 <LI><a href="#[24]">TIM1_TRG_COM_TIM11_IRQHandler</a> from startup_stm32f446xx.o(.text) referenced from startup_stm32f446xx.o(RESET)
 <LI><a href="#[23]">TIM1_UP_TIM10_IRQHandler</a> from startup_stm32f446xx.o(.text) referenced from startup_stm32f446xx.o(RESET)
 <LI><a href="#[26]">TIM2_IRQHandler</a> from key.o(.text.TIM2_IRQHandler) referenced from startup_stm32f446xx.o(RESET)
 <LI><a href="#[27]">TIM3_IRQHandler</a> from timerx.o(.text.TIM3_IRQHandler) referenced from startup_stm32f446xx.o(RESET)
 <LI><a href="#[28]">TIM4_IRQHandler</a> from startup_stm32f446xx.o(.text) referenced from startup_stm32f446xx.o(RESET)
 <LI><a href="#[3c]">TIM5_IRQHandler</a> from startup_stm32f446xx.o(.text) referenced from startup_stm32f446xx.o(RESET)
 <LI><a href="#[40]">TIM6_DAC_IRQHandler</a> from startup_stm32f446xx.o(.text) referenced from startup_stm32f446xx.o(RESET)
 <LI><a href="#[41]">TIM7_IRQHandler</a> from startup_stm32f446xx.o(.text) referenced from startup_stm32f446xx.o(RESET)
 <LI><a href="#[35]">TIM8_BRK_TIM12_IRQHandler</a> from startup_stm32f446xx.o(.text) referenced from startup_stm32f446xx.o(RESET)
 <LI><a href="#[38]">TIM8_CC_IRQHandler</a> from startup_stm32f446xx.o(.text) referenced from startup_stm32f446xx.o(RESET)
 <LI><a href="#[37]">TIM8_TRG_COM_TIM14_IRQHandler</a> from startup_stm32f446xx.o(.text) referenced from startup_stm32f446xx.o(RESET)
 <LI><a href="#[36]">TIM8_UP_TIM13_IRQHandler</a> from startup_stm32f446xx.o(.text) referenced from startup_stm32f446xx.o(RESET)
 <LI><a href="#[63]">Task1</a> from main.o(.text.Task1) referenced 2 times from main.o(.text.SystemCreatTask)
 <LI><a href="#[65]">Task2</a> from main.o(.text.Task2) referenced 2 times from main.o(.text.SystemCreatTask)
 <LI><a href="#[66]">Task3</a> from main.o(.text.Task3) referenced 2 times from main.o(.text.SystemCreatTask)
 <LI><a href="#[3e]">UART4_IRQHandler</a> from startup_stm32f446xx.o(.text) referenced from startup_stm32f446xx.o(RESET)
 <LI><a href="#[3f]">UART5_IRQHandler</a> from startup_stm32f446xx.o(.text) referenced from startup_stm32f446xx.o(RESET)
 <LI><a href="#[2f]">USART1_IRQHandler</a> from usart.o(.text.USART1_IRQHandler) referenced from startup_stm32f446xx.o(RESET)
 <LI><a href="#[30]">USART2_IRQHandler</a> from startup_stm32f446xx.o(.text) referenced from startup_stm32f446xx.o(RESET)
 <LI><a href="#[31]">USART3_IRQHandler</a> from startup_stm32f446xx.o(.text) referenced from startup_stm32f446xx.o(RESET)
 <LI><a href="#[4f]">USART6_IRQHandler</a> from startup_stm32f446xx.o(.text) referenced from startup_stm32f446xx.o(RESET)
 <LI><a href="#[5]">UsageFault_Handler</a> from stm32f4xx_it.o(.text.UsageFault_Handler) referenced from startup_stm32f446xx.o(RESET)
 <LI><a href="#[a]">WWDG_IRQHandler</a> from startup_stm32f446xx.o(.text) referenced from startup_stm32f446xx.o(RESET)
 <LI><a href="#[62]">__main</a> from entry.o(.ARM.Collect$$$$00000000) referenced from startup_stm32f446xx.o(.text)
 <LI><a href="#[6b]">fputc</a> from usart.o(.text.fputc) referenced from printfa.o(i.__0printf)
 <LI><a href="#[60]">main</a> from main.o(.text.main) referenced from entry9a.o(.ARM.Collect$$$$0000000B)
 <LI><a href="#[69]">prvIdleTask</a> from tasks.o(.text.prvIdleTask) referenced 2 times from tasks.o(.text.vTaskStartScheduler)
 <LI><a href="#[68]">prvTaskExitError</a> from port.o(.text.prvTaskExitError) referenced 2 times from port.o(.text.pxPortInitialiseStack)
 <LI><a href="#[6a]">prvTimerTask</a> from timers.o(.text.prvTimerTask) referenced 2 times from timers.o(.text.xTimerCreateTimerTask)
 <LI><a href="#[64]">vKey_Task</a> from key.o(.text.vKey_Task) referenced 2 times from main.o(.text.SystemCreatTask)
</UL>
<P>
<H3>
Global Symbols
</H3>
<P><STRONG><a name="[62]"></a>__main</STRONG> (Thumb, 0 bytes, Stack size unknown bytes, entry.o(.ARM.Collect$$$$00000000))
<BR>[Address Reference Count : 1]<UL><LI> startup_stm32f446xx.o(.text)
</UL>
<P><STRONG><a name="[f1]"></a>_main_stk</STRONG> (Thumb, 0 bytes, Stack size unknown bytes, entry2.o(.ARM.Collect$$$$00000001))

<P><STRONG><a name="[6d]"></a>_main_scatterload</STRONG> (Thumb, 0 bytes, Stack size unknown bytes, entry5.o(.ARM.Collect$$$$00000004))
<BR><BR>[Calls]<UL><LI><a href="#[6e]">&gt;&gt;</a>&nbsp;&nbsp;&nbsp;__scatterload
</UL>

<P><STRONG><a name="[7e]"></a>__main_after_scatterload</STRONG> (Thumb, 0 bytes, Stack size unknown bytes, entry5.o(.ARM.Collect$$$$00000004))
<BR><BR>[Called By]<UL><LI><a href="#[6e]">&gt;&gt;</a>&nbsp;&nbsp;&nbsp;__scatterload
</UL>

<P><STRONG><a name="[f2]"></a>_main_clock</STRONG> (Thumb, 0 bytes, Stack size unknown bytes, entry7b.o(.ARM.Collect$$$$00000008))

<P><STRONG><a name="[f3]"></a>_main_cpp_init</STRONG> (Thumb, 0 bytes, Stack size unknown bytes, entry8b.o(.ARM.Collect$$$$0000000A))

<P><STRONG><a name="[f4]"></a>_main_init</STRONG> (Thumb, 0 bytes, Stack size unknown bytes, entry9a.o(.ARM.Collect$$$$0000000B))

<P><STRONG><a name="[f5]"></a>__rt_final_cpp</STRONG> (Thumb, 0 bytes, Stack size unknown bytes, entry10a.o(.ARM.Collect$$$$0000000D))

<P><STRONG><a name="[f6]"></a>__rt_final_exit</STRONG> (Thumb, 0 bytes, Stack size unknown bytes, entry11a.o(.ARM.Collect$$$$0000000F))

<P><STRONG><a name="[0]"></a>Reset_Handler</STRONG> (Thumb, 8 bytes, Stack size 0 bytes, startup_stm32f446xx.o(.text))
<BR>[Address Reference Count : 1]<UL><LI> startup_stm32f446xx.o(RESET)
</UL>
<P><STRONG><a name="[1c]"></a>ADC_IRQHandler</STRONG> (Thumb, 0 bytes, Stack size 0 bytes, startup_stm32f446xx.o(.text))
<BR><BR>[Calls]<UL><LI><a href="#[1c]">&gt;&gt;</a>&nbsp;&nbsp;&nbsp;ADC_IRQHandler
</UL>
<BR>[Called By]<UL><LI><a href="#[1c]">&gt;&gt;</a>&nbsp;&nbsp;&nbsp;ADC_IRQHandler
</UL>
<BR>[Address Reference Count : 1]<UL><LI> startup_stm32f446xx.o(RESET)
</UL>
<P><STRONG><a name="[1e]"></a>CAN1_RX0_IRQHandler</STRONG> (Thumb, 0 bytes, Stack size 0 bytes, startup_stm32f446xx.o(.text))
<BR>[Address Reference Count : 1]<UL><LI> startup_stm32f446xx.o(RESET)
</UL>
<P><STRONG><a name="[1f]"></a>CAN1_RX1_IRQHandler</STRONG> (Thumb, 0 bytes, Stack size 0 bytes, startup_stm32f446xx.o(.text))
<BR>[Address Reference Count : 1]<UL><LI> startup_stm32f446xx.o(RESET)
</UL>
<P><STRONG><a name="[20]"></a>CAN1_SCE_IRQHandler</STRONG> (Thumb, 0 bytes, Stack size 0 bytes, startup_stm32f446xx.o(.text))
<BR>[Address Reference Count : 1]<UL><LI> startup_stm32f446xx.o(RESET)
</UL>
<P><STRONG><a name="[1d]"></a>CAN1_TX_IRQHandler</STRONG> (Thumb, 0 bytes, Stack size 0 bytes, startup_stm32f446xx.o(.text))
<BR>[Address Reference Count : 1]<UL><LI> startup_stm32f446xx.o(RESET)
</UL>
<P><STRONG><a name="[48]"></a>CAN2_RX0_IRQHandler</STRONG> (Thumb, 0 bytes, Stack size 0 bytes, startup_stm32f446xx.o(.text))
<BR>[Address Reference Count : 1]<UL><LI> startup_stm32f446xx.o(RESET)
</UL>
<P><STRONG><a name="[49]"></a>CAN2_RX1_IRQHandler</STRONG> (Thumb, 0 bytes, Stack size 0 bytes, startup_stm32f446xx.o(.text))
<BR>[Address Reference Count : 1]<UL><LI> startup_stm32f446xx.o(RESET)
</UL>
<P><STRONG><a name="[4a]"></a>CAN2_SCE_IRQHandler</STRONG> (Thumb, 0 bytes, Stack size 0 bytes, startup_stm32f446xx.o(.text))
<BR>[Address Reference Count : 1]<UL><LI> startup_stm32f446xx.o(RESET)
</UL>
<P><STRONG><a name="[47]"></a>CAN2_TX_IRQHandler</STRONG> (Thumb, 0 bytes, Stack size 0 bytes, startup_stm32f446xx.o(.text))
<BR>[Address Reference Count : 1]<UL><LI> startup_stm32f446xx.o(RESET)
</UL>
<P><STRONG><a name="[5c]"></a>CEC_IRQHandler</STRONG> (Thumb, 0 bytes, Stack size 0 bytes, startup_stm32f446xx.o(.text))
<BR>[Address Reference Count : 1]<UL><LI> startup_stm32f446xx.o(RESET)
</UL>
<P><STRONG><a name="[56]"></a>DCMI_IRQHandler</STRONG> (Thumb, 0 bytes, Stack size 0 bytes, startup_stm32f446xx.o(.text))
<BR>[Address Reference Count : 1]<UL><LI> startup_stm32f446xx.o(RESET)
</UL>
<P><STRONG><a name="[15]"></a>DMA1_Stream0_IRQHandler</STRONG> (Thumb, 0 bytes, Stack size 0 bytes, startup_stm32f446xx.o(.text))
<BR>[Address Reference Count : 1]<UL><LI> startup_stm32f446xx.o(RESET)
</UL>
<P><STRONG><a name="[16]"></a>DMA1_Stream1_IRQHandler</STRONG> (Thumb, 0 bytes, Stack size 0 bytes, startup_stm32f446xx.o(.text))
<BR>[Address Reference Count : 1]<UL><LI> startup_stm32f446xx.o(RESET)
</UL>
<P><STRONG><a name="[17]"></a>DMA1_Stream2_IRQHandler</STRONG> (Thumb, 0 bytes, Stack size 0 bytes, startup_stm32f446xx.o(.text))
<BR>[Address Reference Count : 1]<UL><LI> startup_stm32f446xx.o(RESET)
</UL>
<P><STRONG><a name="[18]"></a>DMA1_Stream3_IRQHandler</STRONG> (Thumb, 0 bytes, Stack size 0 bytes, startup_stm32f446xx.o(.text))
<BR>[Address Reference Count : 1]<UL><LI> startup_stm32f446xx.o(RESET)
</UL>
<P><STRONG><a name="[19]"></a>DMA1_Stream4_IRQHandler</STRONG> (Thumb, 0 bytes, Stack size 0 bytes, startup_stm32f446xx.o(.text))
<BR>[Address Reference Count : 1]<UL><LI> startup_stm32f446xx.o(RESET)
</UL>
<P><STRONG><a name="[1a]"></a>DMA1_Stream5_IRQHandler</STRONG> (Thumb, 0 bytes, Stack size 0 bytes, startup_stm32f446xx.o(.text))
<BR>[Address Reference Count : 1]<UL><LI> startup_stm32f446xx.o(RESET)
</UL>
<P><STRONG><a name="[1b]"></a>DMA1_Stream6_IRQHandler</STRONG> (Thumb, 0 bytes, Stack size 0 bytes, startup_stm32f446xx.o(.text))
<BR>[Address Reference Count : 1]<UL><LI> startup_stm32f446xx.o(RESET)
</UL>
<P><STRONG><a name="[39]"></a>DMA1_Stream7_IRQHandler</STRONG> (Thumb, 0 bytes, Stack size 0 bytes, startup_stm32f446xx.o(.text))
<BR>[Address Reference Count : 1]<UL><LI> startup_stm32f446xx.o(RESET)
</UL>
<P><STRONG><a name="[42]"></a>DMA2_Stream0_IRQHandler</STRONG> (Thumb, 0 bytes, Stack size 0 bytes, startup_stm32f446xx.o(.text))
<BR>[Address Reference Count : 1]<UL><LI> startup_stm32f446xx.o(RESET)
</UL>
<P><STRONG><a name="[43]"></a>DMA2_Stream1_IRQHandler</STRONG> (Thumb, 0 bytes, Stack size 0 bytes, startup_stm32f446xx.o(.text))
<BR>[Address Reference Count : 1]<UL><LI> startup_stm32f446xx.o(RESET)
</UL>
<P><STRONG><a name="[44]"></a>DMA2_Stream2_IRQHandler</STRONG> (Thumb, 0 bytes, Stack size 0 bytes, startup_stm32f446xx.o(.text))
<BR>[Address Reference Count : 1]<UL><LI> startup_stm32f446xx.o(RESET)
</UL>
<P><STRONG><a name="[45]"></a>DMA2_Stream3_IRQHandler</STRONG> (Thumb, 0 bytes, Stack size 0 bytes, startup_stm32f446xx.o(.text))
<BR>[Address Reference Count : 1]<UL><LI> startup_stm32f446xx.o(RESET)
</UL>
<P><STRONG><a name="[46]"></a>DMA2_Stream4_IRQHandler</STRONG> (Thumb, 0 bytes, Stack size 0 bytes, startup_stm32f446xx.o(.text))
<BR>[Address Reference Count : 1]<UL><LI> startup_stm32f446xx.o(RESET)
</UL>
<P><STRONG><a name="[4c]"></a>DMA2_Stream5_IRQHandler</STRONG> (Thumb, 0 bytes, Stack size 0 bytes, startup_stm32f446xx.o(.text))
<BR>[Address Reference Count : 1]<UL><LI> startup_stm32f446xx.o(RESET)
</UL>
<P><STRONG><a name="[4d]"></a>DMA2_Stream6_IRQHandler</STRONG> (Thumb, 0 bytes, Stack size 0 bytes, startup_stm32f446xx.o(.text))
<BR>[Address Reference Count : 1]<UL><LI> startup_stm32f446xx.o(RESET)
</UL>
<P><STRONG><a name="[4e]"></a>DMA2_Stream7_IRQHandler</STRONG> (Thumb, 0 bytes, Stack size 0 bytes, startup_stm32f446xx.o(.text))
<BR>[Address Reference Count : 1]<UL><LI> startup_stm32f446xx.o(RESET)
</UL>
<P><STRONG><a name="[10]"></a>EXTI0_IRQHandler</STRONG> (Thumb, 0 bytes, Stack size 0 bytes, startup_stm32f446xx.o(.text))
<BR>[Address Reference Count : 1]<UL><LI> startup_stm32f446xx.o(RESET)
</UL>
<P><STRONG><a name="[32]"></a>EXTI15_10_IRQHandler</STRONG> (Thumb, 0 bytes, Stack size 0 bytes, startup_stm32f446xx.o(.text))
<BR>[Address Reference Count : 1]<UL><LI> startup_stm32f446xx.o(RESET)
</UL>
<P><STRONG><a name="[11]"></a>EXTI1_IRQHandler</STRONG> (Thumb, 0 bytes, Stack size 0 bytes, startup_stm32f446xx.o(.text))
<BR>[Address Reference Count : 1]<UL><LI> startup_stm32f446xx.o(RESET)
</UL>
<P><STRONG><a name="[12]"></a>EXTI2_IRQHandler</STRONG> (Thumb, 0 bytes, Stack size 0 bytes, startup_stm32f446xx.o(.text))
<BR>[Address Reference Count : 1]<UL><LI> startup_stm32f446xx.o(RESET)
</UL>
<P><STRONG><a name="[13]"></a>EXTI3_IRQHandler</STRONG> (Thumb, 0 bytes, Stack size 0 bytes, startup_stm32f446xx.o(.text))
<BR>[Address Reference Count : 1]<UL><LI> startup_stm32f446xx.o(RESET)
</UL>
<P><STRONG><a name="[14]"></a>EXTI4_IRQHandler</STRONG> (Thumb, 0 bytes, Stack size 0 bytes, startup_stm32f446xx.o(.text))
<BR>[Address Reference Count : 1]<UL><LI> startup_stm32f446xx.o(RESET)
</UL>
<P><STRONG><a name="[21]"></a>EXTI9_5_IRQHandler</STRONG> (Thumb, 0 bytes, Stack size 0 bytes, startup_stm32f446xx.o(.text))
<BR>[Address Reference Count : 1]<UL><LI> startup_stm32f446xx.o(RESET)
</UL>
<P><STRONG><a name="[e]"></a>FLASH_IRQHandler</STRONG> (Thumb, 0 bytes, Stack size 0 bytes, startup_stm32f446xx.o(.text))
<BR>[Address Reference Count : 1]<UL><LI> startup_stm32f446xx.o(RESET)
</UL>
<P><STRONG><a name="[3a]"></a>FMC_IRQHandler</STRONG> (Thumb, 0 bytes, Stack size 0 bytes, startup_stm32f446xx.o(.text))
<BR>[Address Reference Count : 1]<UL><LI> startup_stm32f446xx.o(RESET)
</UL>
<P><STRONG><a name="[5f]"></a>FMPI2C1_Error_IRQHandler</STRONG> (Thumb, 0 bytes, Stack size 0 bytes, startup_stm32f446xx.o(.text))
<BR>[Address Reference Count : 1]<UL><LI> startup_stm32f446xx.o(RESET)
</UL>
<P><STRONG><a name="[5e]"></a>FMPI2C1_Event_IRQHandler</STRONG> (Thumb, 0 bytes, Stack size 0 bytes, startup_stm32f446xx.o(.text))
<BR>[Address Reference Count : 1]<UL><LI> startup_stm32f446xx.o(RESET)
</UL>
<P><STRONG><a name="[57]"></a>FPU_IRQHandler</STRONG> (Thumb, 0 bytes, Stack size 0 bytes, startup_stm32f446xx.o(.text))
<BR>[Address Reference Count : 1]<UL><LI> startup_stm32f446xx.o(RESET)
</UL>
<P><STRONG><a name="[2a]"></a>I2C1_ER_IRQHandler</STRONG> (Thumb, 0 bytes, Stack size 0 bytes, startup_stm32f446xx.o(.text))
<BR>[Address Reference Count : 1]<UL><LI> startup_stm32f446xx.o(RESET)
</UL>
<P><STRONG><a name="[29]"></a>I2C1_EV_IRQHandler</STRONG> (Thumb, 0 bytes, Stack size 0 bytes, startup_stm32f446xx.o(.text))
<BR>[Address Reference Count : 1]<UL><LI> startup_stm32f446xx.o(RESET)
</UL>
<P><STRONG><a name="[2c]"></a>I2C2_ER_IRQHandler</STRONG> (Thumb, 0 bytes, Stack size 0 bytes, startup_stm32f446xx.o(.text))
<BR>[Address Reference Count : 1]<UL><LI> startup_stm32f446xx.o(RESET)
</UL>
<P><STRONG><a name="[2b]"></a>I2C2_EV_IRQHandler</STRONG> (Thumb, 0 bytes, Stack size 0 bytes, startup_stm32f446xx.o(.text))
<BR>[Address Reference Count : 1]<UL><LI> startup_stm32f446xx.o(RESET)
</UL>
<P><STRONG><a name="[51]"></a>I2C3_ER_IRQHandler</STRONG> (Thumb, 0 bytes, Stack size 0 bytes, startup_stm32f446xx.o(.text))
<BR>[Address Reference Count : 1]<UL><LI> startup_stm32f446xx.o(RESET)
</UL>
<P><STRONG><a name="[50]"></a>I2C3_EV_IRQHandler</STRONG> (Thumb, 0 bytes, Stack size 0 bytes, startup_stm32f446xx.o(.text))
<BR>[Address Reference Count : 1]<UL><LI> startup_stm32f446xx.o(RESET)
</UL>
<P><STRONG><a name="[4b]"></a>OTG_FS_IRQHandler</STRONG> (Thumb, 0 bytes, Stack size 0 bytes, startup_stm32f446xx.o(.text))
<BR>[Address Reference Count : 1]<UL><LI> startup_stm32f446xx.o(RESET)
</UL>
<P><STRONG><a name="[34]"></a>OTG_FS_WKUP_IRQHandler</STRONG> (Thumb, 0 bytes, Stack size 0 bytes, startup_stm32f446xx.o(.text))
<BR>[Address Reference Count : 1]<UL><LI> startup_stm32f446xx.o(RESET)
</UL>
<P><STRONG><a name="[53]"></a>OTG_HS_EP1_IN_IRQHandler</STRONG> (Thumb, 0 bytes, Stack size 0 bytes, startup_stm32f446xx.o(.text))
<BR>[Address Reference Count : 1]<UL><LI> startup_stm32f446xx.o(RESET)
</UL>
<P><STRONG><a name="[52]"></a>OTG_HS_EP1_OUT_IRQHandler</STRONG> (Thumb, 0 bytes, Stack size 0 bytes, startup_stm32f446xx.o(.text))
<BR>[Address Reference Count : 1]<UL><LI> startup_stm32f446xx.o(RESET)
</UL>
<P><STRONG><a name="[55]"></a>OTG_HS_IRQHandler</STRONG> (Thumb, 0 bytes, Stack size 0 bytes, startup_stm32f446xx.o(.text))
<BR>[Address Reference Count : 1]<UL><LI> startup_stm32f446xx.o(RESET)
</UL>
<P><STRONG><a name="[54]"></a>OTG_HS_WKUP_IRQHandler</STRONG> (Thumb, 0 bytes, Stack size 0 bytes, startup_stm32f446xx.o(.text))
<BR>[Address Reference Count : 1]<UL><LI> startup_stm32f446xx.o(RESET)
</UL>
<P><STRONG><a name="[b]"></a>PVD_IRQHandler</STRONG> (Thumb, 0 bytes, Stack size 0 bytes, startup_stm32f446xx.o(.text))
<BR>[Address Reference Count : 1]<UL><LI> startup_stm32f446xx.o(RESET)
</UL>
<P><STRONG><a name="[5b]"></a>QuadSPI_IRQHandler</STRONG> (Thumb, 0 bytes, Stack size 0 bytes, startup_stm32f446xx.o(.text))
<BR>[Address Reference Count : 1]<UL><LI> startup_stm32f446xx.o(RESET)
</UL>
<P><STRONG><a name="[f]"></a>RCC_IRQHandler</STRONG> (Thumb, 0 bytes, Stack size 0 bytes, startup_stm32f446xx.o(.text))
<BR>[Address Reference Count : 1]<UL><LI> startup_stm32f446xx.o(RESET)
</UL>
<P><STRONG><a name="[33]"></a>RTC_Alarm_IRQHandler</STRONG> (Thumb, 0 bytes, Stack size 0 bytes, startup_stm32f446xx.o(.text))
<BR>[Address Reference Count : 1]<UL><LI> startup_stm32f446xx.o(RESET)
</UL>
<P><STRONG><a name="[d]"></a>RTC_WKUP_IRQHandler</STRONG> (Thumb, 0 bytes, Stack size 0 bytes, startup_stm32f446xx.o(.text))
<BR>[Address Reference Count : 1]<UL><LI> startup_stm32f446xx.o(RESET)
</UL>
<P><STRONG><a name="[59]"></a>SAI1_IRQHandler</STRONG> (Thumb, 0 bytes, Stack size 0 bytes, startup_stm32f446xx.o(.text))
<BR>[Address Reference Count : 1]<UL><LI> startup_stm32f446xx.o(RESET)
</UL>
<P><STRONG><a name="[5a]"></a>SAI2_IRQHandler</STRONG> (Thumb, 0 bytes, Stack size 0 bytes, startup_stm32f446xx.o(.text))
<BR>[Address Reference Count : 1]<UL><LI> startup_stm32f446xx.o(RESET)
</UL>
<P><STRONG><a name="[3b]"></a>SDIO_IRQHandler</STRONG> (Thumb, 0 bytes, Stack size 0 bytes, startup_stm32f446xx.o(.text))
<BR>[Address Reference Count : 1]<UL><LI> startup_stm32f446xx.o(RESET)
</UL>
<P><STRONG><a name="[5d]"></a>SPDIF_RX_IRQHandler</STRONG> (Thumb, 0 bytes, Stack size 0 bytes, startup_stm32f446xx.o(.text))
<BR>[Address Reference Count : 1]<UL><LI> startup_stm32f446xx.o(RESET)
</UL>
<P><STRONG><a name="[2d]"></a>SPI1_IRQHandler</STRONG> (Thumb, 0 bytes, Stack size 0 bytes, startup_stm32f446xx.o(.text))
<BR>[Address Reference Count : 1]<UL><LI> startup_stm32f446xx.o(RESET)
</UL>
<P><STRONG><a name="[2e]"></a>SPI2_IRQHandler</STRONG> (Thumb, 0 bytes, Stack size 0 bytes, startup_stm32f446xx.o(.text))
<BR>[Address Reference Count : 1]<UL><LI> startup_stm32f446xx.o(RESET)
</UL>
<P><STRONG><a name="[3d]"></a>SPI3_IRQHandler</STRONG> (Thumb, 0 bytes, Stack size 0 bytes, startup_stm32f446xx.o(.text))
<BR>[Address Reference Count : 1]<UL><LI> startup_stm32f446xx.o(RESET)
</UL>
<P><STRONG><a name="[58]"></a>SPI4_IRQHandler</STRONG> (Thumb, 0 bytes, Stack size 0 bytes, startup_stm32f446xx.o(.text))
<BR>[Address Reference Count : 1]<UL><LI> startup_stm32f446xx.o(RESET)
</UL>
<P><STRONG><a name="[c]"></a>TAMP_STAMP_IRQHandler</STRONG> (Thumb, 0 bytes, Stack size 0 bytes, startup_stm32f446xx.o(.text))
<BR>[Address Reference Count : 1]<UL><LI> startup_stm32f446xx.o(RESET)
</UL>
<P><STRONG><a name="[22]"></a>TIM1_BRK_TIM9_IRQHandler</STRONG> (Thumb, 0 bytes, Stack size 0 bytes, startup_stm32f446xx.o(.text))
<BR>[Address Reference Count : 1]<UL><LI> startup_stm32f446xx.o(RESET)
</UL>
<P><STRONG><a name="[25]"></a>TIM1_CC_IRQHandler</STRONG> (Thumb, 0 bytes, Stack size 0 bytes, startup_stm32f446xx.o(.text))
<BR>[Address Reference Count : 1]<UL><LI> startup_stm32f446xx.o(RESET)
</UL>
<P><STRONG><a name="[24]"></a>TIM1_TRG_COM_TIM11_IRQHandler</STRONG> (Thumb, 0 bytes, Stack size 0 bytes, startup_stm32f446xx.o(.text))
<BR>[Address Reference Count : 1]<UL><LI> startup_stm32f446xx.o(RESET)
</UL>
<P><STRONG><a name="[23]"></a>TIM1_UP_TIM10_IRQHandler</STRONG> (Thumb, 0 bytes, Stack size 0 bytes, startup_stm32f446xx.o(.text))
<BR>[Address Reference Count : 1]<UL><LI> startup_stm32f446xx.o(RESET)
</UL>
<P><STRONG><a name="[28]"></a>TIM4_IRQHandler</STRONG> (Thumb, 0 bytes, Stack size 0 bytes, startup_stm32f446xx.o(.text))
<BR>[Address Reference Count : 1]<UL><LI> startup_stm32f446xx.o(RESET)
</UL>
<P><STRONG><a name="[3c]"></a>TIM5_IRQHandler</STRONG> (Thumb, 0 bytes, Stack size 0 bytes, startup_stm32f446xx.o(.text))
<BR>[Address Reference Count : 1]<UL><LI> startup_stm32f446xx.o(RESET)
</UL>
<P><STRONG><a name="[40]"></a>TIM6_DAC_IRQHandler</STRONG> (Thumb, 0 bytes, Stack size 0 bytes, startup_stm32f446xx.o(.text))
<BR>[Address Reference Count : 1]<UL><LI> startup_stm32f446xx.o(RESET)
</UL>
<P><STRONG><a name="[41]"></a>TIM7_IRQHandler</STRONG> (Thumb, 0 bytes, Stack size 0 bytes, startup_stm32f446xx.o(.text))
<BR>[Address Reference Count : 1]<UL><LI> startup_stm32f446xx.o(RESET)
</UL>
<P><STRONG><a name="[35]"></a>TIM8_BRK_TIM12_IRQHandler</STRONG> (Thumb, 0 bytes, Stack size 0 bytes, startup_stm32f446xx.o(.text))
<BR>[Address Reference Count : 1]<UL><LI> startup_stm32f446xx.o(RESET)
</UL>
<P><STRONG><a name="[38]"></a>TIM8_CC_IRQHandler</STRONG> (Thumb, 0 bytes, Stack size 0 bytes, startup_stm32f446xx.o(.text))
<BR>[Address Reference Count : 1]<UL><LI> startup_stm32f446xx.o(RESET)
</UL>
<P><STRONG><a name="[37]"></a>TIM8_TRG_COM_TIM14_IRQHandler</STRONG> (Thumb, 0 bytes, Stack size 0 bytes, startup_stm32f446xx.o(.text))
<BR>[Address Reference Count : 1]<UL><LI> startup_stm32f446xx.o(RESET)
</UL>
<P><STRONG><a name="[36]"></a>TIM8_UP_TIM13_IRQHandler</STRONG> (Thumb, 0 bytes, Stack size 0 bytes, startup_stm32f446xx.o(.text))
<BR>[Address Reference Count : 1]<UL><LI> startup_stm32f446xx.o(RESET)
</UL>
<P><STRONG><a name="[3e]"></a>UART4_IRQHandler</STRONG> (Thumb, 0 bytes, Stack size 0 bytes, startup_stm32f446xx.o(.text))
<BR>[Address Reference Count : 1]<UL><LI> startup_stm32f446xx.o(RESET)
</UL>
<P><STRONG><a name="[3f]"></a>UART5_IRQHandler</STRONG> (Thumb, 0 bytes, Stack size 0 bytes, startup_stm32f446xx.o(.text))
<BR>[Address Reference Count : 1]<UL><LI> startup_stm32f446xx.o(RESET)
</UL>
<P><STRONG><a name="[30]"></a>USART2_IRQHandler</STRONG> (Thumb, 0 bytes, Stack size 0 bytes, startup_stm32f446xx.o(.text))
<BR>[Address Reference Count : 1]<UL><LI> startup_stm32f446xx.o(RESET)
</UL>
<P><STRONG><a name="[31]"></a>USART3_IRQHandler</STRONG> (Thumb, 0 bytes, Stack size 0 bytes, startup_stm32f446xx.o(.text))
<BR>[Address Reference Count : 1]<UL><LI> startup_stm32f446xx.o(RESET)
</UL>
<P><STRONG><a name="[4f]"></a>USART6_IRQHandler</STRONG> (Thumb, 0 bytes, Stack size 0 bytes, startup_stm32f446xx.o(.text))
<BR>[Address Reference Count : 1]<UL><LI> startup_stm32f446xx.o(RESET)
</UL>
<P><STRONG><a name="[a]"></a>WWDG_IRQHandler</STRONG> (Thumb, 0 bytes, Stack size 0 bytes, startup_stm32f446xx.o(.text))
<BR>[Address Reference Count : 1]<UL><LI> startup_stm32f446xx.o(RESET)
</UL>
<P><STRONG><a name="[cd]"></a>__aeabi_memcpy</STRONG> (Thumb, 36 bytes, Stack size 0 bytes, memcpya.o(.text))
<BR><BR>[Called By]<UL><LI><a href="#[ad]">&gt;&gt;</a>&nbsp;&nbsp;&nbsp;xQueueReceive
<LI><a href="#[cc]">&gt;&gt;</a>&nbsp;&nbsp;&nbsp;prvNotifyQueueSetContainer
<LI><a href="#[ae]">&gt;&gt;</a>&nbsp;&nbsp;&nbsp;xQueueGenericSend
</UL>

<P><STRONG><a name="[f7]"></a>__aeabi_memcpy4</STRONG> (Thumb, 0 bytes, Stack size 0 bytes, memcpya.o(.text), UNUSED)

<P><STRONG><a name="[f8]"></a>__aeabi_memcpy8</STRONG> (Thumb, 0 bytes, Stack size 0 bytes, memcpya.o(.text), UNUSED)

<P><STRONG><a name="[70]"></a>__aeabi_memset</STRONG> (Thumb, 14 bytes, Stack size 0 bytes, memseta.o(.text))
<BR><BR>[Called By]<UL><LI><a href="#[71]">&gt;&gt;</a>&nbsp;&nbsp;&nbsp;_memset$wrapper
<LI><a href="#[6f]">&gt;&gt;</a>&nbsp;&nbsp;&nbsp;__aeabi_memclr
</UL>

<P><STRONG><a name="[e7]"></a>__aeabi_memset4</STRONG> (Thumb, 0 bytes, Stack size 0 bytes, memseta.o(.text))
<BR><BR>[Called By]<UL><LI><a href="#[a2]">&gt;&gt;</a>&nbsp;&nbsp;&nbsp;xTaskCreate
</UL>

<P><STRONG><a name="[f9]"></a>__aeabi_memset8</STRONG> (Thumb, 0 bytes, Stack size 0 bytes, memseta.o(.text), UNUSED)

<P><STRONG><a name="[6f]"></a>__aeabi_memclr</STRONG> (Thumb, 4 bytes, Stack size 0 bytes, memseta.o(.text))
<BR><BR>[Calls]<UL><LI><a href="#[70]">&gt;&gt;</a>&nbsp;&nbsp;&nbsp;__aeabi_memset
</UL>
<BR>[Called By]<UL><LI><a href="#[a2]">&gt;&gt;</a>&nbsp;&nbsp;&nbsp;xTaskCreate
</UL>

<P><STRONG><a name="[fa]"></a>__aeabi_memclr4</STRONG> (Thumb, 0 bytes, Stack size 0 bytes, memseta.o(.text), UNUSED)

<P><STRONG><a name="[fb]"></a>__aeabi_memclr8</STRONG> (Thumb, 0 bytes, Stack size 0 bytes, memseta.o(.text), UNUSED)

<P><STRONG><a name="[71]"></a>_memset$wrapper</STRONG> (Thumb, 18 bytes, Stack size 8 bytes, memseta.o(.text), UNUSED)
<BR><BR>[Calls]<UL><LI><a href="#[70]">&gt;&gt;</a>&nbsp;&nbsp;&nbsp;__aeabi_memset
</UL>

<P><STRONG><a name="[72]"></a>__aeabi_dadd</STRONG> (Thumb, 322 bytes, Stack size 48 bytes, dadd.o(.text), UNUSED)
<BR><BR>[Calls]<UL><LI><a href="#[74]">&gt;&gt;</a>&nbsp;&nbsp;&nbsp;__aeabi_lasr
<LI><a href="#[73]">&gt;&gt;</a>&nbsp;&nbsp;&nbsp;__aeabi_llsl
<LI><a href="#[76]">&gt;&gt;</a>&nbsp;&nbsp;&nbsp;_double_round
<LI><a href="#[75]">&gt;&gt;</a>&nbsp;&nbsp;&nbsp;_double_epilogue
</UL>
<BR>[Called By]<UL><LI><a href="#[77]">&gt;&gt;</a>&nbsp;&nbsp;&nbsp;__aeabi_dsub
<LI><a href="#[78]">&gt;&gt;</a>&nbsp;&nbsp;&nbsp;__aeabi_drsub
<LI><a href="#[ec]">&gt;&gt;</a>&nbsp;&nbsp;&nbsp;_fp_digits
</UL>

<P><STRONG><a name="[77]"></a>__aeabi_dsub</STRONG> (Thumb, 6 bytes, Stack size 0 bytes, dadd.o(.text), UNUSED)
<BR><BR>[Calls]<UL><LI><a href="#[72]">&gt;&gt;</a>&nbsp;&nbsp;&nbsp;__aeabi_dadd
</UL>

<P><STRONG><a name="[78]"></a>__aeabi_drsub</STRONG> (Thumb, 6 bytes, Stack size 0 bytes, dadd.o(.text), UNUSED)
<BR><BR>[Calls]<UL><LI><a href="#[72]">&gt;&gt;</a>&nbsp;&nbsp;&nbsp;__aeabi_dadd
</UL>

<P><STRONG><a name="[79]"></a>__aeabi_dmul</STRONG> (Thumb, 228 bytes, Stack size 48 bytes, dmul.o(.text), UNUSED)
<BR><BR>[Calls]<UL><LI><a href="#[75]">&gt;&gt;</a>&nbsp;&nbsp;&nbsp;_double_epilogue
</UL>
<BR>[Called By]<UL><LI><a href="#[ec]">&gt;&gt;</a>&nbsp;&nbsp;&nbsp;_fp_digits
</UL>

<P><STRONG><a name="[7a]"></a>__aeabi_ddiv</STRONG> (Thumb, 222 bytes, Stack size 32 bytes, ddiv.o(.text), UNUSED)
<BR><BR>[Calls]<UL><LI><a href="#[76]">&gt;&gt;</a>&nbsp;&nbsp;&nbsp;_double_round
</UL>
<BR>[Called By]<UL><LI><a href="#[ec]">&gt;&gt;</a>&nbsp;&nbsp;&nbsp;_fp_digits
</UL>

<P><STRONG><a name="[fc]"></a>__aeabi_uidiv</STRONG> (Thumb, 0 bytes, Stack size 12 bytes, uidiv.o(.text), UNUSED)

<P><STRONG><a name="[f0]"></a>__aeabi_uidivmod</STRONG> (Thumb, 44 bytes, Stack size 12 bytes, uidiv.o(.text), UNUSED)
<BR><BR>[Called By]<UL><LI><a href="#[eb]">&gt;&gt;</a>&nbsp;&nbsp;&nbsp;_printf_core
</UL>

<P><STRONG><a name="[7b]"></a>__aeabi_uldivmod</STRONG> (Thumb, 98 bytes, Stack size 40 bytes, uldiv.o(.text), UNUSED)
<BR><BR>[Calls]<UL><LI><a href="#[7c]">&gt;&gt;</a>&nbsp;&nbsp;&nbsp;__aeabi_llsr
<LI><a href="#[73]">&gt;&gt;</a>&nbsp;&nbsp;&nbsp;__aeabi_llsl
</UL>
<BR>[Called By]<UL><LI><a href="#[eb]">&gt;&gt;</a>&nbsp;&nbsp;&nbsp;_printf_core
<LI><a href="#[ec]">&gt;&gt;</a>&nbsp;&nbsp;&nbsp;_fp_digits
</UL>

<P><STRONG><a name="[73]"></a>__aeabi_llsl</STRONG> (Thumb, 30 bytes, Stack size 0 bytes, llshl.o(.text), UNUSED)
<BR><BR>[Called By]<UL><LI><a href="#[72]">&gt;&gt;</a>&nbsp;&nbsp;&nbsp;__aeabi_dadd
<LI><a href="#[7b]">&gt;&gt;</a>&nbsp;&nbsp;&nbsp;__aeabi_uldivmod
<LI><a href="#[75]">&gt;&gt;</a>&nbsp;&nbsp;&nbsp;_double_epilogue
<LI><a href="#[7d]">&gt;&gt;</a>&nbsp;&nbsp;&nbsp;__aeabi_d2ulz
</UL>

<P><STRONG><a name="[fd]"></a>_ll_shift_l</STRONG> (Thumb, 0 bytes, Stack size 0 bytes, llshl.o(.text), UNUSED)

<P><STRONG><a name="[74]"></a>__aeabi_lasr</STRONG> (Thumb, 36 bytes, Stack size 0 bytes, llsshr.o(.text), UNUSED)
<BR><BR>[Called By]<UL><LI><a href="#[72]">&gt;&gt;</a>&nbsp;&nbsp;&nbsp;__aeabi_dadd
</UL>

<P><STRONG><a name="[fe]"></a>_ll_sshift_r</STRONG> (Thumb, 0 bytes, Stack size 0 bytes, llsshr.o(.text), UNUSED)

<P><STRONG><a name="[ff]"></a>__I$use$fp</STRONG> (Thumb, 0 bytes, Stack size 8 bytes, iusefp.o(.text), UNUSED)

<P><STRONG><a name="[76]"></a>_double_round</STRONG> (Thumb, 30 bytes, Stack size 8 bytes, depilogue.o(.text), UNUSED)
<BR><BR>[Called By]<UL><LI><a href="#[7a]">&gt;&gt;</a>&nbsp;&nbsp;&nbsp;__aeabi_ddiv
<LI><a href="#[72]">&gt;&gt;</a>&nbsp;&nbsp;&nbsp;__aeabi_dadd
<LI><a href="#[75]">&gt;&gt;</a>&nbsp;&nbsp;&nbsp;_double_epilogue
</UL>

<P><STRONG><a name="[75]"></a>_double_epilogue</STRONG> (Thumb, 156 bytes, Stack size 32 bytes, depilogue.o(.text), UNUSED)
<BR><BR>[Calls]<UL><LI><a href="#[7c]">&gt;&gt;</a>&nbsp;&nbsp;&nbsp;__aeabi_llsr
<LI><a href="#[73]">&gt;&gt;</a>&nbsp;&nbsp;&nbsp;__aeabi_llsl
<LI><a href="#[76]">&gt;&gt;</a>&nbsp;&nbsp;&nbsp;_double_round
</UL>
<BR>[Called By]<UL><LI><a href="#[79]">&gt;&gt;</a>&nbsp;&nbsp;&nbsp;__aeabi_dmul
<LI><a href="#[72]">&gt;&gt;</a>&nbsp;&nbsp;&nbsp;__aeabi_dadd
</UL>

<P><STRONG><a name="[7d]"></a>__aeabi_d2ulz</STRONG> (Thumb, 48 bytes, Stack size 0 bytes, dfixul.o(.text), UNUSED)
<BR><BR>[Calls]<UL><LI><a href="#[7c]">&gt;&gt;</a>&nbsp;&nbsp;&nbsp;__aeabi_llsr
<LI><a href="#[73]">&gt;&gt;</a>&nbsp;&nbsp;&nbsp;__aeabi_llsl
</UL>
<BR>[Called By]<UL><LI><a href="#[ec]">&gt;&gt;</a>&nbsp;&nbsp;&nbsp;_fp_digits
</UL>

<P><STRONG><a name="[ed]"></a>__aeabi_cdrcmple</STRONG> (Thumb, 48 bytes, Stack size 0 bytes, cdrcmple.o(.text), UNUSED)
<BR><BR>[Called By]<UL><LI><a href="#[ec]">&gt;&gt;</a>&nbsp;&nbsp;&nbsp;_fp_digits
</UL>

<P><STRONG><a name="[6e]"></a>__scatterload</STRONG> (Thumb, 38 bytes, Stack size 0 bytes, init.o(.text))
<BR><BR>[Calls]<UL><LI><a href="#[7e]">&gt;&gt;</a>&nbsp;&nbsp;&nbsp;__main_after_scatterload
</UL>
<BR>[Called By]<UL><LI><a href="#[6d]">&gt;&gt;</a>&nbsp;&nbsp;&nbsp;_main_scatterload
</UL>

<P><STRONG><a name="[100]"></a>__scatterload_rt2</STRONG> (Thumb, 0 bytes, Stack size 0 bytes, init.o(.text), UNUSED)

<P><STRONG><a name="[7c]"></a>__aeabi_llsr</STRONG> (Thumb, 32 bytes, Stack size 0 bytes, llushr.o(.text), UNUSED)
<BR><BR>[Called By]<UL><LI><a href="#[7b]">&gt;&gt;</a>&nbsp;&nbsp;&nbsp;__aeabi_uldivmod
<LI><a href="#[75]">&gt;&gt;</a>&nbsp;&nbsp;&nbsp;_double_epilogue
<LI><a href="#[7d]">&gt;&gt;</a>&nbsp;&nbsp;&nbsp;__aeabi_d2ulz
</UL>

<P><STRONG><a name="[101]"></a>_ll_ushift_r</STRONG> (Thumb, 0 bytes, Stack size 0 bytes, llushr.o(.text), UNUSED)

<P><STRONG><a name="[4]"></a>BusFault_Handler</STRONG> (Thumb, 2 bytes, Stack size 0 bytes, stm32f4xx_it.o(.text.BusFault_Handler))
<BR><BR>[Calls]<UL><LI><a href="#[4]">&gt;&gt;</a>&nbsp;&nbsp;&nbsp;BusFault_Handler
</UL>
<BR>[Called By]<UL><LI><a href="#[4]">&gt;&gt;</a>&nbsp;&nbsp;&nbsp;BusFault_Handler
</UL>
<BR>[Address Reference Count : 1]<UL><LI> startup_stm32f446xx.o(RESET)
</UL>
<P><STRONG><a name="[7]"></a>DebugMon_Handler</STRONG> (Thumb, 2 bytes, Stack size 0 bytes, stm32f4xx_it.o(.text.DebugMon_Handler))
<BR>[Address Reference Count : 1]<UL><LI> startup_stm32f446xx.o(RESET)
</UL>
<P><STRONG><a name="[7f]"></a>Delay_Init</STRONG> (Thumb, 96 bytes, Stack size 8 bytes, delay.o(.text.Delay_Init))
<BR><BR>[Stack]<UL><LI>Max Depth = 8<LI>Call Chain = Delay_Init
</UL>
<BR>[Calls]<UL><LI><a href="#[80]">&gt;&gt;</a>&nbsp;&nbsp;&nbsp;SysTick_CLKSourceConfig
</UL>
<BR>[Called By]<UL><LI><a href="#[60]">&gt;&gt;</a>&nbsp;&nbsp;&nbsp;main
</UL>

<P><STRONG><a name="[81]"></a>Delay_ms</STRONG> (Thumb, 94 bytes, Stack size 8 bytes, delay.o(.text.Delay_ms))
<BR><BR>[Stack]<UL><LI>Max Depth = 100<LI>Call Chain = Delay_ms &rArr; vTaskDelay &rArr; xTaskResumeAll &rArr; xTaskIncrementTick
</UL>
<BR>[Calls]<UL><LI><a href="#[82]">&gt;&gt;</a>&nbsp;&nbsp;&nbsp;xTaskGetSchedulerState
<LI><a href="#[83]">&gt;&gt;</a>&nbsp;&nbsp;&nbsp;vTaskDelay
</UL>
<BR>[Called By]<UL><LI><a href="#[95]">&gt;&gt;</a>&nbsp;&nbsp;&nbsp;LCD_Init
</UL>

<P><STRONG><a name="[92]"></a>Delay_us</STRONG> (Thumb, 58 bytes, Stack size 8 bytes, delay.o(.text.Delay_us))
<BR><BR>[Stack]<UL><LI>Max Depth = 8<LI>Call Chain = Delay_us
</UL>
<BR>[Called By]<UL><LI><a href="#[95]">&gt;&gt;</a>&nbsp;&nbsp;&nbsp;LCD_Init
<LI><a href="#[87]">&gt;&gt;</a>&nbsp;&nbsp;&nbsp;LCD_WR_DATA
<LI><a href="#[86]">&gt;&gt;</a>&nbsp;&nbsp;&nbsp;LCD_Address_Set
</UL>

<P><STRONG><a name="[84]"></a>Display_GB2312_String</STRONG> (Thumb, 580 bytes, Stack size 72 bytes, lcd.o(.text.Display_GB2312_String))
<BR><BR>[Stack]<UL><LI>Max Depth = 120<LI>Call Chain = Display_GB2312_String &rArr; LCD_Address_Set &rArr; LCD_SPI_WriteByte
</UL>
<BR>[Calls]<UL><LI><a href="#[85]">&gt;&gt;</a>&nbsp;&nbsp;&nbsp;W25Q128JV_Read_Data
<LI><a href="#[87]">&gt;&gt;</a>&nbsp;&nbsp;&nbsp;LCD_WR_DATA
<LI><a href="#[86]">&gt;&gt;</a>&nbsp;&nbsp;&nbsp;LCD_Address_Set
</UL>
<BR>[Called By]<UL><LI><a href="#[67]">&gt;&gt;</a>&nbsp;&nbsp;&nbsp;SystemCreatTask
<LI><a href="#[63]">&gt;&gt;</a>&nbsp;&nbsp;&nbsp;Task1
</UL>

<P><STRONG><a name="[8b]"></a>GPIO_Init</STRONG> (Thumb, 138 bytes, Stack size 28 bytes, stm32f4xx_gpio.o(.text.GPIO_Init))
<BR><BR>[Stack]<UL><LI>Max Depth = 28<LI>Call Chain = GPIO_Init
</UL>
<BR>[Called By]<UL><LI><a href="#[b9]">&gt;&gt;</a>&nbsp;&nbsp;&nbsp;Usart_Init
<LI><a href="#[bc]">&gt;&gt;</a>&nbsp;&nbsp;&nbsp;W25Q128JV_Config_Init
<LI><a href="#[96]">&gt;&gt;</a>&nbsp;&nbsp;&nbsp;LCD_SPIx_Init
<LI><a href="#[95]">&gt;&gt;</a>&nbsp;&nbsp;&nbsp;LCD_Init
<LI><a href="#[9d]">&gt;&gt;</a>&nbsp;&nbsp;&nbsp;LED_Init
<LI><a href="#[88]">&gt;&gt;</a>&nbsp;&nbsp;&nbsp;KEY_Init
</UL>

<P><STRONG><a name="[99]"></a>GPIO_PinAFConfig</STRONG> (Thumb, 40 bytes, Stack size 0 bytes, stm32f4xx_gpio.o(.text.GPIO_PinAFConfig))
<BR><BR>[Called By]<UL><LI><a href="#[b9]">&gt;&gt;</a>&nbsp;&nbsp;&nbsp;Usart_Init
<LI><a href="#[bc]">&gt;&gt;</a>&nbsp;&nbsp;&nbsp;W25Q128JV_Config_Init
<LI><a href="#[96]">&gt;&gt;</a>&nbsp;&nbsp;&nbsp;LCD_SPIx_Init
</UL>

<P><STRONG><a name="[8f]"></a>GPIO_ReadInputDataBit</STRONG> (Thumb, 10 bytes, Stack size 0 bytes, stm32f4xx_gpio.o(.text.GPIO_ReadInputDataBit))
<BR><BR>[Called By]<UL><LI><a href="#[8e]">&gt;&gt;</a>&nbsp;&nbsp;&nbsp;KEY_LOOP
</UL>

<P><STRONG><a name="[90]"></a>GPIO_ResetBits</STRONG> (Thumb, 6 bytes, Stack size 0 bytes, stm32f4xx_gpio.o(.text.GPIO_ResetBits))
<BR><BR>[Called By]<UL><LI><a href="#[95]">&gt;&gt;</a>&nbsp;&nbsp;&nbsp;LCD_Init
<LI><a href="#[87]">&gt;&gt;</a>&nbsp;&nbsp;&nbsp;LCD_WR_DATA
<LI><a href="#[86]">&gt;&gt;</a>&nbsp;&nbsp;&nbsp;LCD_Address_Set
</UL>

<P><STRONG><a name="[93]"></a>GPIO_SetBits</STRONG> (Thumb, 4 bytes, Stack size 0 bytes, stm32f4xx_gpio.o(.text.GPIO_SetBits))
<BR><BR>[Called By]<UL><LI><a href="#[96]">&gt;&gt;</a>&nbsp;&nbsp;&nbsp;LCD_SPIx_Init
<LI><a href="#[95]">&gt;&gt;</a>&nbsp;&nbsp;&nbsp;LCD_Init
<LI><a href="#[87]">&gt;&gt;</a>&nbsp;&nbsp;&nbsp;LCD_WR_DATA
<LI><a href="#[86]">&gt;&gt;</a>&nbsp;&nbsp;&nbsp;LCD_Address_Set
<LI><a href="#[9d]">&gt;&gt;</a>&nbsp;&nbsp;&nbsp;LED_Init
</UL>

<P><STRONG><a name="[bd]"></a>GPIO_WriteBit</STRONG> (Thumb, 10 bytes, Stack size 0 bytes, stm32f4xx_gpio.o(.text.GPIO_WriteBit))
<BR><BR>[Called By]<UL><LI><a href="#[bc]">&gt;&gt;</a>&nbsp;&nbsp;&nbsp;W25Q128JV_Config_Init
<LI><a href="#[85]">&gt;&gt;</a>&nbsp;&nbsp;&nbsp;W25Q128JV_Read_Data
</UL>

<P><STRONG><a name="[2]"></a>HardFault_Handler</STRONG> (Thumb, 2 bytes, Stack size 0 bytes, stm32f4xx_it.o(.text.HardFault_Handler))
<BR><BR>[Calls]<UL><LI><a href="#[2]">&gt;&gt;</a>&nbsp;&nbsp;&nbsp;HardFault_Handler
</UL>
<BR>[Called By]<UL><LI><a href="#[2]">&gt;&gt;</a>&nbsp;&nbsp;&nbsp;HardFault_Handler
</UL>
<BR>[Address Reference Count : 1]<UL><LI> startup_stm32f446xx.o(RESET)
</UL>
<P><STRONG><a name="[88]"></a>KEY_Init</STRONG> (Thumb, 120 bytes, Stack size 24 bytes, key.o(.text.KEY_Init))
<BR><BR>[Stack]<UL><LI>Max Depth = 140<LI>Call Chain = KEY_Init &rArr; xQueueGenericCreate &rArr; pvPortMalloc &rArr; xTaskResumeAll &rArr; xTaskIncrementTick
</UL>
<BR>[Calls]<UL><LI><a href="#[8b]">&gt;&gt;</a>&nbsp;&nbsp;&nbsp;GPIO_Init
<LI><a href="#[8a]">&gt;&gt;</a>&nbsp;&nbsp;&nbsp;RCC_AHB1PeriphClockCmd
<LI><a href="#[8d]">&gt;&gt;</a>&nbsp;&nbsp;&nbsp;puts
<LI><a href="#[8c]">&gt;&gt;</a>&nbsp;&nbsp;&nbsp;xQueueGenericCreate
<LI><a href="#[89]">&gt;&gt;</a>&nbsp;&nbsp;&nbsp;TIMEx_Init
</UL>
<BR>[Called By]<UL><LI><a href="#[60]">&gt;&gt;</a>&nbsp;&nbsp;&nbsp;main
</UL>

<P><STRONG><a name="[8e]"></a>KEY_LOOP</STRONG> (Thumb, 224 bytes, Stack size 16 bytes, key.o(.text.KEY_LOOP))
<BR><BR>[Stack]<UL><LI>Max Depth = 16<LI>Call Chain = KEY_LOOP
</UL>
<BR>[Calls]<UL><LI><a href="#[8f]">&gt;&gt;</a>&nbsp;&nbsp;&nbsp;GPIO_ReadInputDataBit
</UL>
<BR>[Called By]<UL><LI><a href="#[26]">&gt;&gt;</a>&nbsp;&nbsp;&nbsp;TIM2_IRQHandler
</UL>

<P><STRONG><a name="[86]"></a>LCD_Address_Set</STRONG> (Thumb, 448 bytes, Stack size 32 bytes, lcd_init.o(.text.LCD_Address_Set))
<BR><BR>[Stack]<UL><LI>Max Depth = 48<LI>Call Chain = LCD_Address_Set &rArr; LCD_SPI_WriteByte
</UL>
<BR>[Calls]<UL><LI><a href="#[90]">&gt;&gt;</a>&nbsp;&nbsp;&nbsp;GPIO_ResetBits
<LI><a href="#[93]">&gt;&gt;</a>&nbsp;&nbsp;&nbsp;GPIO_SetBits
<LI><a href="#[92]">&gt;&gt;</a>&nbsp;&nbsp;&nbsp;Delay_us
<LI><a href="#[91]">&gt;&gt;</a>&nbsp;&nbsp;&nbsp;LCD_SPI_WriteByte
</UL>
<BR>[Called By]<UL><LI><a href="#[84]">&gt;&gt;</a>&nbsp;&nbsp;&nbsp;Display_GB2312_String
<LI><a href="#[94]">&gt;&gt;</a>&nbsp;&nbsp;&nbsp;LCD_Fill
</UL>

<P><STRONG><a name="[94]"></a>LCD_Fill</STRONG> (Thumb, 78 bytes, Stack size 32 bytes, lcd.o(.text.LCD_Fill))
<BR><BR>[Stack]<UL><LI>Max Depth = 80<LI>Call Chain = LCD_Fill &rArr; LCD_Address_Set &rArr; LCD_SPI_WriteByte
</UL>
<BR>[Calls]<UL><LI><a href="#[87]">&gt;&gt;</a>&nbsp;&nbsp;&nbsp;LCD_WR_DATA
<LI><a href="#[86]">&gt;&gt;</a>&nbsp;&nbsp;&nbsp;LCD_Address_Set
</UL>
<BR>[Called By]<UL><LI><a href="#[60]">&gt;&gt;</a>&nbsp;&nbsp;&nbsp;main
</UL>

<P><STRONG><a name="[95]"></a>LCD_Init</STRONG> (Thumb, 2238 bytes, Stack size 24 bytes, lcd_init.o(.text.LCD_Init))
<BR><BR>[Stack]<UL><LI>Max Depth = 124<LI>Call Chain = LCD_Init &rArr; Delay_ms &rArr; vTaskDelay &rArr; xTaskResumeAll &rArr; xTaskIncrementTick
</UL>
<BR>[Calls]<UL><LI><a href="#[90]">&gt;&gt;</a>&nbsp;&nbsp;&nbsp;GPIO_ResetBits
<LI><a href="#[93]">&gt;&gt;</a>&nbsp;&nbsp;&nbsp;GPIO_SetBits
<LI><a href="#[8b]">&gt;&gt;</a>&nbsp;&nbsp;&nbsp;GPIO_Init
<LI><a href="#[8a]">&gt;&gt;</a>&nbsp;&nbsp;&nbsp;RCC_AHB1PeriphClockCmd
<LI><a href="#[96]">&gt;&gt;</a>&nbsp;&nbsp;&nbsp;LCD_SPIx_Init
<LI><a href="#[92]">&gt;&gt;</a>&nbsp;&nbsp;&nbsp;Delay_us
<LI><a href="#[91]">&gt;&gt;</a>&nbsp;&nbsp;&nbsp;LCD_SPI_WriteByte
<LI><a href="#[81]">&gt;&gt;</a>&nbsp;&nbsp;&nbsp;Delay_ms
</UL>
<BR>[Called By]<UL><LI><a href="#[60]">&gt;&gt;</a>&nbsp;&nbsp;&nbsp;main
</UL>

<P><STRONG><a name="[91]"></a>LCD_SPI_WriteByte</STRONG> (Thumb, 46 bytes, Stack size 16 bytes, lcd_spi.o(.text.LCD_SPI_WriteByte))
<BR><BR>[Stack]<UL><LI>Max Depth = 16<LI>Call Chain = LCD_SPI_WriteByte
</UL>
<BR>[Calls]<UL><LI><a href="#[97]">&gt;&gt;</a>&nbsp;&nbsp;&nbsp;SPI_I2S_GetFlagStatus
<LI><a href="#[98]">&gt;&gt;</a>&nbsp;&nbsp;&nbsp;SPI_I2S_SendData
</UL>
<BR>[Called By]<UL><LI><a href="#[95]">&gt;&gt;</a>&nbsp;&nbsp;&nbsp;LCD_Init
<LI><a href="#[87]">&gt;&gt;</a>&nbsp;&nbsp;&nbsp;LCD_WR_DATA
<LI><a href="#[86]">&gt;&gt;</a>&nbsp;&nbsp;&nbsp;LCD_Address_Set
</UL>

<P><STRONG><a name="[96]"></a>LCD_SPIx_Init</STRONG> (Thumb, 146 bytes, Stack size 40 bytes, lcd_spi.o(.text.LCD_SPIx_Init))
<BR><BR>[Stack]<UL><LI>Max Depth = 68<LI>Call Chain = LCD_SPIx_Init &rArr; GPIO_Init
</UL>
<BR>[Calls]<UL><LI><a href="#[99]">&gt;&gt;</a>&nbsp;&nbsp;&nbsp;GPIO_PinAFConfig
<LI><a href="#[93]">&gt;&gt;</a>&nbsp;&nbsp;&nbsp;GPIO_SetBits
<LI><a href="#[8b]">&gt;&gt;</a>&nbsp;&nbsp;&nbsp;GPIO_Init
<LI><a href="#[9c]">&gt;&gt;</a>&nbsp;&nbsp;&nbsp;SPI_Cmd
<LI><a href="#[9b]">&gt;&gt;</a>&nbsp;&nbsp;&nbsp;SPI_Init
<LI><a href="#[9a]">&gt;&gt;</a>&nbsp;&nbsp;&nbsp;RCC_APB1PeriphClockCmd
<LI><a href="#[8a]">&gt;&gt;</a>&nbsp;&nbsp;&nbsp;RCC_AHB1PeriphClockCmd
</UL>
<BR>[Called By]<UL><LI><a href="#[95]">&gt;&gt;</a>&nbsp;&nbsp;&nbsp;LCD_Init
</UL>

<P><STRONG><a name="[87]"></a>LCD_WR_DATA</STRONG> (Thumb, 82 bytes, Stack size 16 bytes, lcd_init.o(.text.LCD_WR_DATA))
<BR><BR>[Stack]<UL><LI>Max Depth = 32<LI>Call Chain = LCD_WR_DATA &rArr; LCD_SPI_WriteByte
</UL>
<BR>[Calls]<UL><LI><a href="#[90]">&gt;&gt;</a>&nbsp;&nbsp;&nbsp;GPIO_ResetBits
<LI><a href="#[93]">&gt;&gt;</a>&nbsp;&nbsp;&nbsp;GPIO_SetBits
<LI><a href="#[92]">&gt;&gt;</a>&nbsp;&nbsp;&nbsp;Delay_us
<LI><a href="#[91]">&gt;&gt;</a>&nbsp;&nbsp;&nbsp;LCD_SPI_WriteByte
</UL>
<BR>[Called By]<UL><LI><a href="#[84]">&gt;&gt;</a>&nbsp;&nbsp;&nbsp;Display_GB2312_String
<LI><a href="#[94]">&gt;&gt;</a>&nbsp;&nbsp;&nbsp;LCD_Fill
</UL>

<P><STRONG><a name="[9d]"></a>LED_Init</STRONG> (Thumb, 88 bytes, Stack size 24 bytes, led.o(.text.LED_Init))
<BR><BR>[Stack]<UL><LI>Max Depth = 52<LI>Call Chain = LED_Init &rArr; GPIO_Init
</UL>
<BR>[Calls]<UL><LI><a href="#[93]">&gt;&gt;</a>&nbsp;&nbsp;&nbsp;GPIO_SetBits
<LI><a href="#[8b]">&gt;&gt;</a>&nbsp;&nbsp;&nbsp;GPIO_Init
<LI><a href="#[8a]">&gt;&gt;</a>&nbsp;&nbsp;&nbsp;RCC_AHB1PeriphClockCmd
</UL>
<BR>[Called By]<UL><LI><a href="#[60]">&gt;&gt;</a>&nbsp;&nbsp;&nbsp;main
</UL>

<P><STRONG><a name="[3]"></a>MemManage_Handler</STRONG> (Thumb, 2 bytes, Stack size 0 bytes, stm32f4xx_it.o(.text.MemManage_Handler))
<BR><BR>[Calls]<UL><LI><a href="#[3]">&gt;&gt;</a>&nbsp;&nbsp;&nbsp;MemManage_Handler
</UL>
<BR>[Called By]<UL><LI><a href="#[3]">&gt;&gt;</a>&nbsp;&nbsp;&nbsp;MemManage_Handler
</UL>
<BR>[Address Reference Count : 1]<UL><LI> startup_stm32f446xx.o(RESET)
</UL>
<P><STRONG><a name="[1]"></a>NMI_Handler</STRONG> (Thumb, 2 bytes, Stack size 0 bytes, stm32f4xx_it.o(.text.NMI_Handler))
<BR>[Address Reference Count : 1]<UL><LI> startup_stm32f446xx.o(RESET)
</UL>
<P><STRONG><a name="[ac]"></a>NVIC_Init</STRONG> (Thumb, 98 bytes, Stack size 8 bytes, misc.o(.text.NVIC_Init))
<BR><BR>[Stack]<UL><LI>Max Depth = 8<LI>Call Chain = NVIC_Init
</UL>
<BR>[Called By]<UL><LI><a href="#[b9]">&gt;&gt;</a>&nbsp;&nbsp;&nbsp;Usart_Init
<LI><a href="#[89]">&gt;&gt;</a>&nbsp;&nbsp;&nbsp;TIMEx_Init
</UL>

<P><STRONG><a name="[c3]"></a>NVIC_PriorityGroupConfig</STRONG> (Thumb, 20 bytes, Stack size 0 bytes, misc.o(.text.NVIC_PriorityGroupConfig))
<BR><BR>[Called By]<UL><LI><a href="#[60]">&gt;&gt;</a>&nbsp;&nbsp;&nbsp;main
</UL>

<P><STRONG><a name="[8]"></a>PendSV_Handler</STRONG> (Thumb, 100 bytes, Stack size 0 bytes, port.o(.text.PendSV_Handler))
<BR><BR>[Calls]<UL><LI><a href="#[6c]">&gt;&gt;</a>&nbsp;&nbsp;&nbsp;vTaskSwitchContext
</UL>
<BR>[Address Reference Count : 1]<UL><LI> startup_stm32f446xx.o(RESET)
</UL>
<P><STRONG><a name="[8a]"></a>RCC_AHB1PeriphClockCmd</STRONG> (Thumb, 24 bytes, Stack size 0 bytes, stm32f4xx_rcc.o(.text.RCC_AHB1PeriphClockCmd))
<BR><BR>[Called By]<UL><LI><a href="#[b9]">&gt;&gt;</a>&nbsp;&nbsp;&nbsp;Usart_Init
<LI><a href="#[bc]">&gt;&gt;</a>&nbsp;&nbsp;&nbsp;W25Q128JV_Config_Init
<LI><a href="#[96]">&gt;&gt;</a>&nbsp;&nbsp;&nbsp;LCD_SPIx_Init
<LI><a href="#[95]">&gt;&gt;</a>&nbsp;&nbsp;&nbsp;LCD_Init
<LI><a href="#[9d]">&gt;&gt;</a>&nbsp;&nbsp;&nbsp;LED_Init
<LI><a href="#[88]">&gt;&gt;</a>&nbsp;&nbsp;&nbsp;KEY_Init
</UL>

<P><STRONG><a name="[9a]"></a>RCC_APB1PeriphClockCmd</STRONG> (Thumb, 24 bytes, Stack size 0 bytes, stm32f4xx_rcc.o(.text.RCC_APB1PeriphClockCmd))
<BR><BR>[Called By]<UL><LI><a href="#[bc]">&gt;&gt;</a>&nbsp;&nbsp;&nbsp;W25Q128JV_Config_Init
<LI><a href="#[96]">&gt;&gt;</a>&nbsp;&nbsp;&nbsp;LCD_SPIx_Init
<LI><a href="#[89]">&gt;&gt;</a>&nbsp;&nbsp;&nbsp;TIMEx_Init
</UL>

<P><STRONG><a name="[ba]"></a>RCC_APB2PeriphClockCmd</STRONG> (Thumb, 24 bytes, Stack size 0 bytes, stm32f4xx_rcc.o(.text.RCC_APB2PeriphClockCmd))
<BR><BR>[Called By]<UL><LI><a href="#[b9]">&gt;&gt;</a>&nbsp;&nbsp;&nbsp;Usart_Init
</UL>

<P><STRONG><a name="[b8]"></a>RCC_GetClocksFreq</STRONG> (Thumb, 214 bytes, Stack size 8 bytes, stm32f4xx_rcc.o(.text.RCC_GetClocksFreq))
<BR><BR>[Stack]<UL><LI>Max Depth = 8<LI>Call Chain = RCC_GetClocksFreq
</UL>
<BR>[Called By]<UL><LI><a href="#[b7]">&gt;&gt;</a>&nbsp;&nbsp;&nbsp;USART_Init
</UL>

<P><STRONG><a name="[9c]"></a>SPI_Cmd</STRONG> (Thumb, 20 bytes, Stack size 0 bytes, stm32f4xx_spi.o(.text.SPI_Cmd))
<BR><BR>[Called By]<UL><LI><a href="#[bc]">&gt;&gt;</a>&nbsp;&nbsp;&nbsp;W25Q128JV_Config_Init
<LI><a href="#[96]">&gt;&gt;</a>&nbsp;&nbsp;&nbsp;LCD_SPIx_Init
</UL>

<P><STRONG><a name="[97]"></a>SPI_I2S_GetFlagStatus</STRONG> (Thumb, 10 bytes, Stack size 0 bytes, stm32f4xx_spi.o(.text.SPI_I2S_GetFlagStatus))
<BR><BR>[Called By]<UL><LI><a href="#[bf]">&gt;&gt;</a>&nbsp;&nbsp;&nbsp;W25Q128JV_SPI_SendReceiveByte
<LI><a href="#[91]">&gt;&gt;</a>&nbsp;&nbsp;&nbsp;LCD_SPI_WriteByte
</UL>

<P><STRONG><a name="[c0]"></a>SPI_I2S_ReceiveData</STRONG> (Thumb, 4 bytes, Stack size 0 bytes, stm32f4xx_spi.o(.text.SPI_I2S_ReceiveData))
<BR><BR>[Called By]<UL><LI><a href="#[bf]">&gt;&gt;</a>&nbsp;&nbsp;&nbsp;W25Q128JV_SPI_SendReceiveByte
</UL>

<P><STRONG><a name="[98]"></a>SPI_I2S_SendData</STRONG> (Thumb, 4 bytes, Stack size 0 bytes, stm32f4xx_spi.o(.text.SPI_I2S_SendData))
<BR><BR>[Called By]<UL><LI><a href="#[bf]">&gt;&gt;</a>&nbsp;&nbsp;&nbsp;W25Q128JV_SPI_SendReceiveByte
<LI><a href="#[91]">&gt;&gt;</a>&nbsp;&nbsp;&nbsp;LCD_SPI_WriteByte
</UL>

<P><STRONG><a name="[9b]"></a>SPI_Init</STRONG> (Thumb, 70 bytes, Stack size 24 bytes, stm32f4xx_spi.o(.text.SPI_Init))
<BR><BR>[Stack]<UL><LI>Max Depth = 24<LI>Call Chain = SPI_Init
</UL>
<BR>[Called By]<UL><LI><a href="#[bc]">&gt;&gt;</a>&nbsp;&nbsp;&nbsp;W25Q128JV_Config_Init
<LI><a href="#[96]">&gt;&gt;</a>&nbsp;&nbsp;&nbsp;LCD_SPIx_Init
</UL>

<P><STRONG><a name="[6]"></a>SVC_Handler</STRONG> (Thumb, 36 bytes, Stack size 0 bytes, port.o(.text.SVC_Handler))
<BR>[Address Reference Count : 1]<UL><LI> startup_stm32f446xx.o(RESET)
</UL>
<P><STRONG><a name="[80]"></a>SysTick_CLKSourceConfig</STRONG> (Thumb, 24 bytes, Stack size 0 bytes, misc.o(.text.SysTick_CLKSourceConfig))
<BR><BR>[Called By]<UL><LI><a href="#[7f]">&gt;&gt;</a>&nbsp;&nbsp;&nbsp;Delay_Init
</UL>

<P><STRONG><a name="[9]"></a>SysTick_Handler</STRONG> (Thumb, 20 bytes, Stack size 8 bytes, delay.o(.text.SysTick_Handler))
<BR><BR>[Stack]<UL><LI>Max Depth = 52<LI>Call Chain = SysTick_Handler &rArr; xPortSysTickHandler &rArr; xTaskIncrementTick
</UL>
<BR>[Calls]<UL><LI><a href="#[9e]">&gt;&gt;</a>&nbsp;&nbsp;&nbsp;xPortSysTickHandler
<LI><a href="#[82]">&gt;&gt;</a>&nbsp;&nbsp;&nbsp;xTaskGetSchedulerState
</UL>
<BR>[Address Reference Count : 1]<UL><LI> startup_stm32f446xx.o(RESET)
</UL>
<P><STRONG><a name="[67]"></a>SystemCreatTask</STRONG> (Thumb, 384 bytes, Stack size 40 bytes, main.o(.text.SystemCreatTask))
<BR><BR>[Stack]<UL><LI>Max Depth = 172<LI>Call Chain = SystemCreatTask &rArr; xTaskCreate &rArr; vPortFree &rArr; xTaskResumeAll &rArr; xTaskIncrementTick
</UL>
<BR>[Calls]<UL><LI><a href="#[8d]">&gt;&gt;</a>&nbsp;&nbsp;&nbsp;puts
<LI><a href="#[a3]">&gt;&gt;</a>&nbsp;&nbsp;&nbsp;vTaskDelete
<LI><a href="#[a2]">&gt;&gt;</a>&nbsp;&nbsp;&nbsp;xTaskCreate
<LI><a href="#[a1]">&gt;&gt;</a>&nbsp;&nbsp;&nbsp;xQueueAddToSet
<LI><a href="#[a0]">&gt;&gt;</a>&nbsp;&nbsp;&nbsp;xQueueCreateSet
<LI><a href="#[a4]">&gt;&gt;</a>&nbsp;&nbsp;&nbsp;vPortExitCritical
<LI><a href="#[9f]">&gt;&gt;</a>&nbsp;&nbsp;&nbsp;vPortEnterCritical
<LI><a href="#[84]">&gt;&gt;</a>&nbsp;&nbsp;&nbsp;Display_GB2312_String
<LI><a href="#[8c]">&gt;&gt;</a>&nbsp;&nbsp;&nbsp;xQueueGenericCreate
</UL>
<BR>[Address Reference Count : 1]<UL><LI> main.o(.text.main)
</UL>
<P><STRONG><a name="[61]"></a>SystemInit</STRONG> (Thumb, 282 bytes, Stack size 8 bytes, system_stm32f4xx.o(.text.SystemInit))
<BR><BR>[Stack]<UL><LI>Max Depth = 8<LI>Call Chain = SystemInit
</UL>
<BR>[Address Reference Count : 1]<UL><LI> startup_stm32f446xx.o(.text)
</UL>
<P><STRONG><a name="[26]"></a>TIM2_IRQHandler</STRONG> (Thumb, 60 bytes, Stack size 8 bytes, key.o(.text.TIM2_IRQHandler))
<BR><BR>[Stack]<UL><LI>Max Depth = 24<LI>Call Chain = TIM2_IRQHandler &rArr; KEY_LOOP
</UL>
<BR>[Calls]<UL><LI><a href="#[a6]">&gt;&gt;</a>&nbsp;&nbsp;&nbsp;TIM_ClearITPendingBit
<LI><a href="#[a5]">&gt;&gt;</a>&nbsp;&nbsp;&nbsp;TIM_GetITStatus
<LI><a href="#[8e]">&gt;&gt;</a>&nbsp;&nbsp;&nbsp;KEY_LOOP
</UL>
<BR>[Address Reference Count : 1]<UL><LI> startup_stm32f446xx.o(RESET)
</UL>
<P><STRONG><a name="[27]"></a>TIM3_IRQHandler</STRONG> (Thumb, 50 bytes, Stack size 8 bytes, timerx.o(.text.TIM3_IRQHandler))
<BR><BR>[Stack]<UL><LI>Max Depth = 8<LI>Call Chain = TIM3_IRQHandler
</UL>
<BR>[Calls]<UL><LI><a href="#[a6]">&gt;&gt;</a>&nbsp;&nbsp;&nbsp;TIM_ClearITPendingBit
<LI><a href="#[a5]">&gt;&gt;</a>&nbsp;&nbsp;&nbsp;TIM_GetITStatus
</UL>
<BR>[Address Reference Count : 1]<UL><LI> startup_stm32f446xx.o(RESET)
</UL>
<P><STRONG><a name="[89]"></a>TIMEx_Init</STRONG> (Thumb, 104 bytes, Stack size 24 bytes, timerx.o(.text.TIMEx_Init))
<BR><BR>[Stack]<UL><LI>Max Depth = 32<LI>Call Chain = TIMEx_Init &rArr; TIM_TimeBaseInit
</UL>
<BR>[Calls]<UL><LI><a href="#[a7]">&gt;&gt;</a>&nbsp;&nbsp;&nbsp;TIM_InternalClockConfig
<LI><a href="#[a9]">&gt;&gt;</a>&nbsp;&nbsp;&nbsp;TIM_ClearFlag
<LI><a href="#[aa]">&gt;&gt;</a>&nbsp;&nbsp;&nbsp;TIM_ITConfig
<LI><a href="#[ab]">&gt;&gt;</a>&nbsp;&nbsp;&nbsp;TIM_Cmd
<LI><a href="#[a8]">&gt;&gt;</a>&nbsp;&nbsp;&nbsp;TIM_TimeBaseInit
<LI><a href="#[9a]">&gt;&gt;</a>&nbsp;&nbsp;&nbsp;RCC_APB1PeriphClockCmd
<LI><a href="#[ac]">&gt;&gt;</a>&nbsp;&nbsp;&nbsp;NVIC_Init
</UL>
<BR>[Called By]<UL><LI><a href="#[88]">&gt;&gt;</a>&nbsp;&nbsp;&nbsp;KEY_Init
</UL>

<P><STRONG><a name="[a9]"></a>TIM_ClearFlag</STRONG> (Thumb, 6 bytes, Stack size 0 bytes, stm32f4xx_tim.o(.text.TIM_ClearFlag))
<BR><BR>[Called By]<UL><LI><a href="#[89]">&gt;&gt;</a>&nbsp;&nbsp;&nbsp;TIMEx_Init
</UL>

<P><STRONG><a name="[a6]"></a>TIM_ClearITPendingBit</STRONG> (Thumb, 6 bytes, Stack size 0 bytes, stm32f4xx_tim.o(.text.TIM_ClearITPendingBit))
<BR><BR>[Called By]<UL><LI><a href="#[27]">&gt;&gt;</a>&nbsp;&nbsp;&nbsp;TIM3_IRQHandler
<LI><a href="#[26]">&gt;&gt;</a>&nbsp;&nbsp;&nbsp;TIM2_IRQHandler
</UL>

<P><STRONG><a name="[ab]"></a>TIM_Cmd</STRONG> (Thumb, 18 bytes, Stack size 0 bytes, stm32f4xx_tim.o(.text.TIM_Cmd))
<BR><BR>[Called By]<UL><LI><a href="#[89]">&gt;&gt;</a>&nbsp;&nbsp;&nbsp;TIMEx_Init
</UL>

<P><STRONG><a name="[a5]"></a>TIM_GetITStatus</STRONG> (Thumb, 24 bytes, Stack size 0 bytes, stm32f4xx_tim.o(.text.TIM_GetITStatus))
<BR><BR>[Called By]<UL><LI><a href="#[27]">&gt;&gt;</a>&nbsp;&nbsp;&nbsp;TIM3_IRQHandler
<LI><a href="#[26]">&gt;&gt;</a>&nbsp;&nbsp;&nbsp;TIM2_IRQHandler
</UL>

<P><STRONG><a name="[aa]"></a>TIM_ITConfig</STRONG> (Thumb, 16 bytes, Stack size 0 bytes, stm32f4xx_tim.o(.text.TIM_ITConfig))
<BR><BR>[Called By]<UL><LI><a href="#[89]">&gt;&gt;</a>&nbsp;&nbsp;&nbsp;TIMEx_Init
</UL>

<P><STRONG><a name="[a7]"></a>TIM_InternalClockConfig</STRONG> (Thumb, 10 bytes, Stack size 0 bytes, stm32f4xx_tim.o(.text.TIM_InternalClockConfig))
<BR><BR>[Called By]<UL><LI><a href="#[89]">&gt;&gt;</a>&nbsp;&nbsp;&nbsp;TIMEx_Init
</UL>

<P><STRONG><a name="[a8]"></a>TIM_TimeBaseInit</STRONG> (Thumb, 146 bytes, Stack size 8 bytes, stm32f4xx_tim.o(.text.TIM_TimeBaseInit))
<BR><BR>[Stack]<UL><LI>Max Depth = 8<LI>Call Chain = TIM_TimeBaseInit
</UL>
<BR>[Called By]<UL><LI><a href="#[89]">&gt;&gt;</a>&nbsp;&nbsp;&nbsp;TIMEx_Init
</UL>

<P><STRONG><a name="[63]"></a>Task1</STRONG> (Thumb, 172 bytes, Stack size 16 bytes, main.o(.text.Task1))
<BR><BR>[Stack]<UL><LI>Max Depth = 148<LI>Call Chain = Task1 &rArr; xQueueReceive &rArr; xTaskResumeAll &rArr; xTaskIncrementTick
</UL>
<BR>[Calls]<UL><LI><a href="#[ad]">&gt;&gt;</a>&nbsp;&nbsp;&nbsp;xQueueReceive
<LI><a href="#[84]">&gt;&gt;</a>&nbsp;&nbsp;&nbsp;Display_GB2312_String
<LI><a href="#[ae]">&gt;&gt;</a>&nbsp;&nbsp;&nbsp;xQueueGenericSend
<LI><a href="#[83]">&gt;&gt;</a>&nbsp;&nbsp;&nbsp;vTaskDelay
</UL>
<BR>[Address Reference Count : 1]<UL><LI> main.o(.text.SystemCreatTask)
</UL>
<P><STRONG><a name="[65]"></a>Task2</STRONG> (Thumb, 140 bytes, Stack size 8 bytes, main.o(.text.Task2))
<BR><BR>[Stack]<UL><LI>Max Depth = 156<LI>Call Chain = Task2 &rArr; xQueueSelectFromSet &rArr; xQueueReceive &rArr; xTaskResumeAll &rArr; xTaskIncrementTick
</UL>
<BR>[Calls]<UL><LI><a href="#[8d]">&gt;&gt;</a>&nbsp;&nbsp;&nbsp;puts
<LI><a href="#[b2]">&gt;&gt;</a>&nbsp;&nbsp;&nbsp;xQueueSelectFromSet
<LI><a href="#[af]">&gt;&gt;</a>&nbsp;&nbsp;&nbsp;uxQueueSpacesAvailable
<LI><a href="#[b0]">&gt;&gt;</a>&nbsp;&nbsp;&nbsp;uxQueueMessagesWaiting
<LI><a href="#[ad]">&gt;&gt;</a>&nbsp;&nbsp;&nbsp;xQueueReceive
<LI><a href="#[b3]">&gt;&gt;</a>&nbsp;&nbsp;&nbsp;xQueueSemaphoreTake
<LI><a href="#[b1]">&gt;&gt;</a>&nbsp;&nbsp;&nbsp;__2printf
</UL>
<BR>[Address Reference Count : 1]<UL><LI> main.o(.text.SystemCreatTask)
</UL>
<P><STRONG><a name="[66]"></a>Task3</STRONG> (Thumb, 26 bytes, Stack size 0 bytes, main.o(.text.Task3))
<BR><BR>[Stack]<UL><LI>Max Depth = 92<LI>Call Chain = Task3 &rArr; vTaskDelay &rArr; xTaskResumeAll &rArr; xTaskIncrementTick
</UL>
<BR>[Calls]<UL><LI><a href="#[83]">&gt;&gt;</a>&nbsp;&nbsp;&nbsp;vTaskDelay
</UL>
<BR>[Address Reference Count : 1]<UL><LI> main.o(.text.SystemCreatTask)
</UL>
<P><STRONG><a name="[2f]"></a>USART1_IRQHandler</STRONG> (Thumb, 170 bytes, Stack size 8 bytes, usart.o(.text.USART1_IRQHandler))
<BR><BR>[Stack]<UL><LI>Max Depth = 8<LI>Call Chain = USART1_IRQHandler
</UL>
<BR>[Calls]<UL><LI><a href="#[b6]">&gt;&gt;</a>&nbsp;&nbsp;&nbsp;USART_ClearITPendingBit
<LI><a href="#[b4]">&gt;&gt;</a>&nbsp;&nbsp;&nbsp;USART_GetITStatus
<LI><a href="#[b5]">&gt;&gt;</a>&nbsp;&nbsp;&nbsp;USART_ReceiveData
</UL>
<BR>[Address Reference Count : 1]<UL><LI> startup_stm32f446xx.o(RESET)
</UL>
<P><STRONG><a name="[b6]"></a>USART_ClearITPendingBit</STRONG> (Thumb, 14 bytes, Stack size 0 bytes, stm32f4xx_usart.o(.text.USART_ClearITPendingBit))
<BR><BR>[Called By]<UL><LI><a href="#[2f]">&gt;&gt;</a>&nbsp;&nbsp;&nbsp;USART1_IRQHandler
</UL>

<P><STRONG><a name="[bb]"></a>USART_Cmd</STRONG> (Thumb, 20 bytes, Stack size 0 bytes, stm32f4xx_usart.o(.text.USART_Cmd))
<BR><BR>[Called By]<UL><LI><a href="#[b9]">&gt;&gt;</a>&nbsp;&nbsp;&nbsp;Usart_Init
</UL>

<P><STRONG><a name="[c2]"></a>USART_GetFlagStatus</STRONG> (Thumb, 10 bytes, Stack size 0 bytes, stm32f4xx_usart.o(.text.USART_GetFlagStatus))
<BR><BR>[Called By]<UL><LI><a href="#[6b]">&gt;&gt;</a>&nbsp;&nbsp;&nbsp;fputc
</UL>

<P><STRONG><a name="[b4]"></a>USART_GetITStatus</STRONG> (Thumb, 42 bytes, Stack size 0 bytes, stm32f4xx_usart.o(.text.USART_GetITStatus))
<BR><BR>[Called By]<UL><LI><a href="#[2f]">&gt;&gt;</a>&nbsp;&nbsp;&nbsp;USART1_IRQHandler
</UL>

<P><STRONG><a name="[b7]"></a>USART_Init</STRONG> (Thumb, 182 bytes, Stack size 32 bytes, stm32f4xx_usart.o(.text.USART_Init))
<BR><BR>[Stack]<UL><LI>Max Depth = 40<LI>Call Chain = USART_Init &rArr; RCC_GetClocksFreq
</UL>
<BR>[Calls]<UL><LI><a href="#[b8]">&gt;&gt;</a>&nbsp;&nbsp;&nbsp;RCC_GetClocksFreq
</UL>
<BR>[Called By]<UL><LI><a href="#[b9]">&gt;&gt;</a>&nbsp;&nbsp;&nbsp;Usart_Init
</UL>

<P><STRONG><a name="[b5]"></a>USART_ReceiveData</STRONG> (Thumb, 8 bytes, Stack size 0 bytes, stm32f4xx_usart.o(.text.USART_ReceiveData))
<BR><BR>[Called By]<UL><LI><a href="#[2f]">&gt;&gt;</a>&nbsp;&nbsp;&nbsp;USART1_IRQHandler
</UL>

<P><STRONG><a name="[c1]"></a>USART_SendData</STRONG> (Thumb, 8 bytes, Stack size 0 bytes, stm32f4xx_usart.o(.text.USART_SendData))
<BR><BR>[Called By]<UL><LI><a href="#[6b]">&gt;&gt;</a>&nbsp;&nbsp;&nbsp;fputc
</UL>

<P><STRONG><a name="[5]"></a>UsageFault_Handler</STRONG> (Thumb, 2 bytes, Stack size 0 bytes, stm32f4xx_it.o(.text.UsageFault_Handler))
<BR><BR>[Calls]<UL><LI><a href="#[5]">&gt;&gt;</a>&nbsp;&nbsp;&nbsp;UsageFault_Handler
</UL>
<BR>[Called By]<UL><LI><a href="#[5]">&gt;&gt;</a>&nbsp;&nbsp;&nbsp;UsageFault_Handler
</UL>
<BR>[Address Reference Count : 1]<UL><LI> startup_stm32f446xx.o(RESET)
</UL>
<P><STRONG><a name="[b9]"></a>Usart_Init</STRONG> (Thumb, 126 bytes, Stack size 24 bytes, usart.o(.text.Usart_Init))
<BR><BR>[Stack]<UL><LI>Max Depth = 64<LI>Call Chain = Usart_Init &rArr; USART_Init &rArr; RCC_GetClocksFreq
</UL>
<BR>[Calls]<UL><LI><a href="#[99]">&gt;&gt;</a>&nbsp;&nbsp;&nbsp;GPIO_PinAFConfig
<LI><a href="#[8b]">&gt;&gt;</a>&nbsp;&nbsp;&nbsp;GPIO_Init
<LI><a href="#[bb]">&gt;&gt;</a>&nbsp;&nbsp;&nbsp;USART_Cmd
<LI><a href="#[b7]">&gt;&gt;</a>&nbsp;&nbsp;&nbsp;USART_Init
<LI><a href="#[ba]">&gt;&gt;</a>&nbsp;&nbsp;&nbsp;RCC_APB2PeriphClockCmd
<LI><a href="#[8a]">&gt;&gt;</a>&nbsp;&nbsp;&nbsp;RCC_AHB1PeriphClockCmd
<LI><a href="#[ac]">&gt;&gt;</a>&nbsp;&nbsp;&nbsp;NVIC_Init
</UL>
<BR>[Called By]<UL><LI><a href="#[60]">&gt;&gt;</a>&nbsp;&nbsp;&nbsp;main
</UL>

<P><STRONG><a name="[bc]"></a>W25Q128JV_Config_Init</STRONG> (Thumb, 178 bytes, Stack size 40 bytes, w25q128jv_spi.o(.text.W25Q128JV_Config_Init))
<BR><BR>[Stack]<UL><LI>Max Depth = 68<LI>Call Chain = W25Q128JV_Config_Init &rArr; GPIO_Init
</UL>
<BR>[Calls]<UL><LI><a href="#[99]">&gt;&gt;</a>&nbsp;&nbsp;&nbsp;GPIO_PinAFConfig
<LI><a href="#[bd]">&gt;&gt;</a>&nbsp;&nbsp;&nbsp;GPIO_WriteBit
<LI><a href="#[8b]">&gt;&gt;</a>&nbsp;&nbsp;&nbsp;GPIO_Init
<LI><a href="#[9c]">&gt;&gt;</a>&nbsp;&nbsp;&nbsp;SPI_Cmd
<LI><a href="#[9b]">&gt;&gt;</a>&nbsp;&nbsp;&nbsp;SPI_Init
<LI><a href="#[9a]">&gt;&gt;</a>&nbsp;&nbsp;&nbsp;RCC_APB1PeriphClockCmd
<LI><a href="#[8a]">&gt;&gt;</a>&nbsp;&nbsp;&nbsp;RCC_AHB1PeriphClockCmd
</UL>
<BR>[Called By]<UL><LI><a href="#[be]">&gt;&gt;</a>&nbsp;&nbsp;&nbsp;W25Q128JV_Init
</UL>

<P><STRONG><a name="[be]"></a>W25Q128JV_Init</STRONG> (Thumb, 4 bytes, Stack size 0 bytes, w25q128jv.o(.text.W25Q128JV_Init))
<BR><BR>[Stack]<UL><LI>Max Depth = 68<LI>Call Chain = W25Q128JV_Init &rArr; W25Q128JV_Config_Init &rArr; GPIO_Init
</UL>
<BR>[Calls]<UL><LI><a href="#[bc]">&gt;&gt;</a>&nbsp;&nbsp;&nbsp;W25Q128JV_Config_Init
</UL>
<BR>[Called By]<UL><LI><a href="#[60]">&gt;&gt;</a>&nbsp;&nbsp;&nbsp;main
</UL>

<P><STRONG><a name="[85]"></a>W25Q128JV_Read_Data</STRONG> (Thumb, 92 bytes, Stack size 24 bytes, w25q128jv.o(.text.W25Q128JV_Read_Data))
<BR><BR>[Stack]<UL><LI>Max Depth = 40<LI>Call Chain = W25Q128JV_Read_Data &rArr; W25Q128JV_SPI_SendReceiveByte
</UL>
<BR>[Calls]<UL><LI><a href="#[bd]">&gt;&gt;</a>&nbsp;&nbsp;&nbsp;GPIO_WriteBit
<LI><a href="#[bf]">&gt;&gt;</a>&nbsp;&nbsp;&nbsp;W25Q128JV_SPI_SendReceiveByte
</UL>
<BR>[Called By]<UL><LI><a href="#[84]">&gt;&gt;</a>&nbsp;&nbsp;&nbsp;Display_GB2312_String
</UL>

<P><STRONG><a name="[bf]"></a>W25Q128JV_SPI_SendReceiveByte</STRONG> (Thumb, 54 bytes, Stack size 16 bytes, w25q128jv_spi.o(.text.W25Q128JV_SPI_SendReceiveByte))
<BR><BR>[Stack]<UL><LI>Max Depth = 16<LI>Call Chain = W25Q128JV_SPI_SendReceiveByte
</UL>
<BR>[Calls]<UL><LI><a href="#[97]">&gt;&gt;</a>&nbsp;&nbsp;&nbsp;SPI_I2S_GetFlagStatus
<LI><a href="#[98]">&gt;&gt;</a>&nbsp;&nbsp;&nbsp;SPI_I2S_SendData
<LI><a href="#[c0]">&gt;&gt;</a>&nbsp;&nbsp;&nbsp;SPI_I2S_ReceiveData
</UL>
<BR>[Called By]<UL><LI><a href="#[85]">&gt;&gt;</a>&nbsp;&nbsp;&nbsp;W25Q128JV_Read_Data
</UL>

<P><STRONG><a name="[6b]"></a>fputc</STRONG> (Thumb, 60 bytes, Stack size 16 bytes, usart.o(.text.fputc))
<BR><BR>[Stack]<UL><LI>Max Depth = 16<LI>Call Chain = fputc
</UL>
<BR>[Calls]<UL><LI><a href="#[c2]">&gt;&gt;</a>&nbsp;&nbsp;&nbsp;USART_GetFlagStatus
<LI><a href="#[c1]">&gt;&gt;</a>&nbsp;&nbsp;&nbsp;USART_SendData
</UL>
<BR>[Called By]<UL><LI><a href="#[8d]">&gt;&gt;</a>&nbsp;&nbsp;&nbsp;puts
</UL>
<BR>[Address Reference Count : 1]<UL><LI> printfa.o(i.__0printf)
</UL>
<P><STRONG><a name="[60]"></a>main</STRONG> (Thumb, 100 bytes, Stack size 8 bytes, main.o(.text.main))
<BR><BR>[Stack]<UL><LI>Max Depth = 172<LI>Call Chain = main &rArr; vTaskStartScheduler &rArr; xTimerCreateTimerTask &rArr; prvCheckForValidListAndQueue &rArr; xQueueGenericCreate &rArr; pvPortMalloc &rArr; xTaskResumeAll &rArr; xTaskIncrementTick
</UL>
<BR>[Calls]<UL><LI><a href="#[c4]">&gt;&gt;</a>&nbsp;&nbsp;&nbsp;vTaskStartScheduler
<LI><a href="#[a2]">&gt;&gt;</a>&nbsp;&nbsp;&nbsp;xTaskCreate
<LI><a href="#[7f]">&gt;&gt;</a>&nbsp;&nbsp;&nbsp;Delay_Init
<LI><a href="#[b9]">&gt;&gt;</a>&nbsp;&nbsp;&nbsp;Usart_Init
<LI><a href="#[be]">&gt;&gt;</a>&nbsp;&nbsp;&nbsp;W25Q128JV_Init
<LI><a href="#[95]">&gt;&gt;</a>&nbsp;&nbsp;&nbsp;LCD_Init
<LI><a href="#[94]">&gt;&gt;</a>&nbsp;&nbsp;&nbsp;LCD_Fill
<LI><a href="#[9d]">&gt;&gt;</a>&nbsp;&nbsp;&nbsp;LED_Init
<LI><a href="#[88]">&gt;&gt;</a>&nbsp;&nbsp;&nbsp;KEY_Init
<LI><a href="#[c3]">&gt;&gt;</a>&nbsp;&nbsp;&nbsp;NVIC_PriorityGroupConfig
</UL>
<BR>[Address Reference Count : 1]<UL><LI> entry9a.o(.ARM.Collect$$$$0000000B)
</UL>
<P><STRONG><a name="[d8]"></a>pvPortMalloc</STRONG> (Thumb, 386 bytes, Stack size 16 bytes, heap_4.o(.text.pvPortMalloc))
<BR><BR>[Stack]<UL><LI>Max Depth = 92<LI>Call Chain = pvPortMalloc &rArr; xTaskResumeAll &rArr; xTaskIncrementTick
</UL>
<BR>[Calls]<UL><LI><a href="#[d4]">&gt;&gt;</a>&nbsp;&nbsp;&nbsp;xTaskResumeAll
<LI><a href="#[d2]">&gt;&gt;</a>&nbsp;&nbsp;&nbsp;vTaskSuspendAll
</UL>
<BR>[Called By]<UL><LI><a href="#[a2]">&gt;&gt;</a>&nbsp;&nbsp;&nbsp;xTaskCreate
<LI><a href="#[8c]">&gt;&gt;</a>&nbsp;&nbsp;&nbsp;xQueueGenericCreate
</UL>

<P><STRONG><a name="[e5]"></a>pvTaskIncrementMutexHeldCount</STRONG> (Thumb, 24 bytes, Stack size 0 bytes, tasks.o(.text.pvTaskIncrementMutexHeldCount))
<BR><BR>[Called By]<UL><LI><a href="#[b3]">&gt;&gt;</a>&nbsp;&nbsp;&nbsp;xQueueSemaphoreTake
</UL>

<P><STRONG><a name="[e9]"></a>pxPortInitialiseStack</STRONG> (Thumb, 36 bytes, Stack size 0 bytes, port.o(.text.pxPortInitialiseStack))
<BR><BR>[Called By]<UL><LI><a href="#[a2]">&gt;&gt;</a>&nbsp;&nbsp;&nbsp;xTaskCreate
</UL>

<P><STRONG><a name="[c6]"></a>uxListRemove</STRONG> (Thumb, 36 bytes, Stack size 0 bytes, list.o(.text.uxListRemove))
<BR><BR>[Called By]<UL><LI><a href="#[d1]">&gt;&gt;</a>&nbsp;&nbsp;&nbsp;prvProcessExpiredTimer
<LI><a href="#[6a]">&gt;&gt;</a>&nbsp;&nbsp;&nbsp;prvTimerTask
<LI><a href="#[a3]">&gt;&gt;</a>&nbsp;&nbsp;&nbsp;vTaskDelete
<LI><a href="#[69]">&gt;&gt;</a>&nbsp;&nbsp;&nbsp;prvIdleTask
<LI><a href="#[c5]">&gt;&gt;</a>&nbsp;&nbsp;&nbsp;prvAddCurrentTaskToDelayedList
<LI><a href="#[dc]">&gt;&gt;</a>&nbsp;&nbsp;&nbsp;vTaskPriorityDisinheritAfterTimeout
<LI><a href="#[e6]">&gt;&gt;</a>&nbsp;&nbsp;&nbsp;xTaskPriorityInherit
<LI><a href="#[ce]">&gt;&gt;</a>&nbsp;&nbsp;&nbsp;xTaskPriorityDisinherit
<LI><a href="#[83]">&gt;&gt;</a>&nbsp;&nbsp;&nbsp;vTaskDelay
</UL>

<P><STRONG><a name="[b0]"></a>uxQueueMessagesWaiting</STRONG> (Thumb, 38 bytes, Stack size 8 bytes, queue.o(.text.uxQueueMessagesWaiting))
<BR><BR>[Stack]<UL><LI>Max Depth = 8<LI>Call Chain = uxQueueMessagesWaiting
</UL>
<BR>[Calls]<UL><LI><a href="#[a4]">&gt;&gt;</a>&nbsp;&nbsp;&nbsp;vPortExitCritical
<LI><a href="#[9f]">&gt;&gt;</a>&nbsp;&nbsp;&nbsp;vPortEnterCritical
</UL>
<BR>[Called By]<UL><LI><a href="#[65]">&gt;&gt;</a>&nbsp;&nbsp;&nbsp;Task2
</UL>

<P><STRONG><a name="[af]"></a>uxQueueSpacesAvailable</STRONG> (Thumb, 42 bytes, Stack size 8 bytes, queue.o(.text.uxQueueSpacesAvailable))
<BR><BR>[Stack]<UL><LI>Max Depth = 8<LI>Call Chain = uxQueueSpacesAvailable
</UL>
<BR>[Calls]<UL><LI><a href="#[a4]">&gt;&gt;</a>&nbsp;&nbsp;&nbsp;vPortExitCritical
<LI><a href="#[9f]">&gt;&gt;</a>&nbsp;&nbsp;&nbsp;vPortEnterCritical
</UL>
<BR>[Called By]<UL><LI><a href="#[65]">&gt;&gt;</a>&nbsp;&nbsp;&nbsp;Task2
</UL>

<P><STRONG><a name="[cf]"></a>uxTaskGetNumberOfTasks</STRONG> (Thumb, 12 bytes, Stack size 0 bytes, tasks.o(.text.uxTaskGetNumberOfTasks))
<BR><BR>[Called By]<UL><LI><a href="#[cc]">&gt;&gt;</a>&nbsp;&nbsp;&nbsp;prvNotifyQueueSetContainer
</UL>

<P><STRONG><a name="[64]"></a>vKey_Task</STRONG> (Thumb, 64 bytes, Stack size 8 bytes, key.o(.text.vKey_Task))
<BR><BR>[Stack]<UL><LI>Max Depth = 140<LI>Call Chain = vKey_Task &rArr; xQueueGenericSend &rArr; xTaskResumeAll &rArr; xTaskIncrementTick
</UL>
<BR>[Calls]<UL><LI><a href="#[ae]">&gt;&gt;</a>&nbsp;&nbsp;&nbsp;xQueueGenericSend
<LI><a href="#[83]">&gt;&gt;</a>&nbsp;&nbsp;&nbsp;vTaskDelay
</UL>
<BR>[Address Reference Count : 1]<UL><LI> main.o(.text.SystemCreatTask)
</UL>
<P><STRONG><a name="[c9]"></a>vListInitialise</STRONG> (Thumb, 22 bytes, Stack size 0 bytes, list.o(.text.vListInitialise))
<BR><BR>[Called By]<UL><LI><a href="#[c8]">&gt;&gt;</a>&nbsp;&nbsp;&nbsp;prvCheckForValidListAndQueue
<LI><a href="#[a2]">&gt;&gt;</a>&nbsp;&nbsp;&nbsp;xTaskCreate
<LI><a href="#[8c]">&gt;&gt;</a>&nbsp;&nbsp;&nbsp;xQueueGenericCreate
</UL>

<P><STRONG><a name="[e8]"></a>vListInitialiseItem</STRONG> (Thumb, 6 bytes, Stack size 0 bytes, list.o(.text.vListInitialiseItem))
<BR><BR>[Called By]<UL><LI><a href="#[a2]">&gt;&gt;</a>&nbsp;&nbsp;&nbsp;xTaskCreate
</UL>

<P><STRONG><a name="[c7]"></a>vListInsert</STRONG> (Thumb, 58 bytes, Stack size 8 bytes, list.o(.text.vListInsert))
<BR><BR>[Stack]<UL><LI>Max Depth = 8<LI>Call Chain = vListInsert
</UL>
<BR>[Called By]<UL><LI><a href="#[d1]">&gt;&gt;</a>&nbsp;&nbsp;&nbsp;prvProcessExpiredTimer
<LI><a href="#[6a]">&gt;&gt;</a>&nbsp;&nbsp;&nbsp;prvTimerTask
<LI><a href="#[c5]">&gt;&gt;</a>&nbsp;&nbsp;&nbsp;prvAddCurrentTaskToDelayedList
<LI><a href="#[db]">&gt;&gt;</a>&nbsp;&nbsp;&nbsp;vTaskPlaceOnEventList
<LI><a href="#[83]">&gt;&gt;</a>&nbsp;&nbsp;&nbsp;vTaskDelay
</UL>

<P><STRONG><a name="[da]"></a>vListInsertEnd</STRONG> (Thumb, 28 bytes, Stack size 0 bytes, list.o(.text.vListInsertEnd))
<BR><BR>[Called By]<UL><LI><a href="#[a3]">&gt;&gt;</a>&nbsp;&nbsp;&nbsp;vTaskDelete
</UL>

<P><STRONG><a name="[9f]"></a>vPortEnterCritical</STRONG> (Thumb, 70 bytes, Stack size 0 bytes, port.o(.text.vPortEnterCritical))
<BR><BR>[Called By]<UL><LI><a href="#[67]">&gt;&gt;</a>&nbsp;&nbsp;&nbsp;SystemCreatTask
<LI><a href="#[c8]">&gt;&gt;</a>&nbsp;&nbsp;&nbsp;prvCheckForValidListAndQueue
<LI><a href="#[a3]">&gt;&gt;</a>&nbsp;&nbsp;&nbsp;vTaskDelete
<LI><a href="#[a2]">&gt;&gt;</a>&nbsp;&nbsp;&nbsp;xTaskCreate
<LI><a href="#[69]">&gt;&gt;</a>&nbsp;&nbsp;&nbsp;prvIdleTask
<LI><a href="#[a1]">&gt;&gt;</a>&nbsp;&nbsp;&nbsp;xQueueAddToSet
<LI><a href="#[d5]">&gt;&gt;</a>&nbsp;&nbsp;&nbsp;vQueueWaitForMessageRestricted
<LI><a href="#[af]">&gt;&gt;</a>&nbsp;&nbsp;&nbsp;uxQueueSpacesAvailable
<LI><a href="#[b0]">&gt;&gt;</a>&nbsp;&nbsp;&nbsp;uxQueueMessagesWaiting
<LI><a href="#[ad]">&gt;&gt;</a>&nbsp;&nbsp;&nbsp;xQueueReceive
<LI><a href="#[b3]">&gt;&gt;</a>&nbsp;&nbsp;&nbsp;xQueueSemaphoreTake
<LI><a href="#[e4]">&gt;&gt;</a>&nbsp;&nbsp;&nbsp;xTaskCheckForTimeOut
<LI><a href="#[d6]">&gt;&gt;</a>&nbsp;&nbsp;&nbsp;prvUnlockQueue
<LI><a href="#[d4]">&gt;&gt;</a>&nbsp;&nbsp;&nbsp;xTaskResumeAll
<LI><a href="#[ae]">&gt;&gt;</a>&nbsp;&nbsp;&nbsp;xQueueGenericSend
<LI><a href="#[8c]">&gt;&gt;</a>&nbsp;&nbsp;&nbsp;xQueueGenericCreate
</UL>

<P><STRONG><a name="[a4]"></a>vPortExitCritical</STRONG> (Thumb, 46 bytes, Stack size 0 bytes, port.o(.text.vPortExitCritical))
<BR><BR>[Called By]<UL><LI><a href="#[67]">&gt;&gt;</a>&nbsp;&nbsp;&nbsp;SystemCreatTask
<LI><a href="#[c8]">&gt;&gt;</a>&nbsp;&nbsp;&nbsp;prvCheckForValidListAndQueue
<LI><a href="#[a3]">&gt;&gt;</a>&nbsp;&nbsp;&nbsp;vTaskDelete
<LI><a href="#[a2]">&gt;&gt;</a>&nbsp;&nbsp;&nbsp;xTaskCreate
<LI><a href="#[69]">&gt;&gt;</a>&nbsp;&nbsp;&nbsp;prvIdleTask
<LI><a href="#[a1]">&gt;&gt;</a>&nbsp;&nbsp;&nbsp;xQueueAddToSet
<LI><a href="#[d5]">&gt;&gt;</a>&nbsp;&nbsp;&nbsp;vQueueWaitForMessageRestricted
<LI><a href="#[af]">&gt;&gt;</a>&nbsp;&nbsp;&nbsp;uxQueueSpacesAvailable
<LI><a href="#[b0]">&gt;&gt;</a>&nbsp;&nbsp;&nbsp;uxQueueMessagesWaiting
<LI><a href="#[ad]">&gt;&gt;</a>&nbsp;&nbsp;&nbsp;xQueueReceive
<LI><a href="#[b3]">&gt;&gt;</a>&nbsp;&nbsp;&nbsp;xQueueSemaphoreTake
<LI><a href="#[e4]">&gt;&gt;</a>&nbsp;&nbsp;&nbsp;xTaskCheckForTimeOut
<LI><a href="#[d6]">&gt;&gt;</a>&nbsp;&nbsp;&nbsp;prvUnlockQueue
<LI><a href="#[d4]">&gt;&gt;</a>&nbsp;&nbsp;&nbsp;xTaskResumeAll
<LI><a href="#[ae]">&gt;&gt;</a>&nbsp;&nbsp;&nbsp;xQueueGenericSend
<LI><a href="#[8c]">&gt;&gt;</a>&nbsp;&nbsp;&nbsp;xQueueGenericCreate
</UL>

<P><STRONG><a name="[cb]"></a>vPortFree</STRONG> (Thumb, 194 bytes, Stack size 16 bytes, heap_4.o(.text.vPortFree))
<BR><BR>[Stack]<UL><LI>Max Depth = 92<LI>Call Chain = vPortFree &rArr; xTaskResumeAll &rArr; xTaskIncrementTick
</UL>
<BR>[Calls]<UL><LI><a href="#[d4]">&gt;&gt;</a>&nbsp;&nbsp;&nbsp;xTaskResumeAll
<LI><a href="#[d2]">&gt;&gt;</a>&nbsp;&nbsp;&nbsp;vTaskSuspendAll
</UL>
<BR>[Called By]<UL><LI><a href="#[6a]">&gt;&gt;</a>&nbsp;&nbsp;&nbsp;prvTimerTask
<LI><a href="#[a3]">&gt;&gt;</a>&nbsp;&nbsp;&nbsp;vTaskDelete
<LI><a href="#[a2]">&gt;&gt;</a>&nbsp;&nbsp;&nbsp;xTaskCreate
<LI><a href="#[69]">&gt;&gt;</a>&nbsp;&nbsp;&nbsp;prvIdleTask
</UL>

<P><STRONG><a name="[df]"></a>vPortSetupTimerInterrupt</STRONG> (Thumb, 52 bytes, Stack size 0 bytes, port.o(.text.vPortSetupTimerInterrupt))
<BR><BR>[Called By]<UL><LI><a href="#[de]">&gt;&gt;</a>&nbsp;&nbsp;&nbsp;xPortStartScheduler
</UL>

<P><STRONG><a name="[ca]"></a>vQueueAddToRegistry</STRONG> (Thumb, 90 bytes, Stack size 16 bytes, queue.o(.text.vQueueAddToRegistry))
<BR><BR>[Stack]<UL><LI>Max Depth = 16<LI>Call Chain = vQueueAddToRegistry
</UL>
<BR>[Called By]<UL><LI><a href="#[c8]">&gt;&gt;</a>&nbsp;&nbsp;&nbsp;prvCheckForValidListAndQueue
</UL>

<P><STRONG><a name="[d5]"></a>vQueueWaitForMessageRestricted</STRONG> (Thumb, 70 bytes, Stack size 16 bytes, queue.o(.text.vQueueWaitForMessageRestricted))
<BR><BR>[Stack]<UL><LI>Max Depth = 88<LI>Call Chain = vQueueWaitForMessageRestricted &rArr; prvUnlockQueue &rArr; prvNotifyQueueSetContainer &rArr; xTaskPriorityDisinherit
</UL>
<BR>[Calls]<UL><LI><a href="#[d9]">&gt;&gt;</a>&nbsp;&nbsp;&nbsp;vTaskPlaceOnEventListRestricted
<LI><a href="#[d6]">&gt;&gt;</a>&nbsp;&nbsp;&nbsp;prvUnlockQueue
<LI><a href="#[a4]">&gt;&gt;</a>&nbsp;&nbsp;&nbsp;vPortExitCritical
[...]
<LI><a href="#[d8]">&gt;&gt;</a>&nbsp;&nbsp;&nbsp;pvPortMalloc
</UL>
<BR>[Called By]<UL><LI><a href="#[67]">&gt;&gt;</a>&nbsp;&nbsp;&nbsp;SystemCreatTask
<LI><a href="#[c8]">&gt;&gt;</a>&nbsp;&nbsp;&nbsp;prvCheckForValidListAndQueue
<LI><a href="#[88]">&gt;&gt;</a>&nbsp;&nbsp;&nbsp;KEY_Init
</UL>

<P><STRONG><a name="[ae]"></a>xQueueGenericSend</STRONG> (Thumb, 574 bytes, Stack size 56 bytes, queue.o(.text.xQueueGenericSend))
<BR><BR>[Stack]<UL><LI>Max Depth = 132<LI>Call Chain = xQueueGenericSend &rArr; xTaskResumeAll &rArr; xTaskIncrementTick
</UL>
<BR>[Calls]<UL><LI><a href="#[cd]">&gt;&gt;</a>&nbsp;&nbsp;&nbsp;__aeabi_memcpy
<LI><a href="#[ce]">&gt;&gt;</a>&nbsp;&nbsp;&nbsp;xTaskPriorityDisinherit
<LI><a href="#[db]">&gt;&gt;</a>&nbsp;&nbsp;&nbsp;vTaskPlaceOnEventList
<LI><a href="#[e4]">&gt;&gt;</a>&nbsp;&nbsp;&nbsp;xTaskCheckForTimeOut
<LI><a href="#[e3]">&gt;&gt;</a>&nbsp;&nbsp;&nbsp;vTaskInternalSetTimeOutState
<LI><a href="#[d0]">&gt;&gt;</a>&nbsp;&nbsp;&nbsp;xTaskRemoveFromEventList
<LI><a href="#[cc]">&gt;&gt;</a>&nbsp;&nbsp;&nbsp;prvNotifyQueueSetContainer
<LI><a href="#[d6]">&gt;&gt;</a>&nbsp;&nbsp;&nbsp;prvUnlockQueue
<LI><a href="#[a4]">&gt;&gt;</a>&nbsp;&nbsp;&nbsp;vPortExitCritical
<LI><a href="#[9f]">&gt;&gt;</a>&nbsp;&nbsp;&nbsp;vPortEnterCritical
<LI><a href="#[d4]">&gt;&gt;</a>&nbsp;&nbsp;&nbsp;xTaskResumeAll
<LI><a href="#[d2]">&gt;&gt;</a>&nbsp;&nbsp;&nbsp;vTaskSuspendAll
<LI><a href="#[82]">&gt;&gt;</a>&nbsp;&nbsp;&nbsp;xTaskGetSchedulerState
</UL>
<BR>[Called By]<UL><LI><a href="#[63]">&gt;&gt;</a>&nbsp;&nbsp;&nbsp;Task1
<LI><a href="#[64]">&gt;&gt;</a>&nbsp;&nbsp;&nbsp;vKey_Task
</UL>

<P><STRONG><a name="[ad]"></a>xQueueReceive</STRONG> (Thumb, 424 bytes, Stack size 56 bytes, queue.o(.text.xQueueReceive))
<BR><BR>[Stack]<UL><LI>Max Depth = 132<LI>Call Chain = xQueueReceive &rArr; xTaskResumeAll &rArr; xTaskIncrementTick
</UL>
<BR>[Calls]<UL><LI><a href="#[cd]">&gt;&gt;</a>&nbsp;&nbsp;&nbsp;__aeabi_memcpy
<LI><a href="#[db]">&gt;&gt;</a>&nbsp;&nbsp;&nbsp;vTaskPlaceOnEventList
<LI><a href="#[e4]">&gt;&gt;</a>&nbsp;&nbsp;&nbsp;xTaskCheckForTimeOut
<LI><a href="#[e3]">&gt;&gt;</a>&nbsp;&nbsp;&nbsp;vTaskInternalSetTimeOutState
<LI><a href="#[d0]">&gt;&gt;</a>&nbsp;&nbsp;&nbsp;xTaskRemoveFromEventList
<LI><a href="#[d6]">&gt;&gt;</a>&nbsp;&nbsp;&nbsp;prvUnlockQueue
<LI><a href="#[a4]">&gt;&gt;</a>&nbsp;&nbsp;&nbsp;vPortExitCritical
<LI><a href="#[9f]">&gt;&gt;</a>&nbsp;&nbsp;&nbsp;vPortEnterCritical
<LI><a href="#[d4]">&gt;&gt;</a>&nbsp;&nbsp;&nbsp;xTaskResumeAll
<LI><a href="#[d2]">&gt;&gt;</a>&nbsp;&nbsp;&nbsp;vTaskSuspendAll
<LI><a href="#[82]">&gt;&gt;</a>&nbsp;&nbsp;&nbsp;xTaskGetSchedulerState
</UL>
<BR>[Called By]<UL><LI><a href="#[65]">&gt;&gt;</a>&nbsp;&nbsp;&nbsp;Task2
<LI><a href="#[63]">&gt;&gt;</a>&nbsp;&nbsp;&nbsp;Task1
<LI><a href="#[6a]">&gt;&gt;</a>&nbsp;&nbsp;&nbsp;prvTimerTask
<LI><a href="#[b2]">&gt;&gt;</a>&nbsp;&nbsp;&nbsp;xQueueSelectFromSet
</UL>

<P><STRONG><a name="[b2]"></a>xQueueSelectFromSet</STRONG> (Thumb, 22 bytes, Stack size 16 bytes, queue.o(.text.xQueueSelectFromSet))
<BR><BR>[Stack]<UL><LI>Max Depth = 148<LI>Call Chain = xQueueSelectFromSet &rArr; xQueueReceive &rArr; xTaskResumeAll &rArr; xTaskIncrementTick
</UL>
<BR>[Calls]<UL><LI><a href="#[ad]">&gt;&gt;</a>&nbsp;&nbsp;&nbsp;xQueueReceive
</UL>
<BR>[Called By]<UL><LI><a href="#[65]">&gt;&gt;</a>&nbsp;&nbsp;&nbsp;Task2
</UL>

<P><STRONG><a name="[b3]"></a>xQueueSemaphoreTake</STRONG> (Thumb, 444 bytes, Stack size 64 bytes, queue.o(.text.xQueueSemaphoreTake))
<BR><BR>[Stack]<UL><LI>Max Depth = 140<LI>Call Chain = xQueueSemaphoreTake &rArr; xTaskResumeAll &rArr; xTaskIncrementTick
</UL>
<BR>[Calls]<UL><LI><a href="#[dc]">&gt;&gt;</a>&nbsp;&nbsp;&nbsp;vTaskPriorityDisinheritAfterTimeout
<LI><a href="#[e6]">&gt;&gt;</a>&nbsp;&nbsp;&nbsp;xTaskPriorityInherit
<LI><a href="#[e5]">&gt;&gt;</a>&nbsp;&nbsp;&nbsp;pvTaskIncrementMutexHeldCount
<LI><a href="#[db]">&gt;&gt;</a>&nbsp;&nbsp;&nbsp;vTaskPlaceOnEventList
<LI><a href="#[e4]">&gt;&gt;</a>&nbsp;&nbsp;&nbsp;xTaskCheckForTimeOut
<LI><a href="#[e3]">&gt;&gt;</a>&nbsp;&nbsp;&nbsp;vTaskInternalSetTimeOutState
<LI><a href="#[d0]">&gt;&gt;</a>&nbsp;&nbsp;&nbsp;xTaskRemoveFromEventList
<LI><a href="#[d6]">&gt;&gt;</a>&nbsp;&nbsp;&nbsp;prvUnlockQueue
<LI><a href="#[a4]">&gt;&gt;</a>&nbsp;&nbsp;&nbsp;vPortExitCritical
<LI><a href="#[9f]">&gt;&gt;</a>&nbsp;&nbsp;&nbsp;vPortEnterCritical
<LI><a href="#[d4]">&gt;&gt;</a>&nbsp;&nbsp;&nbsp;xTaskResumeAll
<LI><a href="#[d2]">&gt;&gt;</a>&nbsp;&nbsp;&nbsp;vTaskSuspendAll
<LI><a href="#[82]">&gt;&gt;</a>&nbsp;&nbsp;&nbsp;xTaskGetSchedulerState
</UL>
<BR>[Called By]<UL><LI><a href="#[65]">&gt;&gt;</a>&nbsp;&nbsp;&nbsp;Task2
</UL>

<P><STRONG><a name="[e4]"></a>xTaskCheckForTimeOut</STRONG> (Thumb, 140 bytes, Stack size 16 bytes, tasks.o(.text.xTaskCheckForTimeOut))
<BR><BR>[Stack]<UL><LI>Max Depth = 16<LI>Call Chain = xTaskCheckForTimeOut
</UL>
<BR>[Calls]<UL><LI><a href="#[a4]">&gt;&gt;</a>&nbsp;&nbsp;&nbsp;vPortExitCritical
<LI><a href="#[9f]">&gt;&gt;</a>&nbsp;&nbsp;&nbsp;vPortEnterCritical
</UL>
<BR>[Called By]<UL><LI><a href="#[ad]">&gt;&gt;</a>&nbsp;&nbsp;&nbsp;xQueueReceive
<LI><a href="#[b3]">&gt;&gt;</a>&nbsp;&nbsp;&nbsp;xQueueSemaphoreTake
<LI><a href="#[ae]">&gt;&gt;</a>&nbsp;&nbsp;&nbsp;xQueueGenericSend
</UL>

<P><STRONG><a name="[a2]"></a>xTaskCreate</STRONG> (Thumb, 506 bytes, Stack size 40 bytes, tasks.o(.text.xTaskCreate))
<BR><BR>[Stack]<UL><LI>Max Depth = 132<LI>Call Chain = xTaskCreate &rArr; vPortFree &rArr; xTaskResumeAll &rArr; xTaskIncrementTick
</UL>
<BR>[Calls]<UL><LI><a href="#[6f]">&gt;&gt;</a>&nbsp;&nbsp;&nbsp;__aeabi_memclr
<LI><a href="#[e7]">&gt;&gt;</a>&nbsp;&nbsp;&nbsp;__aeabi_memset4
<LI><a href="#[e9]">&gt;&gt;</a>&nbsp;&nbsp;&nbsp;pxPortInitialiseStack
<LI><a href="#[e8]">&gt;&gt;</a>&nbsp;&nbsp;&nbsp;vListInitialiseItem
<LI><a href="#[cb]">&gt;&gt;</a>&nbsp;&nbsp;&nbsp;vPortFree
<LI><a href="#[a4]">&gt;&gt;</a>&nbsp;&nbsp;&nbsp;vPortExitCritical
<LI><a href="#[9f]">&gt;&gt;</a>&nbsp;&nbsp;&nbsp;vPortEnterCritical
<LI><a href="#[c9]">&gt;&gt;</a>&nbsp;&nbsp;&nbsp;vListInitialise
<LI><a href="#[d8]">&gt;&gt;</a>&nbsp;&nbsp;&nbsp;pvPortMalloc
</UL>
<BR>[Called By]<UL><LI><a href="#[60]">&gt;&gt;</a>&nbsp;&nbsp;&nbsp;main
<LI><a href="#[67]">&gt;&gt;</a>&nbsp;&nbsp;&nbsp;SystemCreatTask
<LI><a href="#[dd]">&gt;&gt;</a>&nbsp;&nbsp;&nbsp;xTimerCreateTimerTask
<LI><a href="#[c4]">&gt;&gt;</a>&nbsp;&nbsp;&nbsp;vTaskStartScheduler
</UL>

<P><STRONG><a name="[82]"></a>xTaskGetSchedulerState</STRONG> (Thumb, 38 bytes, Stack size 0 bytes, tasks.o(.text.xTaskGetSchedulerState))
<BR><BR>[Called By]<UL><LI><a href="#[ad]">&gt;&gt;</a>&nbsp;&nbsp;&nbsp;xQueueReceive
<LI><a href="#[b3]">&gt;&gt;</a>&nbsp;&nbsp;&nbsp;xQueueSemaphoreTake
<LI><a href="#[9]">&gt;&gt;</a>&nbsp;&nbsp;&nbsp;SysTick_Handler
<LI><a href="#[81]">&gt;&gt;</a>&nbsp;&nbsp;&nbsp;Delay_ms
<LI><a href="#[ae]">&gt;&gt;</a>&nbsp;&nbsp;&nbsp;xQueueGenericSend
</UL>

<P><STRONG><a name="[d3]"></a>xTaskGetTickCount</STRONG> (Thumb, 12 bytes, Stack size 0 bytes, tasks.o(.text.xTaskGetTickCount))
<BR><BR>[Called By]<UL><LI><a href="#[6a]">&gt;&gt;</a>&nbsp;&nbsp;&nbsp;prvTimerTask
</UL>

<P><STRONG><a name="[e2]"></a>xTaskIncrementTick</STRONG> (Thumb, 442 bytes, Stack size 36 bytes, tasks.o(.text.xTaskIncrementTick))
<BR><BR>[Stack]<UL><LI>Max Depth = 36<LI>Call Chain = xTaskIncrementTick
</UL>
<BR>[Called By]<UL><LI><a href="#[d4]">&gt;&gt;</a>&nbsp;&nbsp;&nbsp;xTaskResumeAll
<LI><a href="#[9e]">&gt;&gt;</a>&nbsp;&nbsp;&nbsp;xPortSysTickHandler
</UL>

<P><STRONG><a name="[ce]"></a>xTaskPriorityDisinherit</STRONG> (Thumb, 210 bytes, Stack size 16 bytes, tasks.o(.text.xTaskPriorityDisinherit))
<BR><BR>[Stack]<UL><LI>Max Depth = 16<LI>Call Chain = xTaskPriorityDisinherit
</UL>
<BR>[Calls]<UL><LI><a href="#[c6]">&gt;&gt;</a>&nbsp;&nbsp;&nbsp;uxListRemove
</UL>
<BR>[Called By]<UL><LI><a href="#[cc]">&gt;&gt;</a>&nbsp;&nbsp;&nbsp;prvNotifyQueueSetContainer
<LI><a href="#[ae]">&gt;&gt;</a>&nbsp;&nbsp;&nbsp;xQueueGenericSend
</UL>

<P><STRONG><a name="[e6]"></a>xTaskPriorityInherit</STRONG> (Thumb, 192 bytes, Stack size 24 bytes, tasks.o(.text.xTaskPriorityInherit))
<BR><BR>[Stack]<UL><LI>Max Depth = 24<LI>Call Chain = xTaskPriorityInherit
</UL>
<BR>[Calls]<UL><LI><a href="#[c6]">&gt;&gt;</a>&nbsp;&nbsp;&nbsp;uxListRemove
</UL>
<BR>[Called By]<UL><LI><a href="#[b3]">&gt;&gt;</a>&nbsp;&nbsp;&nbsp;xQueueSemaphoreTake
</UL>

<P><STRONG><a name="[d0]"></a>xTaskRemoveFromEventList</STRONG> (Thumb, 232 bytes, Stack size 8 bytes, tasks.o(.text.xTaskRemoveFromEventList))
<BR><BR>[Stack]<UL><LI>Max Depth = 8<LI>Call Chain = xTaskRemoveFromEventList
</UL>
<BR>[Called By]<UL><LI><a href="#[ad]">&gt;&gt;</a>&nbsp;&nbsp;&nbsp;xQueueReceive
<LI><a href="#[b3]">&gt;&gt;</a>&nbsp;&nbsp;&nbsp;xQueueSemaphoreTake
<LI><a href="#[cc]">&gt;&gt;</a>&nbsp;&nbsp;&nbsp;prvNotifyQueueSetContainer
<LI><a href="#[d6]">&gt;&gt;</a>&nbsp;&nbsp;&nbsp;prvUnlockQueue
<LI><a href="#[ae]">&gt;&gt;</a>&nbsp;&nbsp;&nbsp;xQueueGenericSend
</UL>

<P><STRONG><a name="[d4]"></a>xTaskResumeAll</STRONG> (Thumb, 384 bytes, Stack size 40 bytes, tasks.o(.text.xTaskResumeAll))
<BR><BR>[Stack]<UL><LI>Max Depth = 76<LI>Call Chain = xTaskResumeAll &rArr; xTaskIncrementTick
</UL>
<BR>[Calls]<UL><LI><a href="#[e2]">&gt;&gt;</a>&nbsp;&nbsp;&nbsp;xTaskIncrementTick
<LI><a href="#[a4]">&gt;&gt;</a>&nbsp;&nbsp;&nbsp;vPortExitCritical
<LI><a href="#[9f]">&gt;&gt;</a>&nbsp;&nbsp;&nbsp;vPortEnterCritical
</UL>
<BR>[Called By]<UL><LI><a href="#[6a]">&gt;&gt;</a>&nbsp;&nbsp;&nbsp;prvTimerTask
<LI><a href="#[ad]">&gt;&gt;</a>&nbsp;&nbsp;&nbsp;xQueueReceive
<LI><a href="#[b3]">&gt;&gt;</a>&nbsp;&nbsp;&nbsp;xQueueSemaphoreTake
<LI><a href="#[cb]">&gt;&gt;</a>&nbsp;&nbsp;&nbsp;vPortFree
<LI><a href="#[d8]">&gt;&gt;</a>&nbsp;&nbsp;&nbsp;pvPortMalloc
<LI><a href="#[ae]">&gt;&gt;</a>&nbsp;&nbsp;&nbsp;xQueueGenericSend
<LI><a href="#[83]">&gt;&gt;</a>&nbsp;&nbsp;&nbsp;vTaskDelay
</UL>

<P><STRONG><a name="[dd]"></a>xTimerCreateTimerTask</STRONG> (Thumb, 88 bytes, Stack size 16 bytes, timers.o(.text.xTimerCreateTimerTask))
<BR><BR>[Stack]<UL><LI>Max Depth = 148<LI>Call Chain = xTimerCreateTimerTask &rArr; prvCheckForValidListAndQueue &rArr; xQueueGenericCreate &rArr; pvPortMalloc &rArr; xTaskResumeAll &rArr; xTaskIncrementTick
</UL>
<BR>[Calls]<UL><LI><a href="#[c8]">&gt;&gt;</a>&nbsp;&nbsp;&nbsp;prvCheckForValidListAndQueue
<LI><a href="#[a2]">&gt;&gt;</a>&nbsp;&nbsp;&nbsp;xTaskCreate
</UL>
<BR>[Called By]<UL><LI><a href="#[c4]">&gt;&gt;</a>&nbsp;&nbsp;&nbsp;vTaskStartScheduler
</UL>

<P><STRONG><a name="[ea]"></a>__0printf</STRONG> (Thumb, 22 bytes, Stack size 24 bytes, printfa.o(i.__0printf), UNUSED)
<BR><BR>[Calls]<UL><LI><a href="#[eb]">&gt;&gt;</a>&nbsp;&nbsp;&nbsp;_printf_core
</UL>

<P><STRONG><a name="[102]"></a>__1printf</STRONG> (Thumb, 0 bytes, Stack size 24 bytes, printfa.o(i.__0printf), UNUSED)

<P><STRONG><a name="[b1]"></a>__2printf</STRONG> (Thumb, 0 bytes, Stack size 24 bytes, printfa.o(i.__0printf))
<BR><BR>[Stack]<UL><LI>Max Depth = 24<LI>Call Chain = __2printf
</UL>
<BR>[Called By]<UL><LI><a href="#[65]">&gt;&gt;</a>&nbsp;&nbsp;&nbsp;Task2
</UL>

<P><STRONG><a name="[103]"></a>__c89printf</STRONG> (Thumb, 0 bytes, Stack size 24 bytes, printfa.o(i.__0printf), UNUSED)

<P><STRONG><a name="[104]"></a>printf</STRONG> (Thumb, 0 bytes, Stack size 24 bytes, printfa.o(i.__0printf), UNUSED)

<P><STRONG><a name="[105]"></a>__scatterload_copy</STRONG> (Thumb, 14 bytes, Stack size unknown bytes, handlers.o(i.__scatterload_copy), UNUSED)

<P><STRONG><a name="[106]"></a>__scatterload_null</STRONG> (Thumb, 2 bytes, Stack size unknown bytes, handlers.o(i.__scatterload_null), UNUSED)

<P><STRONG><a name="[107]"></a>__scatterload_zeroinit</STRONG> (Thumb, 14 bytes, Stack size unknown bytes, handlers.o(i.__scatterload_zeroinit), UNUSED)

<P><STRONG><a name="[8d]"></a>puts</STRONG> (Thumb, 30 bytes, Stack size 8 bytes, puts.o(i.puts))
<BR><BR>[Stack]<UL><LI>Max Depth = 24<LI>Call Chain = puts &rArr; fputc
</UL>
<BR>[Calls]<UL><LI><a href="#[6b]">&gt;&gt;</a>&nbsp;&nbsp;&nbsp;fputc
</UL>
<BR>[Called By]<UL><LI><a href="#[67]">&gt;&gt;</a>&nbsp;&nbsp;&nbsp;SystemCreatTask
<LI><a href="#[65]">&gt;&gt;</a>&nbsp;&nbsp;&nbsp;Task2
<LI><a href="#[88]">&gt;&gt;</a>&nbsp;&nbsp;&nbsp;KEY_Init
</UL>
<P>
<H3>
Local Symbols
</H3>
<P><STRONG><a name="[d6]"></a>prvUnlockQueue</STRONG> (Thumb, 132 bytes, Stack size 24 bytes, queue.o(.text.prvUnlockQueue))
<BR><BR>[Stack]<UL><LI>Max Depth = 72<LI>Call Chain = prvUnlockQueue &rArr; prvNotifyQueueSetContainer &rArr; xTaskPriorityDisinherit
</UL>
<BR>[Calls]<UL><LI><a href="#[d7]">&gt;&gt;</a>&nbsp;&nbsp;&nbsp;vTaskMissedYield
<LI><a href="#[d0]">&gt;&gt;</a>&nbsp;&nbsp;&nbsp;xTaskRemoveFromEventList
<LI><a href="#[cc]">&gt;&gt;</a>&nbsp;&nbsp;&nbsp;prvNotifyQueueSetContainer
<LI><a href="#[a4]">&gt;&gt;</a>&nbsp;&nbsp;&nbsp;vPortExitCritical
<LI><a href="#[9f]">&gt;&gt;</a>&nbsp;&nbsp;&nbsp;vPortEnterCritical
</UL>
<BR>[Called By]<UL><LI><a href="#[d5]">&gt;&gt;</a>&nbsp;&nbsp;&nbsp;vQueueWaitForMessageRestricted
<LI><a href="#[ad]">&gt;&gt;</a>&nbsp;&nbsp;&nbsp;xQueueReceive
<LI><a href="#[b3]">&gt;&gt;</a>&nbsp;&nbsp;&nbsp;xQueueSemaphoreTake
<LI><a href="#[ae]">&gt;&gt;</a>&nbsp;&nbsp;&nbsp;xQueueGenericSend
</UL>

<P><STRONG><a name="[cc]"></a>prvNotifyQueueSetContainer</STRONG> (Thumb, 204 bytes, Stack size 32 bytes, queue.o(.text.prvNotifyQueueSetContainer))
<BR><BR>[Stack]<UL><LI>Max Depth = 48<LI>Call Chain = prvNotifyQueueSetContainer &rArr; xTaskPriorityDisinherit
</UL>
<BR>[Calls]<UL><LI><a href="#[cd]">&gt;&gt;</a>&nbsp;&nbsp;&nbsp;__aeabi_memcpy
<LI><a href="#[cf]">&gt;&gt;</a>&nbsp;&nbsp;&nbsp;uxTaskGetNumberOfTasks
<LI><a href="#[ce]">&gt;&gt;</a>&nbsp;&nbsp;&nbsp;xTaskPriorityDisinherit
<LI><a href="#[d0]">&gt;&gt;</a>&nbsp;&nbsp;&nbsp;xTaskRemoveFromEventList
</UL>
<BR>[Called By]<UL><LI><a href="#[d6]">&gt;&gt;</a>&nbsp;&nbsp;&nbsp;prvUnlockQueue
<LI><a href="#[ae]">&gt;&gt;</a>&nbsp;&nbsp;&nbsp;xQueueGenericSend
</UL>

<P><STRONG><a name="[c5]"></a>prvAddCurrentTaskToDelayedList</STRONG> (Thumb, 192 bytes, Stack size 24 bytes, tasks.o(.text.prvAddCurrentTaskToDelayedList))
<BR><BR>[Stack]<UL><LI>Max Depth = 32<LI>Call Chain = prvAddCurrentTaskToDelayedList &rArr; vListInsert
</UL>
<BR>[Calls]<UL><LI><a href="#[c6]">&gt;&gt;</a>&nbsp;&nbsp;&nbsp;uxListRemove
<LI><a href="#[c7]">&gt;&gt;</a>&nbsp;&nbsp;&nbsp;vListInsert
</UL>
<BR>[Called By]<UL><LI><a href="#[d9]">&gt;&gt;</a>&nbsp;&nbsp;&nbsp;vTaskPlaceOnEventListRestricted
<LI><a href="#[db]">&gt;&gt;</a>&nbsp;&nbsp;&nbsp;vTaskPlaceOnEventList
</UL>

<P><STRONG><a name="[69]"></a>prvIdleTask</STRONG> (Thumb, 118 bytes, Stack size 0 bytes, tasks.o(.text.prvIdleTask))
<BR><BR>[Stack]<UL><LI>Max Depth = 92<LI>Call Chain = prvIdleTask &rArr; vPortFree &rArr; xTaskResumeAll &rArr; xTaskIncrementTick
</UL>
<BR>[Calls]<UL><LI><a href="#[c6]">&gt;&gt;</a>&nbsp;&nbsp;&nbsp;uxListRemove
<LI><a href="#[cb]">&gt;&gt;</a>&nbsp;&nbsp;&nbsp;vPortFree
<LI><a href="#[a4]">&gt;&gt;</a>&nbsp;&nbsp;&nbsp;vPortExitCritical
<LI><a href="#[9f]">&gt;&gt;</a>&nbsp;&nbsp;&nbsp;vPortEnterCritical
</UL>
<BR>[Address Reference Count : 1]<UL><LI> tasks.o(.text.vTaskStartScheduler)
</UL>
<P><STRONG><a name="[c8]"></a>prvCheckForValidListAndQueue</STRONG> (Thumb, 104 bytes, Stack size 16 bytes, timers.o(.text.prvCheckForValidListAndQueue))
<BR><BR>[Stack]<UL><LI>Max Depth = 132<LI>Call Chain = prvCheckForValidListAndQueue &rArr; xQueueGenericCreate &rArr; pvPortMalloc &rArr; xTaskResumeAll &rArr; xTaskIncrementTick
</UL>
<BR>[Calls]<UL><LI><a href="#[ca]">&gt;&gt;</a>&nbsp;&nbsp;&nbsp;vQueueAddToRegistry
<LI><a href="#[a4]">&gt;&gt;</a>&nbsp;&nbsp;&nbsp;vPortExitCritical
<LI><a href="#[9f]">&gt;&gt;</a>&nbsp;&nbsp;&nbsp;vPortEnterCritical
<LI><a href="#[c9]">&gt;&gt;</a>&nbsp;&nbsp;&nbsp;vListInitialise
<LI><a href="#[8c]">&gt;&gt;</a>&nbsp;&nbsp;&nbsp;xQueueGenericCreate
</UL>
<BR>[Called By]<UL><LI><a href="#[dd]">&gt;&gt;</a>&nbsp;&nbsp;&nbsp;xTimerCreateTimerTask
</UL>

<P><STRONG><a name="[6a]"></a>prvTimerTask</STRONG> (Thumb, 558 bytes, Stack size 16 bytes, timers.o(.text.prvTimerTask))
<BR><BR>[Stack]<UL><LI>Max Depth = 148<LI>Call Chain = prvTimerTask &rArr; xQueueReceive &rArr; xTaskResumeAll &rArr; xTaskIncrementTick
</UL>
<BR>[Calls]<UL><LI><a href="#[d1]">&gt;&gt;</a>&nbsp;&nbsp;&nbsp;prvProcessExpiredTimer
<LI><a href="#[d3]">&gt;&gt;</a>&nbsp;&nbsp;&nbsp;xTaskGetTickCount
<LI><a href="#[d5]">&gt;&gt;</a>&nbsp;&nbsp;&nbsp;vQueueWaitForMessageRestricted
<LI><a href="#[ad]">&gt;&gt;</a>&nbsp;&nbsp;&nbsp;xQueueReceive
<LI><a href="#[c6]">&gt;&gt;</a>&nbsp;&nbsp;&nbsp;uxListRemove
<LI><a href="#[c7]">&gt;&gt;</a>&nbsp;&nbsp;&nbsp;vListInsert
<LI><a href="#[cb]">&gt;&gt;</a>&nbsp;&nbsp;&nbsp;vPortFree
<LI><a href="#[d4]">&gt;&gt;</a>&nbsp;&nbsp;&nbsp;xTaskResumeAll
<LI><a href="#[d2]">&gt;&gt;</a>&nbsp;&nbsp;&nbsp;vTaskSuspendAll
</UL>
<BR>[Address Reference Count : 1]<UL><LI> timers.o(.text.xTimerCreateTimerTask)
</UL>
<P><STRONG><a name="[d1]"></a>prvProcessExpiredTimer</STRONG> (Thumb, 124 bytes, Stack size 32 bytes, timers.o(.text.prvProcessExpiredTimer))
<BR><BR>[Stack]<UL><LI>Max Depth = 40<LI>Call Chain = prvProcessExpiredTimer &rArr; vListInsert
</UL>
<BR>[Calls]<UL><LI><a href="#[c6]">&gt;&gt;</a>&nbsp;&nbsp;&nbsp;uxListRemove
<LI><a href="#[c7]">&gt;&gt;</a>&nbsp;&nbsp;&nbsp;vListInsert
</UL>
<BR>[Called By]<UL><LI><a href="#[6a]">&gt;&gt;</a>&nbsp;&nbsp;&nbsp;prvTimerTask
</UL>

<P><STRONG><a name="[68]"></a>prvTaskExitError</STRONG> (Thumb, 50 bytes, Stack size 4 bytes, port.o(.text.prvTaskExitError))
<BR><BR>[Stack]<UL><LI>Max Depth = 4<LI>Call Chain = prvTaskExitError
</UL>
<BR>[Address Reference Count : 1]<UL><LI> port.o(.text.pxPortInitialiseStack)
</UL>
<P><STRONG><a name="[e0]"></a>vPortEnableVFP</STRONG> (Thumb, 20 bytes, Stack size 0 bytes, port.o(.text.vPortEnableVFP))
<BR><BR>[Called By]<UL><LI><a href="#[de]">&gt;&gt;</a>&nbsp;&nbsp;&nbsp;xPortStartScheduler
</UL>

<P><STRONG><a name="[e1]"></a>prvPortStartFirstTask</STRONG> (Thumb, 40 bytes, Stack size 0 bytes, port.o(.text.prvPortStartFirstTask))
<BR><BR>[Called By]<UL><LI><a href="#[de]">&gt;&gt;</a>&nbsp;&nbsp;&nbsp;xPortStartScheduler
</UL>

<P><STRONG><a name="[ec]"></a>_fp_digits</STRONG> (Thumb, 366 bytes, Stack size 64 bytes, printfa.o(i._fp_digits), UNUSED)
<BR><BR>[Calls]<UL><LI><a href="#[7a]">&gt;&gt;</a>&nbsp;&nbsp;&nbsp;__aeabi_ddiv
<LI><a href="#[79]">&gt;&gt;</a>&nbsp;&nbsp;&nbsp;__aeabi_dmul
<LI><a href="#[72]">&gt;&gt;</a>&nbsp;&nbsp;&nbsp;__aeabi_dadd
<LI><a href="#[7b]">&gt;&gt;</a>&nbsp;&nbsp;&nbsp;__aeabi_uldivmod
<LI><a href="#[7d]">&gt;&gt;</a>&nbsp;&nbsp;&nbsp;__aeabi_d2ulz
<LI><a href="#[ed]">&gt;&gt;</a>&nbsp;&nbsp;&nbsp;__aeabi_cdrcmple
</UL>
<BR>[Called By]<UL><LI><a href="#[eb]">&gt;&gt;</a>&nbsp;&nbsp;&nbsp;_printf_core
</UL>

<P><STRONG><a name="[eb]"></a>_printf_core</STRONG> (Thumb, 1744 bytes, Stack size 136 bytes, printfa.o(i._printf_core), UNUSED)
<BR><BR>[Calls]<UL><LI><a href="#[7b]">&gt;&gt;</a>&nbsp;&nbsp;&nbsp;__aeabi_uldivmod
<LI><a href="#[f0]">&gt;&gt;</a>&nbsp;&nbsp;&nbsp;__aeabi_uidivmod
<LI><a href="#[ee]">&gt;&gt;</a>&nbsp;&nbsp;&nbsp;_printf_pre_padding
<LI><a href="#[ef]">&gt;&gt;</a>&nbsp;&nbsp;&nbsp;_printf_post_padding
<LI><a href="#[ec]">&gt;&gt;</a>&nbsp;&nbsp;&nbsp;_fp_digits
</UL>
<BR>[Called By]<UL><LI><a href="#[ea]">&gt;&gt;</a>&nbsp;&nbsp;&nbsp;__0printf
</UL>

<P><STRONG><a name="[ef]"></a>_printf_post_padding</STRONG> (Thumb, 36 bytes, Stack size 24 bytes, printfa.o(i._printf_post_padding), UNUSED)
<BR><BR>[Called By]<UL><LI><a href="#[eb]">&gt;&gt;</a>&nbsp;&nbsp;&nbsp;_printf_core
</UL>

<P><STRONG><a name="[ee]"></a>_printf_pre_padding</STRONG> (Thumb, 46 bytes, Stack size 24 bytes, printfa.o(i._printf_pre_padding), UNUSED)
<BR><BR>[Called By]<UL><LI><a href="#[eb]">&gt;&gt;</a>&nbsp;&nbsp;&nbsp;_printf_core
</UL>
<P>
<H3>
Undefined Global Symbols
</H3><HR></body></html>
