<html>
<body>
<pre>
<h1>�Vision Build Log</h1>
<h2>Tool Versions:</h2>
IDE-Version: ��Vision V5.41.0.0
Copyright (C) 2024 ARM Ltd and ARM Germany GmbH. All rights reserved.
License Information: 1 MOMING, 1, LIC=14HV2-91TXI-568Q2-92FBC-MD3AZ-Z0KWP
 
Tool Versions:
Toolchain:       MDK-ARM Plus  Version: 5.41.0.0
Toolchain Path:  D:\Keil_v5\ARM\ARMCLANG\Bin
C Compiler:      ArmClang.exe V6.22
Assembler:       Armasm.exe V6.22
Linker/Locator:  ArmLink.exe V6.22
Library Manager: ArmAr.exe V6.22
Hex Converter:   FromElf.exe V6.22
CPU DLL:         SARMCM3.DLL V5.41.0.0
Dialog DLL:      DARMSTM.DLL V1.69.1.0
Target DLL:      STLink\ST-LINKIII-KEIL_SWO.dll V3.3.0.0
Dialog DLL:      TARMSTM.DLL V1.67.1.0
 
<h2>Project:</h2>
e:\STM32\TEST\Queue_SET\Project.uvprojx
Project File Date:  05/18/2025

<h2>Output:</h2>
*** Using Compiler 'V6.22', folder: 'D:\Keil_v5\ARM\ARMCLANG\Bin'
Rebuild target 'Target 1'
compiling stm32f4xx_dcmi.c...
compiling stm32f4xx_dbgmcu.c...
compiling stm32f4xx_cryp_des.c...
assembling startup_stm32f446xx.s...
compiling stm32f4xx_adc.c...
compiling stm32f4xx_dfsdm.c...
compiling stm32f4xx_cec.c...
compiling stm32f4xx_cryp.c...
compiling stm32f4xx_dac.c...
compiling stm32f4xx_crc.c...
compiling system_stm32f4xx.c...
compiling stm32f4xx_cryp_tdes.c...
compiling stm32f4xx_dsi.c...
compiling stm32f4xx_dma.c...
compiling stm32f4xx_can.c...
compiling stm32f4xx_dma2d.c...
compiling stm32f4xx_flash_ramfunc.c...
compiling stm32f4xx_exti.c...
compiling stm32f4xx_flash.c...
compiling stm32f4xx_cryp_aes.c...
compiling stm32f4xx_gpio.c...
compiling stm32f4xx_fmpi2c.c...
compiling stm32f4xx_fmc.c...
compiling stm32f4xx_hash_md5.c...
compiling stm32f4xx_hash.c...
compiling stm32f4xx_hash_sha1.c...
compiling stm32f4xx_iwdg.c...
compiling stm32f4xx_lptim.c...
compiling stm32f4xx_i2c.c...
compiling stm32f4xx_pwr.c...
compiling stm32f4xx_ltdc.c...
compiling stm32f4xx_rng.c...
compiling stm32f4xx_qspi.c...
compiling stm32f4xx_sai.c...
compiling stm32f4xx_rcc.c...
compiling stm32f4xx_rtc.c...
compiling stm32f4xx_spdifrx.c...
compiling stm32f4xx_syscfg.c...
compiling stm32f4xx_sdio.c...
compiling stm32f4xx_wwdg.c...
compiling misc.c...
compiling LED.c...
compiling stm32f4xx_spi.c...
compiling KEY.c...
compiling stm32f4xx_usart.c...
compiling NRF24L01.c...
compiling ROUKER.c...
compiling MPU6050.c...
compiling stm32f4xx_tim.c...
compiling LCD_SPI.c...
compiling LCD_Init.c...
compiling MPU6050_I2C.c...
compiling croutine.c...
compiling NRF24L01_SPI.c...
compiling W25Q128JV.c...
compiling list.c...
compiling TIMERx.c...
compiling USART.c...
compiling W25Q128JV_SPI.c...
compiling event_groups.c...
compiling Delay.c...
HardWare/LCD.c(3): warning: In file included from...
HardWare\LCD_Font.h(404): warning: illegal character encoding in string literal [-Winvalid-source-encoding]
  404 | "<D6><D0>",0x20,0x00,0x20,0x00,0x20,0x00,0xFE,0x03,0x22,0x02,0x22,0x02,0x22,0x02,0xFE,0x03,
      |  ^~~~~~~~
HardWare\LCD_Font.h(429): warning: illegal character encoding in string literal [-Winvalid-source-encoding]
  429 | "<B4><F3>",0x00,0x00,0x00,0x00,0x08,0x00,0x00,0x18,0x00,0x00,0x08,0x00,0x00,0x08,0x00,0x00,
      |  ^~~~~~~~
HardWare\LCD_Font.h(444): warning: illegal character encoding in string literal [-Winvalid-source-encoding]
  444 | "<DB><E0>",0x00,0x00,0x00,0x00,0x00,0x00,0x00,0x00,0x00,0x00,0x00,0x00,0x00,0x00,0x00,0x00,
      |  ^~~~~~~~
3 warnings generated.
compiling LCD.c...
compiling queue.c...
compiling heap_4.c...
compiling port.c...
compiling stm32f4xx_it.c...
compiling timers.c...
compiling stream_buffer.c...
compiling tasks.c...
User/main.c(54): warning: illegal character encoding in string literal [-Winvalid-source-encoding]
   54 |                         dynamic_display_stack_info("<CA>ͷ<C5><D0>ź<C5><C1><BF>");
      |                                                     ^~~~ ~~~~~~~~ ~~~~~~~~~~~~
User/main.c(59): warning: illegal character encoding in string literal [-Winvalid-source-encoding]
   59 |                         dynamic_display_stack_info("<CA>ͷŶ<D3><C1><D0>");
      |                                                     ^~~~  ~~~~~~~~~~~~
User/main.c(76): warning: illegal character encoding in string literal [-Winvalid-source-encoding]
   76 |                         printf("<B6><D3><C1><D0>״̬: ʣ<D3><E0>=%ld, <B5>ȴ<FD><C8><CE><CE><F1>=%ld\n", 
      |                                 ^~~~~~~~~~~~~~~~    ~~~~~~~~      ~~~~ ~~~~~~~~~~~~~~~~~~~~
User/main.c(83): warning: illegal character encoding in string literal [-Winvalid-source-encoding]
   83 |                         printf("<D0>ź<C5><C1><BF><BB><F1>ȡ\r\n");
      |                                 ^~~~ ~~~~~~~~~~~~~~~~~~~~
User/main.c(105): warning: illegal character encoding in string literal [-Winvalid-source-encoding]
  105 |                 printf("<B6><D3><C1>м<AF><B4><B4><BD><A8><B3>ɹ<A6>\r\n");
      |                         ^~~~~~~~~~~~ ~~~~~~~~~~~~~~~~~~~~~~~~ ~~~~
User/main.c(106): warning: illegal character encoding in string literal [-Winvalid-source-encoding]
  106 |                 Display_GB2312_String(0, current_line * 1, 24, (uint8_t*)"<B6><D3><C1>м<AF><B4><B4><BD><A8><B3>ɹ<A6>", BLACK, WHITE);
      |                                                                           ^~~~~~~~~~~~ ~~~~~~~~~~~~~~~~~~~~~~~~ ~~~~
User/main.c(111): warning: illegal character encoding in string literal [-Winvalid-source-encoding]
  111 |                 printf("<B6><D3><C1>д<B4><BD><A8><B3>ɹ<A6>\r\n");
      |                         ^~~~~~~~~~~~ ~~~~~~~~~~~~~~~~ ~~~~
User/main.c(112): warning: illegal character encoding in string literal [-Winvalid-source-encoding]
  112 |                 Display_GB2312_String(0, current_line * 2, 24, (uint8_t*)"<B6><D3><C1>д<B4><BD><A8><B3>ɹ<A6>", BLACK, WHITE);
      |                                                                           ^~~~~~~~~~~~ ~~~~~~~~~~~~~~~~ ~~~~
User/main.c(117): warning: illegal character encoding in string literal [-Winvalid-source-encoding]
  117 |                 printf("<D0>ź<C5><C1><BF><B4><B4><BD><A8><B3>ɹ<A6>\r\n");
      |                         ^~~~ ~~~~~~~~~~~~~~~~~~~~~~~~~~~~~~~~ ~~~~
User/main.c(118): warning: illegal character encoding in string literal [-Winvalid-source-encoding]
  118 |                 Display_GB2312_String(0, current_line * 3, 24, (uint8_t*)"<B4><B4><BD><A8><B3>ɹ<A6>", BLACK, WHITE);
      |                                                                           ^~~~~~~~~~~~~~~~~~~~ ~~~~
User/main.c(122): warning: illegal character encoding in string literal [-Winvalid-source-encoding]
  122 |                 printf("<D0>ź<C5><C1><BF><CC><ED><BC>ӳɹ<A6>\r\n");
      |                         ^~~~ ~~~~~~~~~~~~~~~~~~~~~~~~  ~~~~
User/main.c(123): warning: illegal character encoding in string literal [-Winvalid-source-encoding]
  123 |                 Display_GB2312_String(0, current_line*4, 24, (uint8_t*)"<D0>ź<C5><C1><BF><CC><ED><BC>ӳɹ<A6>", BLACK, WHITE);
      |                                                                         ^~~~ ~~~~~~~~~~~~~~~~~~~~~~~~  ~~~~
User/main.c(127): warning: illegal character encoding in string literal [-Winvalid-source-encoding]
  127 |                 printf("<B6><D3><C1><D0><CC><ED><BC>ӳɹ<A6>\r\n");
      |                         ^~~~~~~~~~~~~~~~~~~~~~~~~~~~  ~~~~
User/main.c(128): warning: illegal character encoding in string literal [-Winvalid-source-encoding]
  128 |                 Display_GB2312_String(0, current_line*5, 24, (uint8_t*)"<B6><D3><C1><D0><CC><ED><BC>ӳɹ<A6>", BLACK, WHITE);
      |                                                                         ^~~~~~~~~~~~~~~~~~~~~~~~~~~~  ~~~~
14 warnings generated.
compiling main.c...
linking...
Program Size: Code=20248 RO-data=540 RW-data=16 ZI-data=79056  
FromELF: creating hex file...
".\Objects\Project.axf" - 0 Error(s), 17 Warning(s).

<h2>Software Packages used:</h2>

Package Vendor: Keil
                https://www.keil.com/pack/Keil.STM32F4xx_DFP.3.0.0.pack
                Keil::STM32F4xx_DFP@3.0.0
                STMicroelectronics STM32F4 Series Device Support

<h2>Collection of Component include folders:</h2>

<h2>Collection of Component Files used:</h2>
Build Time Elapsed:  00:00:03
</pre>
</body>
</html>
